Archive member included to satisfy reference by file (symbol)

c:/st/stm32cubeide_1.9.0/stm32cubeide/plugins/com.st.stm32cube.ide.mcu.externaltools.gnu-tools-for-stm32.10.3-2021.10.win32_1.0.100.202210260954/tools/bin/../lib/gcc/arm-none-eabi/10.3.1/../../../../arm-none-eabi/lib/thumb/v7e-m+fp/hard\libstdc++_nano.a(del_ops.o)
                              ./Core/Src/Block.o (operator delete(void*, unsigned int))
c:/st/stm32cubeide_1.9.0/stm32cubeide/plugins/com.st.stm32cube.ide.mcu.externaltools.gnu-tools-for-stm32.10.3-2021.10.win32_1.0.100.202210260954/tools/bin/../lib/gcc/arm-none-eabi/10.3.1/../../../../arm-none-eabi/lib/thumb/v7e-m+fp/hard\libstdc++_nano.a(del_op.o)
                              c:/st/stm32cubeide_1.9.0/stm32cubeide/plugins/com.st.stm32cube.ide.mcu.externaltools.gnu-tools-for-stm32.10.3-2021.10.win32_1.0.100.202210260954/tools/bin/../lib/gcc/arm-none-eabi/10.3.1/../../../../arm-none-eabi/lib/thumb/v7e-m+fp/hard\libstdc++_nano.a(del_ops.o) (operator delete(void*))
c:/st/stm32cubeide_1.9.0/stm32cubeide/plugins/com.st.stm32cube.ide.mcu.externaltools.gnu-tools-for-stm32.10.3-2021.10.win32_1.0.100.202210260954/tools/bin/../lib/gcc/arm-none-eabi/10.3.1/../../../../arm-none-eabi/lib/thumb/v7e-m+fp/hard\libm.a(lib_a-s_cos.o)
                              ./Core/Src/ssd1306.o (cos)
c:/st/stm32cubeide_1.9.0/stm32cubeide/plugins/com.st.stm32cube.ide.mcu.externaltools.gnu-tools-for-stm32.10.3-2021.10.win32_1.0.100.202210260954/tools/bin/../lib/gcc/arm-none-eabi/10.3.1/../../../../arm-none-eabi/lib/thumb/v7e-m+fp/hard\libm.a(lib_a-s_sin.o)
                              ./Core/Src/ssd1306.o (sin)
c:/st/stm32cubeide_1.9.0/stm32cubeide/plugins/com.st.stm32cube.ide.mcu.externaltools.gnu-tools-for-stm32.10.3-2021.10.win32_1.0.100.202210260954/tools/bin/../lib/gcc/arm-none-eabi/10.3.1/../../../../arm-none-eabi/lib/thumb/v7e-m+fp/hard\libm.a(lib_a-e_rem_pio2.o)
                              c:/st/stm32cubeide_1.9.0/stm32cubeide/plugins/com.st.stm32cube.ide.mcu.externaltools.gnu-tools-for-stm32.10.3-2021.10.win32_1.0.100.202210260954/tools/bin/../lib/gcc/arm-none-eabi/10.3.1/../../../../arm-none-eabi/lib/thumb/v7e-m+fp/hard\libm.a(lib_a-s_cos.o) (__ieee754_rem_pio2)
c:/st/stm32cubeide_1.9.0/stm32cubeide/plugins/com.st.stm32cube.ide.mcu.externaltools.gnu-tools-for-stm32.10.3-2021.10.win32_1.0.100.202210260954/tools/bin/../lib/gcc/arm-none-eabi/10.3.1/../../../../arm-none-eabi/lib/thumb/v7e-m+fp/hard\libm.a(lib_a-k_cos.o)
                              c:/st/stm32cubeide_1.9.0/stm32cubeide/plugins/com.st.stm32cube.ide.mcu.externaltools.gnu-tools-for-stm32.10.3-2021.10.win32_1.0.100.202210260954/tools/bin/../lib/gcc/arm-none-eabi/10.3.1/../../../../arm-none-eabi/lib/thumb/v7e-m+fp/hard\libm.a(lib_a-s_cos.o) (__kernel_cos)
c:/st/stm32cubeide_1.9.0/stm32cubeide/plugins/com.st.stm32cube.ide.mcu.externaltools.gnu-tools-for-stm32.10.3-2021.10.win32_1.0.100.202210260954/tools/bin/../lib/gcc/arm-none-eabi/10.3.1/../../../../arm-none-eabi/lib/thumb/v7e-m+fp/hard\libm.a(lib_a-k_rem_pio2.o)
                              c:/st/stm32cubeide_1.9.0/stm32cubeide/plugins/com.st.stm32cube.ide.mcu.externaltools.gnu-tools-for-stm32.10.3-2021.10.win32_1.0.100.202210260954/tools/bin/../lib/gcc/arm-none-eabi/10.3.1/../../../../arm-none-eabi/lib/thumb/v7e-m+fp/hard\libm.a(lib_a-e_rem_pio2.o) (__kernel_rem_pio2)
c:/st/stm32cubeide_1.9.0/stm32cubeide/plugins/com.st.stm32cube.ide.mcu.externaltools.gnu-tools-for-stm32.10.3-2021.10.win32_1.0.100.202210260954/tools/bin/../lib/gcc/arm-none-eabi/10.3.1/../../../../arm-none-eabi/lib/thumb/v7e-m+fp/hard\libm.a(lib_a-k_sin.o)
                              c:/st/stm32cubeide_1.9.0/stm32cubeide/plugins/com.st.stm32cube.ide.mcu.externaltools.gnu-tools-for-stm32.10.3-2021.10.win32_1.0.100.202210260954/tools/bin/../lib/gcc/arm-none-eabi/10.3.1/../../../../arm-none-eabi/lib/thumb/v7e-m+fp/hard\libm.a(lib_a-s_cos.o) (__kernel_sin)
c:/st/stm32cubeide_1.9.0/stm32cubeide/plugins/com.st.stm32cube.ide.mcu.externaltools.gnu-tools-for-stm32.10.3-2021.10.win32_1.0.100.202210260954/tools/bin/../lib/gcc/arm-none-eabi/10.3.1/../../../../arm-none-eabi/lib/thumb/v7e-m+fp/hard\libm.a(lib_a-s_fabs.o)
                              c:/st/stm32cubeide_1.9.0/stm32cubeide/plugins/com.st.stm32cube.ide.mcu.externaltools.gnu-tools-for-stm32.10.3-2021.10.win32_1.0.100.202210260954/tools/bin/../lib/gcc/arm-none-eabi/10.3.1/../../../../arm-none-eabi/lib/thumb/v7e-m+fp/hard\libm.a(lib_a-e_rem_pio2.o) (fabs)
c:/st/stm32cubeide_1.9.0/stm32cubeide/plugins/com.st.stm32cube.ide.mcu.externaltools.gnu-tools-for-stm32.10.3-2021.10.win32_1.0.100.202210260954/tools/bin/../lib/gcc/arm-none-eabi/10.3.1/../../../../arm-none-eabi/lib/thumb/v7e-m+fp/hard\libm.a(lib_a-s_floor.o)
[...]
Memory Configuration

Name             Origin             Length             Attributes
RAM              0x0000000020000000 0x0000000000008000 xrw
FLASH            0x0000000008000000 0x0000000000020000 xr
*default*        0x0000000000000000 0xffffffffffffffff

Linker script and memory map

LOAD c:/st/stm32cubeide_1.9.0/stm32cubeide/plugins/com.st.stm32cube.ide.mcu.externaltools.gnu-tools-for-stm32.10.3-2021.10.win32_1.0.100.202210260954/tools/bin/../lib/gcc/arm-none-eabi/10.3.1/thumb/v7e-m+fp/hard/crti.o
LOAD c:/st/stm32cubeide_1.9.0/stm32cubeide/plugins/com.st.stm32cube.ide.mcu.externaltools.gnu-tools-for-stm32.10.3-2021.10.win32_1.0.100.202210260954/tools/bin/../lib/gcc/arm-none-eabi/10.3.1/thumb/v7e-m+fp/hard/crtbegin.o
LOAD c:/st/stm32cubeide_1.9.0/stm32cubeide/plugins/com.st.stm32cube.ide.mcu.externaltools.gnu-tools-for-stm32.10.3-2021.10.win32_1.0.100.202210260954/tools/bin/../lib/gcc/arm-none-eabi/10.3.1/../../../../arm-none-eabi/lib/thumb/v7e-m+fp/hard/crt0.o
LOAD ./Core/Src/Block.o
LOAD ./Core/Src/Map.o
LOAD ./Core/Src/Mob.o
LOAD ./Core/Src/Player.o
LOAD ./Core/Src/Spike.o
LOAD ./Core/Src/gpio.o
LOAD ./Core/Src/i2c.o
LOAD ./Core/Src/main.o
LOAD ./Core/Src/ssd1306.o
LOAD ./Core/Src/ssd1306_fonts.o
LOAD ./Core/Src/ssd1306_tests.o
LOAD ./Core/Src/stm32g4xx_hal_msp.o
LOAD ./Core/Src/stm32g4xx_it.o
LOAD ./Core/Src/syscalls.o
LOAD ./Core/Src/sysmem.o
LOAD ./Core/Src/system_stm32g4xx.o
LOAD ./Core/Src/usart.o
LOAD ./Core/Startup/startup_stm32g431kbtx.o
LOAD ./Drivers/STM32G4xx_HAL_Driver/Src/stm32g4xx_hal.o
LOAD ./Drivers/STM32G4xx_HAL_Driver/Src/stm32g4xx_hal_cortex.o
LOAD ./Drivers/STM32G4xx_HAL_Driver/Src/stm32g4xx_hal_dma.o
LOAD ./Drivers/STM32G4xx_HAL_Driver/Src/stm32g4xx_hal_dma_ex.o
LOAD ./Drivers/STM32G4xx_HAL_Driver/Src/stm32g4xx_hal_exti.o
LOAD ./Drivers/STM32G4xx_HAL_Driver/Src/stm32g4xx_hal_flash.o
LOAD ./Drivers/STM32G4xx_HAL_Driver/Src/stm32g4xx_hal_flash_ex.o
LOAD ./Drivers/STM32G4xx_HAL_Driver/Src/stm32g4xx_hal_flash_ramfunc.o
LOAD ./Drivers/STM32G4xx_HAL_Driver/Src/stm32g4xx_hal_gpio.o
LOAD ./Drivers/STM32G4xx_HAL_Driver/Src/stm32g4xx_hal_i2c.o
LOAD ./Drivers/STM32G4xx_HAL_Driver/Src/stm32g4xx_hal_i2c_ex.o
LOAD ./Drivers/STM32G4xx_HAL_Driver/Src/stm32g4xx_hal_pwr.o
LOAD ./Drivers/STM32G4xx_HAL_Driver/Src/stm32g4xx_hal_pwr_ex.o
LOAD ./Drivers/STM32G4xx_HAL_Driver/Src/stm32g4xx_hal_rcc.o
LOAD ./Drivers/STM32G4xx_HAL_Driver/Src/stm32g4xx_hal_rcc_ex.o
LOAD ./Drivers/STM32G4xx_HAL_Driver/Src/stm32g4xx_hal_tim.o
LOAD ./Drivers/STM32G4xx_HAL_Driver/Src/stm32g4xx_hal_tim_ex.o
LOAD ./Drivers/STM32G4xx_HAL_Driver/Src/stm32g4xx_hal_uart.o
LOAD ./Drivers/STM32G4xx_HAL_Driver/Src/stm32g4xx_hal_uart_ex.o
START GROUP
LOAD c:/st/stm32cubeide_1.9.0/stm32cubeide/plugins/com.st.stm32cube.ide.mcu.externaltools.gnu-tools-for-stm32.10.3-2021.10.win32_1.0.100.202210260954/tools/bin/../lib/gcc/arm-none-eabi/10.3.1/../../../../arm-none-eabi/lib/thumb/v7e-m+fp/hard\libstdc++_nano.a
LOAD c:/st/stm32cubeide_1.9.0/stm32cubeide/plugins/com.st.stm32cube.ide.mcu.externaltools.gnu-tools-for-stm32.10.3-2021.10.win32_1.0.100.202210260954/tools/bin/../lib/gcc/arm-none-eabi/10.3.1/../../../../arm-none-eabi/lib/thumb/v7e-m+fp/hard\libsupc++_nano.a
END GROUP
LOAD c:/st/stm32cubeide_1.9.0/stm32cubeide/plugins/com.st.stm32cube.ide.mcu.externaltools.gnu-tools-for-stm32.10.3-2021.10.win32_1.0.100.202210260954/tools/bin/../lib/gcc/arm-none-eabi/10.3.1/../../../../arm-none-eabi/lib/thumb/v7e-m+fp/hard\libstdc++_nano.a
LOAD c:/st/stm32cubeide_1.9.0/stm32cubeide/plugins/com.st.stm32cube.ide.mcu.externaltools.gnu-tools-for-stm32.10.3-2021.10.win32_1.0.100.202210260954/tools/bin/../lib/gcc/arm-none-eabi/10.3.1/../../../../arm-none-eabi/lib/thumb/v7e-m+fp/hard\libm.a
LOAD c:/st/stm32cubeide_1.9.0/stm32cubeide/plugins/com.st.stm32cube.ide.mcu.externaltools.gnu-tools-for-stm32.10.3-2021.10.win32_1.0.100.202210260954/tools/bin/../lib/gcc/arm-none-eabi/10.3.1/../../../../arm-none-eabi/lib/thumb/v7e-m+fp/hard\libc_nano.a
START GROUP
LOAD c:/st/stm32cubeide_1.9.0/stm32cubeide/plugins/com.st.stm32cube.ide.mcu.externaltools.gnu-tools-for-stm32.10.3-2021.10.win32_1.0.100.202210260954/tools/bin/../lib/gcc/arm-none-eabi/10.3.1/thumb/v7e-m+fp/hard\libgcc.a
LOAD c:/st/stm32cubeide_1.9.0/stm32cubeide/plugins/com.st.stm32cube.ide.mcu.externaltools.gnu-tools-for-stm32.10.3-2021.10.win32_1.0.100.202210260954/tools/bin/../lib/gcc/arm-none-eabi/10.3.1/../../../../arm-none-eabi/lib/thumb/v7e-m+fp/hard\libc_nano.a
END GROUP
START GROUP
LOAD c:/st/stm32cubeide_1.9.0/stm32cubeide/plugins/com.st.stm32cube.ide.mcu.externaltools.gnu-tools-for-stm32.10.3-2021.10.win32_1.0.100.202210260954/tools/bin/../lib/gcc/arm-none-eabi/10.3.1/thumb/v7e-m+fp/hard\libgcc.a
LOAD c:/st/stm32cubeide_1.9.0/stm32cubeide/plugins/com.st.stm32cube.ide.mcu.externaltools.gnu-tools-for-stm32.10.3-2021.10.win32_1.0.100.202210260954/tools/bin/../lib/gcc/arm-none-eabi/10.3.1/../../../../arm-none-eabi/lib/thumb/v7e-m+fp/hard\libc_nano.a
END GROUP
LOAD c:/st/stm32cubeide_1.9.0/stm32cubeide/plugins/com.st.stm32cube.ide.mcu.externaltools.gnu-tools-for-stm32.10.3-2021.10.win32_1.0.100.202210260954/tools/bin/../lib/gcc/arm-none-eabi/10.3.1/thumb/v7e-m+fp/hard/crtend.o
LOAD c:/st/stm32cubeide_1.9.0/stm32cubeide/plugins/com.st.stm32cube.ide.mcu.externaltools.gnu-tools-for-stm32.10.3-2021.10.win32_1.0.100.202210260954/tools/bin/../lib/gcc/arm-none-eabi/10.3.1/thumb/v7e-m+fp/hard/crtn.o
                0x0000000020008000                _estack = (ORIGIN (RAM) + LENGTH (RAM))
                0x0000000000000200                _Min_Heap_Size = 0x200
                0x0000000000000400                _Min_Stack_Size = 0x400

.isr_vector     0x0000000008000000      0x1d8
                0x0000000008000000                . = ALIGN (0x4)
 *(.isr_vector)
 .isr_vector    0x0000000008000000      0x1d8 ./Core/Startup/startup_stm32g431kbtx.o
                0x0000000008000000                g_pfnVectors
                0x00000000080001d8                . = ALIGN (0x4)

.text           0x00000000080001d8     0x4778
                0x00000000080001d8                . = ALIGN (0x4)
 *(.text)
 .text          0x00000000080001d8       0x40 c:/st/stm32cubeide_1.9.0/stm32cubeide/plugins/com.st.stm32cube.ide.mcu.externaltools.gnu-tools-for-stm32.10.3-2021.10.win32_1.0.100.202210260954/tools/bin/../lib/gcc/arm-none-eabi/10.3.1/thumb/v7e-m+fp/hard/crtbegin.o
 .text          0x0000000008000218       0x30 c:/st/stm32cubeide_1.9.0/stm32cubeide/plugins/com.st.stm32cube.ide.mcu.externaltools.gnu-tools-for-stm32.10.3-2021.10.win32_1.0.100.202210260954/tools/bin/../lib/gcc/arm-none-eabi/10.3.1/thumb/v7e-m+fp/hard\libgcc.a(_aeabi_uldivmod.o)
                0x0000000008000218                __aeabi_uldivmod
 .text          0x0000000008000248      0x2d0 c:/st/stm32cubeide_1.9.0/stm32cubeide/plugins/com.st.stm32cube.ide.mcu.externaltools.gnu-tools-for-stm32.10.3-2021.10.win32_1.0.100.202210260954/tools/bin/../lib/gcc/arm-none-eabi/10.3.1/thumb/v7e-m+fp/hard\libgcc.a(_udivmoddi4.o)
                0x0000000008000248                __udivmoddi4
 .text          0x0000000008000518        0x4 c:/st/stm32cubeide_1.9.0/stm32cubeide/plugins/com.st.stm32cube.ide.mcu.externaltools.gnu-tools-for-stm32.10.3-2021.10.win32_1.0.100.202210260954/tools/bin/../lib/gcc/arm-none-eabi/10.3.1/thumb/v7e-m+fp/hard\libgcc.a(_dvmd_tls.o)
                0x0000000008000518                __aeabi_idiv0
                0x0000000008000518                __aeabi_ldiv0
 *(.text*)
 .text._ZN5BlockC2EiiiiPKhii
                0x000000000800051c       0x50 ./Core/Src/Block.o
                0x000000000800051c                Block::Block(int, int, int, int, unsigned char const*, int, int)
                0x000000000800051c                Block::Block(int, int, int, int, unsigned char const*, int, int)
 .text._ZN5Block11generateHITEv
                0x000000000800056c       0x40 ./Core/Src/Block.o
                0x000000000800056c                Block::generateHIT()
 .text._ZN5Block13Display_BlockEv
                0x00000000080005ac       0x38 ./Core/Src/Block.o
                0x00000000080005ac                Block::Display_Block()
 .text._ZN5Block5CheckERiR6Player
                0x00000000080005e4      0x112 ./Core/Src/Block.o
                0x00000000080005e4                Block::Check(int&, Player&)
 .text._ZN5Block10Move_BlockEiiRiR6Player
                0x00000000080006f6       0xc6 ./Core/Src/Block.o
                0x00000000080006f6                Block::Move_Block(int, int, int&, Player&)
 .text._ZN5Block15Change_positionEii
                0x00000000080007bc       0x24 ./Core/Src/Block.o
                0x00000000080007bc                Block::Change_position(int, int)
 .text._ZN5BlockD2Ev
                0x00000000080007e0       0x20 ./Core/Src/Block.o
                0x00000000080007e0                Block::~Block()
                0x00000000080007e0                Block::~Block()
 .text._ZN5BlockD0Ev
                0x0000000008000800       0x20 ./Core/Src/Block.o
                0x0000000008000800                Block::~Block()
 .text._ZN3MapC2EPKhiiii
                0x0000000008000820       0x44 ./Core/Src/Map.o
                0x0000000008000820                Map::Map(unsigned char const*, int, int, int, int)
                0x0000000008000820                Map::Map(unsigned char const*, int, int, int, int)
 .text._ZN3Map11Display_mapEv
                0x0000000008000864       0x38 ./Core/Src/Map.o
                0x0000000008000864                Map::Display_map()
 .text._ZN3MapD2Ev
                0x000000000800089c       0x20 ./Core/Src/Map.o
                0x000000000800089c                Map::~Map()
                0x000000000800089c                Map::~Map()
 .text._ZN3MapD0Ev
                0x00000000080008bc       0x20 ./Core/Src/Map.o
                0x00000000080008bc                Map::~Map()
 .text._ZN3MobC2EiiiiiPKhii
                0x00000000080008dc       0x58 ./Core/Src/Mob.o
                0x00000000080008dc                Mob::Mob(int, int, int, int, int, unsigned char const*, int, int)
                0x00000000080008dc                Mob::Mob(int, int, int, int, int, unsigned char const*, int, int)
 .text._ZN3Mob11generateHITEv
                0x0000000008000934       0x40 ./Core/Src/Mob.o
                0x0000000008000934                Mob::generateHIT()
 .text._ZN3Mob5checkER6Player
                0x0000000008000974       0xb4 ./Core/Src/Mob.o
                0x0000000008000974                Mob::check(Player&)
 .text._ZN3Mob8Move_mobEii
                0x0000000008000a28       0x72 ./Core/Src/Mob.o
                0x0000000008000a28                Mob::Move_mob(int, int)
 .text._ZN3Mob11Display_mobEv
                0x0000000008000a9a       0x40 ./Core/Src/Mob.o
                0x0000000008000a9a                Mob::Display_mob()
 *fill*         0x0000000008000ada        0x2 
 .text._ZN3MobD2Ev
                0x0000000008000adc       0x20 ./Core/Src/Mob.o
                0x0000000008000adc                Mob::~Mob()
                0x0000000008000adc                Mob::~Mob()
 .text._ZN3MobD0Ev
                0x0000000008000afc       0x20 ./Core/Src/Mob.o
                0x0000000008000afc                Mob::~Mob()
 .text._ZN6PlayerC2EiiiiiPKh
                0x0000000008000b1c       0x4c ./Core/Src/Player.o
                0x0000000008000b1c                Player::Player(int, int, int, int, int, unsigned char const*)
                0x0000000008000b1c                Player::Player(int, int, int, int, int, unsigned char const*)
 .text._ZN6Player14Display_PlayerEv
                0x0000000008000b68       0x38 ./Core/Src/Player.o
                0x0000000008000b68                Player::Display_Player()
 .text._ZN6Player21Display_Player_heartsEv
                0x0000000008000ba0       0xa4 ./Core/Src/Player.o
                0x0000000008000ba0                Player::Display_Player_hearts()
 .text._ZN6Player11generateHITEv
                0x0000000008000c44       0x40 ./Core/Src/Player.o
                0x0000000008000c44                Player::generateHIT()
 .text._ZN6PlayerD2Ev
                0x0000000008000c84       0x20 ./Core/Src/Player.o
                0x0000000008000c84                Player::~Player()
                0x0000000008000c84                Player::~Player()
 .text._ZN6PlayerD0Ev
                0x0000000008000ca4       0x20 ./Core/Src/Player.o
                0x0000000008000ca4                Player::~Player()
 .text._ZN5SpikeC2EiiiiPKh
                0x0000000008000cc4       0x44 ./Core/Src/Spike.o
                0x0000000008000cc4                Spike::Spike(int, int, int, int, unsigned char const*)
                0x0000000008000cc4                Spike::Spike(int, int, int, int, unsigned char const*)
 .text._ZN5Spike11generateHITEv
                0x0000000008000d08       0x40 ./Core/Src/Spike.o
                0x0000000008000d08                Spike::generateHIT()
 .text._ZN5Spike5CheckERiR6Player
                0x0000000008000d48       0xf8 ./Core/Src/Spike.o
                0x0000000008000d48                Spike::Check(int&, Player&)
 .text._ZN5Spike13Display_SpikeEv
                0x0000000008000e40       0x38 ./Core/Src/Spike.o
                0x0000000008000e40                Spike::Display_Spike()
 .text._ZN5Spike15Change_positionEii
                0x0000000008000e78       0x24 ./Core/Src/Spike.o
                0x0000000008000e78                Spike::Change_position(int, int)
 .text._ZN5SpikeD2Ev
                0x0000000008000e9c       0x20 ./Core/Src/Spike.o
                0x0000000008000e9c                Spike::~Spike()
                0x0000000008000e9c                Spike::~Spike()
 .text._ZN5SpikeD0Ev
                0x0000000008000ebc       0x20 ./Core/Src/Spike.o
                0x0000000008000ebc                Spike::~Spike()
 .text.MX_GPIO_Init
                0x0000000008000edc       0xb4 ./Core/Src/gpio.o
                0x0000000008000edc                MX_GPIO_Init
 .text.MX_I2C1_Init
                0x0000000008000f90       0x80 ./Core/Src/i2c.o
                0x0000000008000f90                MX_I2C1_Init
 .text.HAL_I2C_MspInit
                0x0000000008001010       0xec ./Core/Src/i2c.o
                0x0000000008001010                HAL_I2C_MspInit
 .text._Z4JumpR6PlayerRiS1_
                0x00000000080010fc       0x64 ./Core/Src/main.o
                0x00000000080010fc                Jump(Player&, int&, int&)
 .text._Z11GravitationR6PlayeriRi
                0x0000000008001160       0x46 ./Core/Src/main.o
                0x0000000008001160                Gravitation(Player&, int, int&)
 *fill*         0x00000000080011a6        0x2 
 .text._Z13Check_buttonsR6Playeri
                0x00000000080011a8       0x9c ./Core/Src/main.o
                0x00000000080011a8                Check_buttons(Player&, int)
 .text._Z19Display_Over_Screenv
                0x0000000008001244       0x38 ./Core/Src/main.o
                0x0000000008001244                Display_Over_Screen()
 .text._Z4Game6PlayerRiS0_
                0x000000000800127c      0x144 ./Core/Src/main.o
                0x000000000800127c                Game(Player, int&, int&)
 .text._ZN6PlayerC2ERKS_
                0x00000000080013c0       0x74 ./Core/Src/main.o
                0x00000000080013c0                Player::Player(Player const&)
                0x00000000080013c0                Player::Player(Player const&)
 .text.main     0x0000000008001434      0x134 ./Core/Src/main.o
                0x0000000008001434                main
 .text._Z18SystemClock_Configv
                0x0000000008001568       0xaa ./Core/Src/main.o
                0x0000000008001568                SystemClock_Config()
 .text.Error_Handler
                0x0000000008001612        0xa ./Core/Src/main.o
                0x0000000008001612                Error_Handler
 .text._Z41__static_initialization_and_destruction_0ii
                0x000000000800161c      0x138 ./Core/Src/main.o
 .text._GLOBAL__sub_I_map1
                0x0000000008001754       0x10 ./Core/Src/main.o
 .text._GLOBAL__sub_D_map1
                0x0000000008001764       0x10 ./Core/Src/main.o
 .text.ssd1306_Reset
                0x0000000008001774        0xe ./Core/Src/ssd1306.o
                0x0000000008001774                ssd1306_Reset
 *fill*         0x0000000008001782        0x2 
 .text.ssd1306_WriteCommand
                0x0000000008001784       0x30 ./Core/Src/ssd1306.o
                0x0000000008001784                ssd1306_WriteCommand
 .text.ssd1306_WriteData
                0x00000000080017b4       0x34 ./Core/Src/ssd1306.o
                0x00000000080017b4                ssd1306_WriteData
 .text.ssd1306_Init
                0x00000000080017e8       0xd4 ./Core/Src/ssd1306.o
                0x00000000080017e8                ssd1306_Init
 .text.ssd1306_Fill
                0x00000000080018bc       0x48 ./Core/Src/ssd1306.o
                0x00000000080018bc                ssd1306_Fill
 .text.ssd1306_UpdateScreen
                0x0000000008001904       0x50 ./Core/Src/ssd1306.o
                0x0000000008001904                ssd1306_UpdateScreen
 .text.ssd1306_DrawPixel
                0x0000000008001954       0xa8 ./Core/Src/ssd1306.o
                0x0000000008001954                ssd1306_DrawPixel
 .text.ssd1306_DrawBitmap
                0x00000000080019fc       0xb6 ./Core/Src/ssd1306.o
                0x00000000080019fc                ssd1306_DrawBitmap
 .text.ssd1306_SetContrast
                0x0000000008001ab2       0x26 ./Core/Src/ssd1306.o
                0x0000000008001ab2                ssd1306_SetContrast
 .text.ssd1306_SetDisplayOn
                0x0000000008001ad8       0x3c ./Core/Src/ssd1306.o
                0x0000000008001ad8                ssd1306_SetDisplayOn
 .text.HAL_MspInit
                0x0000000008001b14       0x48 ./Core/Src/stm32g4xx_hal_msp.o
                0x0000000008001b14                HAL_MspInit
 .text.NMI_Handler
                0x0000000008001b5c        0x6 ./Core/Src/stm32g4xx_it.o
                0x0000000008001b5c                NMI_Handler
 .text.HardFault_Handler
                0x0000000008001b62        0x6 ./Core/Src/stm32g4xx_it.o
                0x0000000008001b62                HardFault_Handler
 .text.MemManage_Handler
                0x0000000008001b68        0x6 ./Core/Src/stm32g4xx_it.o
                0x0000000008001b68                MemManage_Handler
 .text.BusFault_Handler
                0x0000000008001b6e        0x6 ./Core/Src/stm32g4xx_it.o
                0x0000000008001b6e                BusFault_Handler
 .text.UsageFault_Handler
                0x0000000008001b74        0x6 ./Core/Src/stm32g4xx_it.o
                0x0000000008001b74                UsageFault_Handler
 .text.SVC_Handler
                0x0000000008001b7a        0xe ./Core/Src/stm32g4xx_it.o
                0x0000000008001b7a                SVC_Handler
 .text.DebugMon_Handler
                0x0000000008001b88        0xe ./Core/Src/stm32g4xx_it.o
                0x0000000008001b88                DebugMon_Handler
 .text.PendSV_Handler
                0x0000000008001b96        0xe ./Core/Src/stm32g4xx_it.o
                0x0000000008001b96                PendSV_Handler
 .text.SysTick_Handler
                0x0000000008001ba4        0xc ./Core/Src/stm32g4xx_it.o
                0x0000000008001ba4                SysTick_Handler
 .text.SystemInit
                0x0000000008001bb0       0x24 ./Core/Src/system_stm32g4xx.o
                0x0000000008001bb0                SystemInit
 .text.MX_USART2_UART_Init
                0x0000000008001bd4       0x98 ./Core/Src/usart.o
                0x0000000008001bd4                MX_USART2_UART_Init
 .text.HAL_UART_MspInit
                0x0000000008001c6c       0xb0 ./Core/Src/usart.o
                0x0000000008001c6c                HAL_UART_MspInit
 .text.Reset_Handler
                0x0000000008001d1c       0x50 ./Core/Startup/startup_stm32g431kbtx.o
                0x0000000008001d1c                Reset_Handler
 .text.Default_Handler
                0x0000000008001d6c        0x2 ./Core/Startup/startup_stm32g431kbtx.o
                0x0000000008001d6c                RTC_Alarm_IRQHandler
                0x0000000008001d6c                EXTI2_IRQHandler
                0x0000000008001d6c                TIM8_TRG_COM_IRQHandler
                0x0000000008001d6c                TIM8_CC_IRQHandler
                0x0000000008001d6c                TIM1_CC_IRQHandler
                0x0000000008001d6c                USB_HP_IRQHandler
                0x0000000008001d6c                CORDIC_IRQHandler
                0x0000000008001d6c                EXTI3_IRQHandler
                0x0000000008001d6c                I2C3_ER_IRQHandler
                0x0000000008001d6c                EXTI0_IRQHandler
                0x0000000008001d6c                I2C2_EV_IRQHandler
                0x0000000008001d6c                FPU_IRQHandler
                0x0000000008001d6c                FDCAN1_IT1_IRQHandler
                0x0000000008001d6c                TIM1_UP_TIM16_IRQHandler
                0x0000000008001d6c                ADC1_2_IRQHandler
                0x0000000008001d6c                SPI1_IRQHandler
                0x0000000008001d6c                TIM6_DAC_IRQHandler
                0x0000000008001d6c                TIM8_UP_IRQHandler
                0x0000000008001d6c                DMA2_Channel2_IRQHandler
                0x0000000008001d6c                DMA1_Channel4_IRQHandler
                0x0000000008001d6c                USART3_IRQHandler
                0x0000000008001d6c                TIM4_IRQHandler
                0x0000000008001d6c                DMA2_Channel1_IRQHandler
                0x0000000008001d6c                I2C1_EV_IRQHandler
                0x0000000008001d6c                DMA1_Channel6_IRQHandler
                0x0000000008001d6c                UART4_IRQHandler
                0x0000000008001d6c                DMA2_Channel4_IRQHandler
                0x0000000008001d6c                TIM3_IRQHandler
                0x0000000008001d6c                RCC_IRQHandler
                0x0000000008001d6c                DMA1_Channel1_IRQHandler
                0x0000000008001d6c                Default_Handler
                0x0000000008001d6c                RTC_TAMP_LSECSS_IRQHandler
                0x0000000008001d6c                FMAC_IRQHandler
                0x0000000008001d6c                EXTI15_10_IRQHandler
                0x0000000008001d6c                TIM7_IRQHandler
                0x0000000008001d6c                UCPD1_IRQHandler
                0x0000000008001d6c                I2C3_EV_IRQHandler
                0x0000000008001d6c                EXTI9_5_IRQHandler
                0x0000000008001d6c                RTC_WKUP_IRQHandler
                0x0000000008001d6c                PVD_PVM_IRQHandler
                0x0000000008001d6c                SPI2_IRQHandler
                0x0000000008001d6c                DMA2_Channel5_IRQHandler
                0x0000000008001d6c                CRS_IRQHandler
                0x0000000008001d6c                DMA1_Channel5_IRQHandler
                0x0000000008001d6c                USB_LP_IRQHandler
                0x0000000008001d6c                EXTI4_IRQHandler
                0x0000000008001d6c                RNG_IRQHandler
                0x0000000008001d6c                TIM1_TRG_COM_TIM17_IRQHandler
                0x0000000008001d6c                DMA1_Channel3_IRQHandler
                0x0000000008001d6c                WWDG_IRQHandler
                0x0000000008001d6c                LPUART1_IRQHandler
                0x0000000008001d6c                DMA2_Channel6_IRQHandler
                0x0000000008001d6c                FDCAN1_IT0_IRQHandler
                0x0000000008001d6c                TIM2_IRQHandler
                0x0000000008001d6c                COMP1_2_3_IRQHandler
                0x0000000008001d6c                EXTI1_IRQHandler
                0x0000000008001d6c                USART2_IRQHandler
                0x0000000008001d6c                I2C2_ER_IRQHandler
                0x0000000008001d6c                DMA1_Channel2_IRQHandler
                0x0000000008001d6c                TIM8_BRK_IRQHandler
                0x0000000008001d6c                FLASH_IRQHandler
                0x0000000008001d6c                USART1_IRQHandler
                0x0000000008001d6c                SPI3_IRQHandler
                0x0000000008001d6c                I2C1_ER_IRQHandler
                0x0000000008001d6c                LPTIM1_IRQHandler
                0x0000000008001d6c                DMAMUX_OVR_IRQHandler
                0x0000000008001d6c                USBWakeUp_IRQHandler
                0x0000000008001d6c                SAI1_IRQHandler
                0x0000000008001d6c                DMA2_Channel3_IRQHandler
                0x0000000008001d6c                COMP4_IRQHandler
                0x0000000008001d6c                TIM1_BRK_TIM15_IRQHandler
 .text.HAL_Init
                0x0000000008001d6e       0x30 ./Drivers/STM32G4xx_HAL_Driver/Src/stm32g4xx_hal.o
                0x0000000008001d6e                HAL_Init
 *fill*         0x0000000008001d9e        0x2 
 .text.HAL_InitTick
                0x0000000008001da0       0x74 ./Drivers/STM32G4xx_HAL_Driver/Src/stm32g4xx_hal.o
                0x0000000008001da0                HAL_InitTick
 .text.HAL_IncTick
                0x0000000008001e14       0x24 ./Drivers/STM32G4xx_HAL_Driver/Src/stm32g4xx_hal.o
                0x0000000008001e14                HAL_IncTick
 .text.HAL_GetTick
                0x0000000008001e38       0x18 ./Drivers/STM32G4xx_HAL_Driver/Src/stm32g4xx_hal.o
                0x0000000008001e38                HAL_GetTick
 .text.HAL_Delay
                0x0000000008001e50       0x44 ./Drivers/STM32G4xx_HAL_Driver/Src/stm32g4xx_hal.o
                0x0000000008001e50                HAL_Delay
 .text.__NVIC_SetPriorityGrouping
                0x0000000008001e94       0x48 ./Drivers/STM32G4xx_HAL_Driver/Src/stm32g4xx_hal_cortex.o
 .text.__NVIC_GetPriorityGrouping
                0x0000000008001edc       0x1c ./Drivers/STM32G4xx_HAL_Driver/Src/stm32g4xx_hal_cortex.o
 .text.__NVIC_SetPriority
                0x0000000008001ef8       0x54 ./Drivers/STM32G4xx_HAL_Driver/Src/stm32g4xx_hal_cortex.o
 .text.NVIC_EncodePriority
                0x0000000008001f4c       0x66 ./Drivers/STM32G4xx_HAL_Driver/Src/stm32g4xx_hal_cortex.o
 *fill*         0x0000000008001fb2        0x2 
 .text.SysTick_Config
                0x0000000008001fb4       0x44 ./Drivers/STM32G4xx_HAL_Driver/Src/stm32g4xx_hal_cortex.o
 .text.HAL_NVIC_SetPriorityGrouping
                0x0000000008001ff8       0x16 ./Drivers/STM32G4xx_HAL_Driver/Src/stm32g4xx_hal_cortex.o
                0x0000000008001ff8                HAL_NVIC_SetPriorityGrouping
 .text.HAL_NVIC_SetPriority
                0x000000000800200e       0x34 ./Drivers/STM32G4xx_HAL_Driver/Src/stm32g4xx_hal_cortex.o
                0x000000000800200e                HAL_NVIC_SetPriority
 .text.HAL_SYSTICK_Config
                0x0000000008002042       0x18 ./Drivers/STM32G4xx_HAL_Driver/Src/stm32g4xx_hal_cortex.o
                0x0000000008002042                HAL_SYSTICK_Config
 *fill*         0x000000000800205a        0x2 
 .text.HAL_GPIO_Init
                0x000000000800205c      0x304 ./Drivers/STM32G4xx_HAL_Driver/Src/stm32g4xx_hal_gpio.o
                0x000000000800205c                HAL_GPIO_Init
 .text.HAL_GPIO_ReadPin
                0x0000000008002360       0x30 ./Drivers/STM32G4xx_HAL_Driver/Src/stm32g4xx_hal_gpio.o
                0x0000000008002360                HAL_GPIO_ReadPin
 .text.HAL_GPIO_WritePin
                0x0000000008002390       0x30 ./Drivers/STM32G4xx_HAL_Driver/Src/stm32g4xx_hal_gpio.o
                0x0000000008002390                HAL_GPIO_WritePin
 .text.HAL_I2C_Init
                0x00000000080023c0      0x11e ./Drivers/STM32G4xx_HAL_Driver/Src/stm32g4xx_hal_i2c.o
                0x00000000080023c0                HAL_I2C_Init
 *fill*         0x00000000080024de        0x2 
 .text.HAL_I2C_Mem_Write
                0x00000000080024e0      0x228 ./Drivers/STM32G4xx_HAL_Driver/Src/stm32g4xx_hal_i2c.o
                0x00000000080024e0                HAL_I2C_Mem_Write
 .text.I2C_RequestMemoryWrite
                0x0000000008002708       0xa8 ./Drivers/STM32G4xx_HAL_Driver/Src/stm32g4xx_hal_i2c.o
 .text.I2C_Flush_TXDR
                0x00000000080027b0       0x48 ./Drivers/STM32G4xx_HAL_Driver/Src/stm32g4xx_hal_i2c.o
 .text.I2C_WaitOnFlagUntilTimeout
                0x00000000080027f8       0x80 ./Drivers/STM32G4xx_HAL_Driver/Src/stm32g4xx_hal_i2c.o
 .text.I2C_WaitOnTXISFlagUntilTimeout
                0x0000000008002878       0x80 ./Drivers/STM32G4xx_HAL_Driver/Src/stm32g4xx_hal_i2c.o
 .text.I2C_WaitOnSTOPFlagUntilTimeout
                0x00000000080028f8       0x78 ./Drivers/STM32G4xx_HAL_Driver/Src/stm32g4xx_hal_i2c.o
 .text.I2C_IsErrorOccurred
                0x0000000008002970      0x1d8 ./Drivers/STM32G4xx_HAL_Driver/Src/stm32g4xx_hal_i2c.o
 .text.I2C_TransferConfig
                0x0000000008002b48       0x64 ./Drivers/STM32G4xx_HAL_Driver/Src/stm32g4xx_hal_i2c.o
 .text.HAL_I2CEx_ConfigAnalogFilter
                0x0000000008002bac       0x96 ./Drivers/STM32G4xx_HAL_Driver/Src/stm32g4xx_hal_i2c_ex.o
                0x0000000008002bac                HAL_I2CEx_ConfigAnalogFilter
 .text.HAL_I2CEx_ConfigDigitalFilter
                0x0000000008002c42       0x98 ./Drivers/STM32G4xx_HAL_Driver/Src/stm32g4xx_hal_i2c_ex.o
                0x0000000008002c42                HAL_I2CEx_ConfigDigitalFilter
 *fill*         0x0000000008002cda        0x2 
 .text.HAL_PWREx_ControlVoltageScaling
                0x0000000008002cdc      0x148 ./Drivers/STM32G4xx_HAL_Driver/Src/stm32g4xx_hal_pwr_ex.o
                0x0000000008002cdc                HAL_PWREx_ControlVoltageScaling
 .text.HAL_RCC_OscConfig
                0x0000000008002e24      0x630 ./Drivers/STM32G4xx_HAL_Driver/Src/stm32g4xx_hal_rcc.o
                0x0000000008002e24                HAL_RCC_OscConfig
 .text.HAL_RCC_ClockConfig
                0x0000000008003454      0x278 ./Drivers/STM32G4xx_HAL_Driver/Src/stm32g4xx_hal_rcc.o
                0x0000000008003454                HAL_RCC_ClockConfig
 .text.HAL_RCC_GetSysClockFreq
                0x00000000080036cc       0xc4 ./Drivers/STM32G4xx_HAL_Driver/Src/stm32g4xx_hal_rcc.o
                0x00000000080036cc                HAL_RCC_GetSysClockFreq
 .text.HAL_RCC_GetHCLKFreq
                0x0000000008003790       0x18 ./Drivers/STM32G4xx_HAL_Driver/Src/stm32g4xx_hal_rcc.o
                0x0000000008003790                HAL_RCC_GetHCLKFreq
 .text.HAL_RCC_GetPCLK1Freq
                0x00000000080037a8       0x2c ./Drivers/STM32G4xx_HAL_Driver/Src/stm32g4xx_hal_rcc.o
                0x00000000080037a8                HAL_RCC_GetPCLK1Freq
 .text.HAL_RCC_GetPCLK2Freq
                0x00000000080037d4       0x2c ./Drivers/STM32G4xx_HAL_Driver/Src/stm32g4xx_hal_rcc.o
                0x00000000080037d4                HAL_RCC_GetPCLK2Freq
 .text.RCC_GetSysClockFreqFromPLLSource
                0x0000000008003800       0x8c ./Drivers/STM32G4xx_HAL_Driver/Src/stm32g4xx_hal_rcc.o
 .text.HAL_RCCEx_PeriphCLKConfig
                0x000000000800388c      0x3e0 ./Drivers/STM32G4xx_HAL_Driver/Src/stm32g4xx_hal_rcc_ex.o
                0x000000000800388c                HAL_RCCEx_PeriphCLKConfig
 .text.HAL_UART_Init
                0x0000000008003c6c       0xa0 ./Drivers/STM32G4xx_HAL_Driver/Src/stm32g4xx_hal_uart.o
                0x0000000008003c6c                HAL_UART_Init
 .text.UART_SetConfig
                0x0000000008003d0c      0x598 ./Drivers/STM32G4xx_HAL_Driver/Src/stm32g4xx_hal_uart.o
                0x0000000008003d0c                UART_SetConfig
 .text.UART_AdvFeatureConfig
                0x00000000080042a4      0x144 ./Drivers/STM32G4xx_HAL_Driver/Src/stm32g4xx_hal_uart.o
                0x00000000080042a4                UART_AdvFeatureConfig
 .text.UART_CheckIdleState
                0x00000000080043e8       0x96 ./Drivers/STM32G4xx_HAL_Driver/Src/stm32g4xx_hal_uart.o
                0x00000000080043e8                UART_CheckIdleState
 .text.UART_WaitOnFlagUntilTimeout
                0x000000000800447e      0x190 ./Drivers/STM32G4xx_HAL_Driver/Src/stm32g4xx_hal_uart.o
                0x000000000800447e                UART_WaitOnFlagUntilTimeout
 .text.HAL_UARTEx_DisableFifoMode
                0x000000000800460e       0x72 ./Drivers/STM32G4xx_HAL_Driver/Src/stm32g4xx_hal_uart_ex.o
                0x000000000800460e                HAL_UARTEx_DisableFifoMode
 .text.HAL_UARTEx_SetTxFifoThreshold
                0x0000000008004680       0x7c ./Drivers/STM32G4xx_HAL_Driver/Src/stm32g4xx_hal_uart_ex.o
                0x0000000008004680                HAL_UARTEx_SetTxFifoThreshold
 .text.HAL_UARTEx_SetRxFifoThreshold
                0x00000000080046fc       0x7c ./Drivers/STM32G4xx_HAL_Driver/Src/stm32g4xx_hal_uart_ex.o
                0x00000000080046fc                HAL_UARTEx_SetRxFifoThreshold
 .text.UARTEx_SetNbDataToProcess
                0x0000000008004778       0x9c ./Drivers/STM32G4xx_HAL_Driver/Src/stm32g4xx_hal_uart_ex.o
 .text._ZdlPvj  0x0000000008004814        0x4 c:/st/stm32cubeide_1.9.0/stm32cubeide/plugins/com.st.stm32cube.ide.mcu.externaltools.gnu-tools-for-stm32.10.3-2021.10.win32_1.0.100.202210260954/tools/bin/../lib/gcc/arm-none-eabi/10.3.1/../../../../arm-none-eabi/lib/thumb/v7e-m+fp/hard\libstdc++_nano.a(del_ops.o)
                0x0000000008004814                operator delete(void*, unsigned int)
 .text._ZdlPv   0x0000000008004818        0x4 c:/st/stm32cubeide_1.9.0/stm32cubeide/plugins/com.st.stm32cube.ide.mcu.externaltools.gnu-tools-for-stm32.10.3-2021.10.win32_1.0.100.202210260954/tools/bin/../lib/gcc/arm-none-eabi/10.3.1/../../../../arm-none-eabi/lib/thumb/v7e-m+fp/hard\libstdc++_nano.a(del_op.o)
                0x0000000008004818                operator delete(void*)
 .text.__libc_init_array
                0x000000000800481c       0x48 c:/st/stm32cubeide_1.9.0/stm32cubeide/plugins/com.st.stm32cube.ide.mcu.externaltools.gnu-tools-for-stm32.10.3-2021.10.win32_1.0.100.202210260954/tools/bin/../lib/gcc/arm-none-eabi/10.3.1/../../../../arm-none-eabi/lib/thumb/v7e-m+fp/hard\libc_nano.a(lib_a-init.o)
                0x000000000800481c                __libc_init_array
 .text.free     0x0000000008004864       0x10 c:/st/stm32cubeide_1.9.0/stm32cubeide/plugins/com.st.stm32cube.ide.mcu.externaltools.gnu-tools-for-stm32.10.3-2021.10.win32_1.0.100.202210260954/tools/bin/../lib/gcc/arm-none-eabi/10.3.1/../../../../arm-none-eabi/lib/thumb/v7e-m+fp/hard\libc_nano.a(lib_a-malloc.o)
                0x0000000008004864                free
 .text.memset   0x0000000008004874       0x10 c:/st/stm32cubeide_1.9.0/stm32cubeide/plugins/com.st.stm32cube.ide.mcu.externaltools.gnu-tools-for-stm32.10.3-2021.10.win32_1.0.100.202210260954/tools/bin/../lib/gcc/arm-none-eabi/10.3.1/../../../../arm-none-eabi/lib/thumb/v7e-m+fp/hard\libc_nano.a(lib_a-memset.o)
                0x0000000008004874                memset
 .text._free_r  0x0000000008004884       0x98 c:/st/stm32cubeide_1.9.0/stm32cubeide/plugins/com.st.stm32cube.ide.mcu.externaltools.gnu-tools-for-stm32.10.3-2021.10.win32_1.0.100.202210260954/tools/bin/../lib/gcc/arm-none-eabi/10.3.1/../../../../arm-none-eabi/lib/thumb/v7e-m+fp/hard\libc_nano.a(lib_a-nano-freer.o)
                0x0000000008004884                _free_r
 .text.__malloc_lock
                0x000000000800491c        0xc c:/st/stm32cubeide_1.9.0/stm32cubeide/plugins/com.st.stm32cube.ide.mcu.externaltools.gnu-tools-for-stm32.10.3-2021.10.win32_1.0.100.202210260954/tools/bin/../lib/gcc/arm-none-eabi/10.3.1/../../../../arm-none-eabi/lib/thumb/v7e-m+fp/hard\libc_nano.a(lib_a-mlock.o)
                0x000000000800491c                __malloc_lock
 .text.__malloc_unlock
                0x0000000008004928        0xc c:/st/stm32cubeide_1.9.0/stm32cubeide/plugins/com.st.stm32cube.ide.mcu.externaltools.gnu-tools-for-stm32.10.3-2021.10.win32_1.0.100.202210260954/tools/bin/../lib/gcc/arm-none-eabi/10.3.1/../../../../arm-none-eabi/lib/thumb/v7e-m+fp/hard\libc_nano.a(lib_a-mlock.o)
                0x0000000008004928                __malloc_unlock
 .text.__retarget_lock_acquire_recursive
                0x0000000008004934        0x2 c:/st/stm32cubeide_1.9.0/stm32cubeide/plugins/com.st.stm32cube.ide.mcu.externaltools.gnu-tools-for-stm32.10.3-2021.10.win32_1.0.100.202210260954/tools/bin/../lib/gcc/arm-none-eabi/10.3.1/../../../../arm-none-eabi/lib/thumb/v7e-m+fp/hard\libc_nano.a(lib_a-lock.o)
                0x0000000008004934                __retarget_lock_acquire_recursive
 .text.__retarget_lock_release_recursive
                0x0000000008004936        0x2 c:/st/stm32cubeide_1.9.0/stm32cubeide/plugins/com.st.stm32cube.ide.mcu.externaltools.gnu-tools-for-stm32.10.3-2021.10.win32_1.0.100.202210260954/tools/bin/../lib/gcc/arm-none-eabi/10.3.1/../../../../arm-none-eabi/lib/thumb/v7e-m+fp/hard\libc_nano.a(lib_a-lock.o)
                0x0000000008004936                __retarget_lock_release_recursive
 *(.glue_7)
 .glue_7        0x0000000008004938        0x0 linker stubs
 *(.glue_7t)
 .glue_7t       0x0000000008004938        0x0 linker stubs
 *(.eh_frame)
 .eh_frame      0x0000000008004938        0x0 c:/st/stm32cubeide_1.9.0/stm32cubeide/plugins/com.st.stm32cube.ide.mcu.externaltools.gnu-tools-for-stm32.10.3-2021.10.win32_1.0.100.202210260954/tools/bin/../lib/gcc/arm-none-eabi/10.3.1/thumb/v7e-m+fp/hard/crtbegin.o
 *(.init)
 .init          0x0000000008004938        0x4 c:/st/stm32cubeide_1.9.0/stm32cubeide/plugins/com.st.stm32cube.ide.mcu.externaltools.gnu-tools-for-stm32.10.3-2021.10.win32_1.0.100.202210260954/tools/bin/../lib/gcc/arm-none-eabi/10.3.1/thumb/v7e-m+fp/hard/crti.o
                0x0000000008004938                _init
 .init          0x000000000800493c        0x8 c:/st/stm32cubeide_1.9.0/stm32cubeide/plugins/com.st.stm32cube.ide.mcu.externaltools.gnu-tools-for-stm32.10.3-2021.10.win32_1.0.100.202210260954/tools/bin/../lib/gcc/arm-none-eabi/10.3.1/thumb/v7e-m+fp/hard/crtn.o
 *(.fini)
 .fini          0x0000000008004944        0x4 c:/st/stm32cubeide_1.9.0/stm32cubeide/plugins/com.st.stm32cube.ide.mcu.externaltools.gnu-tools-for-stm32.10.3-2021.10.win32_1.0.100.202210260954/tools/bin/../lib/gcc/arm-none-eabi/10.3.1/thumb/v7e-m+fp/hard/crti.o
                0x0000000008004944                _fini
 .fini          0x0000000008004948        0x8 c:/st/stm32cubeide_1.9.0/stm32cubeide/plugins/com.st.stm32cube.ide.mcu.externaltools.gnu-tools-for-stm32.10.3-2021.10.win32_1.0.100.202210260954/tools/bin/../lib/gcc/arm-none-eabi/10.3.1/thumb/v7e-m+fp/hard/crtn.o
                0x0000000008004950                . = ALIGN (0x4)
                0x0000000008004950                _etext = .

.vfp11_veneer   0x0000000008004950        0x0
 .vfp11_veneer  0x0000000008004950        0x0 linker stubs

.v4_bx          0x0000000008004950        0x0
 .v4_bx         0x0000000008004950        0x0 linker stubs

.iplt           0x0000000008004950        0x0
 .iplt          0x0000000008004950        0x0 c:/st/stm32cubeide_1.9.0/stm32cubeide/plugins/com.st.stm32cube.ide.mcu.externaltools.gnu-tools-for-stm32.10.3-2021.10.win32_1.0.100.202210260954/tools/bin/../lib/gcc/arm-none-eabi/10.3.1/thumb/v7e-m+fp/hard/crtbegin.o

.rodata         0x0000000008004950      0x8c4
                0x0000000008004950                . = ALIGN (0x4)
 *(.rodata)
 *(.rodata*)
 .rodata._ZTV5Block
                0x0000000008004950       0x10 ./Core/Src/Block.o
                0x0000000008004950                vtable for Block
 .rodata._ZTV3Map
                0x0000000008004960       0x10 ./Core/Src/Map.o
                0x0000000008004960                vtable for Map
 .rodata._ZTV3Mob
                0x0000000008004970       0x10 ./Core/Src/Mob.o
                0x0000000008004970                vtable for Mob
 .rodata._ZL12Bitmap_heart
                0x0000000008004980        0x5 ./Core/Src/Player.o
 *fill*         0x0000000008004985        0x3 
 .rodata._ZTV6Player
                0x0000000008004988       0x10 ./Core/Src/Player.o
                0x0000000008004988                vtable for Player
 .rodata._ZTV5Spike
                0x0000000008004998       0x10 ./Core/Src/Spike.o
                0x0000000008004998                vtable for Spike
 .rodata._ZL16Bitmap_game_over
                0x00000000080049a8      0x400 ./Core/Src/main.o
 .rodata._ZL10Bitmap_map
                0x0000000008004da8      0x400 ./Core/Src/main.o
 .rodata._ZL11Bitmap_boxi
                0x00000000080051a8        0x8 ./Core/Src/main.o
 .rodata._ZL12Bitmap_block
                0x00000000080051b0       0x14 ./Core/Src/main.o
 .rodata._ZL10Bitmap_mob
                0x00000000080051c4        0x8 ./Core/Src/main.o
 .rodata._ZL12Bitmap_spike
                0x00000000080051cc        0x5 ./Core/Src/main.o
 *fill*         0x00000000080051d1        0x3 
 .rodata.AHBPrescTable
                0x00000000080051d4       0x10 ./Core/Src/system_stm32g4xx.o
                0x00000000080051d4                AHBPrescTable
 .rodata.APBPrescTable
                0x00000000080051e4        0x8 ./Core/Src/system_stm32g4xx.o
                0x00000000080051e4                APBPrescTable
 .rodata.UARTPrescTable
                0x00000000080051ec       0x18 ./Drivers/STM32G4xx_HAL_Driver/Src/stm32g4xx_hal_uart.o
                0x00000000080051ec                UARTPrescTable
 .rodata.numerator.1
                0x0000000008005204        0x8 ./Drivers/STM32G4xx_HAL_Driver/Src/stm32g4xx_hal_uart_ex.o
 .rodata.denominator.0
                0x000000000800520c        0x8 ./Drivers/STM32G4xx_HAL_Driver/Src/stm32g4xx_hal_uart_ex.o
                0x0000000008005214                . = ALIGN (0x4)

.ARM.extab      0x0000000008005214        0x0
                0x0000000008005214                . = ALIGN (0x4)
 *(.ARM.extab* .gnu.linkonce.armextab.*)
                0x0000000008005214                . = ALIGN (0x4)

.ARM            0x0000000008005214        0x8
                0x0000000008005214                . = ALIGN (0x4)
                0x0000000008005214                __exidx_start = .
 *(.ARM.exidx*)
 .ARM.exidx     0x0000000008005214        0x8 c:/st/stm32cubeide_1.9.0/stm32cubeide/plugins/com.st.stm32cube.ide.mcu.externaltools.gnu-tools-for-stm32.10.3-2021.10.win32_1.0.100.202210260954/tools/bin/../lib/gcc/arm-none-eabi/10.3.1/thumb/v7e-m+fp/hard\libgcc.a(_udivmoddi4.o)
                0x000000000800521c                __exidx_end = .
                0x000000000800521c                . = ALIGN (0x4)

.rel.dyn        0x000000000800521c        0x0
 .rel.iplt      0x000000000800521c        0x0 c:/st/stm32cubeide_1.9.0/stm32cubeide/plugins/com.st.stm32cube.ide.mcu.externaltools.gnu-tools-for-stm32.10.3-2021.10.win32_1.0.100.202210260954/tools/bin/../lib/gcc/arm-none-eabi/10.3.1/thumb/v7e-m+fp/hard/crtbegin.o

.preinit_array  0x000000000800521c        0x0
                0x000000000800521c                . = ALIGN (0x4)
                0x000000000800521c                PROVIDE (__preinit_array_start = .)
 *(.preinit_array*)
                0x000000000800521c                PROVIDE (__preinit_array_end = .)
                0x000000000800521c                . = ALIGN (0x4)

.init_array     0x000000000800521c        0x8
                0x000000000800521c                . = ALIGN (0x4)
                0x000000000800521c                PROVIDE (__init_array_start = .)
 *(SORT_BY_NAME(.init_array.*))
 *(.init_array*)
 .init_array    0x000000000800521c        0x4 c:/st/stm32cubeide_1.9.0/stm32cubeide/plugins/com.st.stm32cube.ide.mcu.externaltools.gnu-tools-for-stm32.10.3-2021.10.win32_1.0.100.202210260954/tools/bin/../lib/gcc/arm-none-eabi/10.3.1/thumb/v7e-m+fp/hard/crtbegin.o
 .init_array    0x0000000008005220        0x4 ./Core/Src/main.o
                0x0000000008005224                PROVIDE (__init_array_end = .)
                0x0000000008005224                . = ALIGN (0x4)

.fini_array     0x0000000008005224        0x8
                0x0000000008005224                . = ALIGN (0x4)
                [!provide]                        PROVIDE (__fini_array_start = .)
 *(SORT_BY_NAME(.fini_array.*))
 *(.fini_array*)
 .fini_array    0x0000000008005224        0x4 c:/st/stm32cubeide_1.9.0/stm32cubeide/plugins/com.st.stm32cube.ide.mcu.externaltools.gnu-tools-for-stm32.10.3-2021.10.win32_1.0.100.202210260954/tools/bin/../lib/gcc/arm-none-eabi/10.3.1/thumb/v7e-m+fp/hard/crtbegin.o
 .fini_array    0x0000000008005228        0x4 ./Core/Src/main.o
                [!provide]                        PROVIDE (__fini_array_end = .)
                0x000000000800522c                . = ALIGN (0x4)
                0x000000000800522c                _sidata = LOADADDR (.data)

.data           0x0000000020000000       0x74 load address 0x000000000800522c
                0x0000000020000000                . = ALIGN (0x4)
                0x0000000020000000                _sdata = .
 *(.data)
 *(.data*)
 .data.ground_level
                0x0000000020000000        0x4 ./Core/Src/main.o
                0x0000000020000000                ground_level
 .data.SystemCoreClock
                0x0000000020000004        0x4 ./Core/Src/system_stm32g4xx.o
                0x0000000020000004                SystemCoreClock
 .data.uwTickPrio
                0x0000000020000008        0x4 ./Drivers/STM32G4xx_HAL_Driver/Src/stm32g4xx_hal.o
                0x0000000020000008                uwTickPrio
 .data.uwTickFreq
                0x000000002000000c        0x4 ./Drivers/STM32G4xx_HAL_Driver/Src/stm32g4xx_hal.o
                0x000000002000000c                uwTickFreq
 .data._impure_ptr
                0x0000000020000010        0x4 c:/st/stm32cubeide_1.9.0/stm32cubeide/plugins/com.st.stm32cube.ide.mcu.externaltools.gnu-tools-for-stm32.10.3-2021.10.win32_1.0.100.202210260954/tools/bin/../lib/gcc/arm-none-eabi/10.3.1/../../../../arm-none-eabi/lib/thumb/v7e-m+fp/hard\libc_nano.a(lib_a-impure.o)
                0x0000000020000010                _impure_ptr
 .data.impure_data
                0x0000000020000014       0x60 c:/st/stm32cubeide_1.9.0/stm32cubeide/plugins/com.st.stm32cube.ide.mcu.externaltools.gnu-tools-for-stm32.10.3-2021.10.win32_1.0.100.202210260954/tools/bin/../lib/gcc/arm-none-eabi/10.3.1/../../../../arm-none-eabi/lib/thumb/v7e-m+fp/hard\libc_nano.a(lib_a-impure.o)
 *(.RamFunc)
 *(.RamFunc*)
                0x0000000020000074                . = ALIGN (0x4)
                0x0000000020000074                _edata = .

.igot.plt       0x0000000020000074        0x0 load address 0x00000000080052a0
 .igot.plt      0x0000000020000074        0x0 c:/st/stm32cubeide_1.9.0/stm32cubeide/plugins/com.st.stm32cube.ide.mcu.externaltools.gnu-tools-for-stm32.10.3-2021.10.win32_1.0.100.202210260954/tools/bin/../lib/gcc/arm-none-eabi/10.3.1/thumb/v7e-m+fp/hard/crtbegin.o
                0x0000000020000074                . = ALIGN (0x4)

.bss            0x0000000020000074      0x884 load address 0x00000000080052a0
                0x0000000020000074                _sbss = .
                0x0000000020000074                __bss_start__ = _sbss
 *(.bss)
 .bss           0x0000000020000074       0x1c c:/st/stm32cubeide_1.9.0/stm32cubeide/plugins/com.st.stm32cube.ide.mcu.externaltools.gnu-tools-for-stm32.10.3-2021.10.win32_1.0.100.202210260954/tools/bin/../lib/gcc/arm-none-eabi/10.3.1/thumb/v7e-m+fp/hard/crtbegin.o
 *(.bss*)
 .bss.hi2c1     0x0000000020000090       0x4c ./Core/Src/i2c.o
                0x0000000020000090                hi2c1
 .bss.map1      0x00000000200000dc       0x18 ./Core/Src/main.o
                0x00000000200000dc                map1
 .bss.boxi      0x00000000200000f4       0x2c ./Core/Src/main.o
                0x00000000200000f4                boxi
 .bss.B         0x0000000020000120      0x208 ./Core/Src/main.o
                0x0000000020000120                B
 .bss.m1        0x0000000020000328       0x34 ./Core/Src/main.o
                0x0000000020000328                m1
 .bss.S         0x000000002000035c       0xf0 ./Core/Src/main.o
                0x000000002000035c                S
 .bss.Jump_height
                0x000000002000044c        0x4 ./Core/Src/main.o
                0x000000002000044c                Jump_height
 .bss.barrier   0x0000000020000450        0x4 ./Core/Src/main.o
                0x0000000020000450                barrier
 .bss.SSD1306_Buffer
                0x0000000020000454      0x400 ./Core/Src/ssd1306.o
 .bss.SSD1306   0x0000000020000854        0x6 ./Core/Src/ssd1306.o
 *fill*         0x000000002000085a        0x2 
 .bss.huart2    0x000000002000085c       0x90 ./Core/Src/usart.o
                0x000000002000085c                huart2
 .bss.uwTick    0x00000000200008ec        0x4 ./Drivers/STM32G4xx_HAL_Driver/Src/stm32g4xx_hal.o
                0x00000000200008ec                uwTick
 .bss.__malloc_free_list
                0x00000000200008f0        0x4 c:/st/stm32cubeide_1.9.0/stm32cubeide/plugins/com.st.stm32cube.ide.mcu.externaltools.gnu-tools-for-stm32.10.3-2021.10.win32_1.0.100.202210260954/tools/bin/../lib/gcc/arm-none-eabi/10.3.1/../../../../arm-none-eabi/lib/thumb/v7e-m+fp/hard\libc_nano.a(lib_a-nano-mallocr.o)
                0x00000000200008f0                __malloc_free_list
 .bss.__lock___malloc_recursive_mutex
                0x00000000200008f4        0x1 c:/st/stm32cubeide_1.9.0/stm32cubeide/plugins/com.st.stm32cube.ide.mcu.externaltools.gnu-tools-for-stm32.10.3-2021.10.win32_1.0.100.202210260954/tools/bin/../lib/gcc/arm-none-eabi/10.3.1/../../../../arm-none-eabi/lib/thumb/v7e-m+fp/hard\libc_nano.a(lib_a-lock.o)
                0x00000000200008f4                __lock___malloc_recursive_mutex
 *(COMMON)
                0x00000000200008f8                . = ALIGN (0x4)
 *fill*         0x00000000200008f5        0x3 
                0x00000000200008f8                _ebss = .
                0x00000000200008f8                __bss_end__ = _ebss

._user_heap_stack
                0x00000000200008f8      0x600 load address 0x00000000080052a0
                0x00000000200008f8                . = ALIGN (0x8)
                [!provide]                        PROVIDE (end = .)
                0x00000000200008f8                PROVIDE (_end = .)
                0x0000000020000af8                . = (. + _Min_Heap_Size)
 *fill*         0x00000000200008f8      0x200 
                0x0000000020000ef8                . = (. + _Min_Stack_Size)
 *fill*         0x0000000020000af8      0x400 
                0x0000000020000ef8                . = ALIGN (0x8)

/DISCARD/
 libc.a(*)
 libm.a(*)
 libgcc.a(*)

.ARM.attributes
                0x0000000000000000       0x30
 *(.ARM.attributes)
 .ARM.attributes
                0x0000000000000000       0x1e c:/st/stm32cubeide_1.9.0/stm32cubeide/plugins/com.st.stm32cube.ide.mcu.externaltools.gnu-tools-for-stm32.10.3-2021.10.win32_1.0.100.202210260954/tools/bin/../lib/gcc/arm-none-eabi/10.3.1/thumb/v7e-m+fp/hard/crti.o
 .ARM.attributes
                0x000000000000001e       0x34 c:/st/stm32cubeide_1.9.0/stm32cubeide/plugins/com.st.stm32cube.ide.mcu.externaltools.gnu-tools-for-stm32.10.3-2021.10.win32_1.0.100.202210260954/tools/bin/../lib/gcc/arm-none-eabi/10.3.1/thumb/v7e-m+fp/hard/crtbegin.o
 .ARM.attributes
                0x0000000000000052       0x34 ./Core/Src/Block.o
 .ARM.attributes
                0x0000000000000086       0x34 ./Core/Src/Map.o
 .ARM.attributes
                0x00000000000000ba       0x34 ./Core/Src/Mob.o
 .ARM.attributes
                0x00000000000000ee       0x34 ./Core/Src/Player.o
 .ARM.attributes
                0x0000000000000122       0x34 ./Core/Src/Spike.o
 .ARM.attributes
                0x0000000000000156       0x34 ./Core/Src/gpio.o
 .ARM.attributes
                0x000000000000018a       0x34 ./Core/Src/i2c.o
 .ARM.attributes
                0x00000000000001be       0x34 ./Core/Src/main.o
 .ARM.attributes
                0x00000000000001f2       0x34 ./Core/Src/ssd1306.o
 .ARM.attributes
                0x0000000000000226       0x34 ./Core/Src/stm32g4xx_hal_msp.o
 .ARM.attributes
                0x000000000000025a       0x34 ./Core/Src/stm32g4xx_it.o
 .ARM.attributes
                0x000000000000028e       0x34 ./Core/Src/system_stm32g4xx.o
 .ARM.attributes
                0x00000000000002c2       0x34 ./Core/Src/usart.o
 .ARM.attributes
                0x00000000000002f6       0x21 ./Core/Startup/startup_stm32g431kbtx.o
 .ARM.attributes
                0x0000000000000317       0x34 ./Drivers/STM32G4xx_HAL_Driver/Src/stm32g4xx_hal.o
 .ARM.attributes
                0x000000000000034b       0x34 ./Drivers/STM32G4xx_HAL_Driver/Src/stm32g4xx_hal_cortex.o
 .ARM.attributes
                0x000000000000037f       0x34 ./Drivers/STM32G4xx_HAL_Driver/Src/stm32g4xx_hal_gpio.o
 .ARM.attributes
                0x00000000000003b3       0x34 ./Drivers/STM32G4xx_HAL_Driver/Src/stm32g4xx_hal_i2c.o
 .ARM.attributes
                0x00000000000003e7       0x34 ./Drivers/STM32G4xx_HAL_Driver/Src/stm32g4xx_hal_i2c_ex.o
 .ARM.attributes
                0x000000000000041b       0x34 ./Drivers/STM32G4xx_HAL_Driver/Src/stm32g4xx_hal_pwr_ex.o
 .ARM.attributes
                0x000000000000044f       0x34 ./Drivers/STM32G4xx_HAL_Driver/Src/stm32g4xx_hal_rcc.o
 .ARM.attributes
                0x0000000000000483       0x34 ./Drivers/STM32G4xx_HAL_Driver/Src/stm32g4xx_hal_rcc_ex.o
 .ARM.attributes
                0x00000000000004b7       0x34 ./Drivers/STM32G4xx_HAL_Driver/Src/stm32g4xx_hal_uart.o
 .ARM.attributes
                0x00000000000004eb       0x34 ./Drivers/STM32G4xx_HAL_Driver/Src/stm32g4xx_hal_uart_ex.o
 .ARM.attributes
                0x000000000000051f       0x34 c:/st/stm32cubeide_1.9.0/stm32cubeide/plugins/com.st.stm32cube.ide.mcu.externaltools.gnu-tools-for-stm32.10.3-2021.10.win32_1.0.100.202210260954/tools/bin/../lib/gcc/arm-none-eabi/10.3.1/../../../../arm-none-eabi/lib/thumb/v7e-m+fp/hard\libstdc++_nano.a(del_ops.o)
 .ARM.attributes
                0x0000000000000553       0x34 c:/st/stm32cubeide_1.9.0/stm32cubeide/plugins/com.st.stm32cube.ide.mcu.externaltools.gnu-tools-for-stm32.10.3-2021.10.win32_1.0.100.202210260954/tools/bin/../lib/gcc/arm-none-eabi/10.3.1/../../../../arm-none-eabi/lib/thumb/v7e-m+fp/hard\libstdc++_nano.a(del_op.o)
 .ARM.attributes
                0x0000000000000587       0x34 c:/st/stm32cubeide_1.9.0/stm32cubeide/plugins/com.st.stm32cube.ide.mcu.externaltools.gnu-tools-for-stm32.10.3-2021.10.win32_1.0.100.202210260954/tools/bin/../lib/gcc/arm-none-eabi/10.3.1/../../../../arm-none-eabi/lib/thumb/v7e-m+fp/hard\libc_nano.a(lib_a-impure.o)
 .ARM.attributes
                0x00000000000005bb       0x34 c:/st/stm32cubeide_1.9.0/stm32cubeide/plugins/com.st.stm32cube.ide.mcu.externaltools.gnu-tools-for-stm32.10.3-2021.10.win32_1.0.100.202210260954/tools/bin/../lib/gcc/arm-none-eabi/10.3.1/../../../../arm-none-eabi/lib/thumb/v7e-m+fp/hard\libc_nano.a(lib_a-init.o)
 .ARM.attributes
                0x00000000000005ef       0x34 c:/st/stm32cubeide_1.9.0/stm32cubeide/plugins/com.st.stm32cube.ide.mcu.externaltools.gnu-tools-for-stm32.10.3-2021.10.win32_1.0.100.202210260954/tools/bin/../lib/gcc/arm-none-eabi/10.3.1/../../../../arm-none-eabi/lib/thumb/v7e-m+fp/hard\libc_nano.a(lib_a-malloc.o)
 .ARM.attributes
                0x0000000000000623       0x34 c:/st/stm32cubeide_1.9.0/stm32cubeide/plugins/com.st.stm32cube.ide.mcu.externaltools.gnu-tools-for-stm32.10.3-2021.10.win32_1.0.100.202210260954/tools/bin/../lib/gcc/arm-none-eabi/10.3.1/../../../../arm-none-eabi/lib/thumb/v7e-m+fp/hard\libc_nano.a(lib_a-memset.o)
 .ARM.attributes
                0x0000000000000657       0x34 c:/st/stm32cubeide_1.9.0/stm32cubeide/plugins/com.st.stm32cube.ide.mcu.externaltools.gnu-tools-for-stm32.10.3-2021.10.win32_1.0.100.202210260954/tools/bin/../lib/gcc/arm-none-eabi/10.3.1/../../../../arm-none-eabi/lib/thumb/v7e-m+fp/hard\libc_nano.a(lib_a-nano-freer.o)
 .ARM.attributes
                0x000000000000068b       0x34 c:/st/stm32cubeide_1.9.0/stm32cubeide/plugins/com.st.stm32cube.ide.mcu.externaltools.gnu-tools-for-stm32.10.3-2021.10.win32_1.0.100.202210260954/tools/bin/../lib/gcc/arm-none-eabi/10.3.1/../../../../arm-none-eabi/lib/thumb/v7e-m+fp/hard\libc_nano.a(lib_a-nano-mallocr.o)
 .ARM.attributes
                0x00000000000006bf       0x34 c:/st/stm32cubeide_1.9.0/stm32cubeide/plugins/com.st.stm32cube.ide.mcu.externaltools.gnu-tools-for-stm32.10.3-2021.10.win32_1.0.100.202210260954/tools/bin/../lib/gcc/arm-none-eabi/10.3.1/../../../../arm-none-eabi/lib/thumb/v7e-m+fp/hard\libc_nano.a(lib_a-mlock.o)
 .ARM.attributes
                0x00000000000006f3       0x34 c:/st/stm32cubeide_1.9.0/stm32cubeide/plugins/com.st.stm32cube.ide.mcu.externaltools.gnu-tools-for-stm32.10.3-2021.10.win32_1.0.100.202210260954/tools/bin/../lib/gcc/arm-none-eabi/10.3.1/../../../../arm-none-eabi/lib/thumb/v7e-m+fp/hard\libc_nano.a(lib_a-lock.o)
 .ARM.attributes
                0x0000000000000727       0x1e c:/st/stm32cubeide_1.9.0/stm32cubeide/plugins/com.st.stm32cube.ide.mcu.externaltools.gnu-tools-for-stm32.10.3-2021.10.win32_1.0.100.202210260954/tools/bin/../lib/gcc/arm-none-eabi/10.3.1/thumb/v7e-m+fp/hard\libgcc.a(_aeabi_uldivmod.o)
 .ARM.attributes
                0x0000000000000745       0x34 c:/st/stm32cubeide_1.9.0/stm32cubeide/plugins/com.st.stm32cube.ide.mcu.externaltools.gnu-tools-for-stm32.10.3-2021.10.win32_1.0.100.202210260954/tools/bin/../lib/gcc/arm-none-eabi/10.3.1/thumb/v7e-m+fp/hard\libgcc.a(_udivmoddi4.o)
 .ARM.attributes
                0x0000000000000779       0x1e c:/st/stm32cubeide_1.9.0/stm32cubeide/plugins/com.st.stm32cube.ide.mcu.externaltools.gnu-tools-for-stm32.10.3-2021.10.win32_1.0.100.202210260954/tools/bin/../lib/gcc/arm-none-eabi/10.3.1/thumb/v7e-m+fp/hard\libgcc.a(_dvmd_tls.o)
 .ARM.attributes
                0x0000000000000797       0x1e c:/st/stm32cubeide_1.9.0/stm32cubeide/plugins/com.st.stm32cube.ide.mcu.externaltools.gnu-tools-for-stm32.10.3-2021.10.win32_1.0.100.202210260954/tools/bin/../lib/gcc/arm-none-eabi/10.3.1/thumb/v7e-m+fp/hard/crtn.o
OUTPUT(GAME.elf elf32-littlearm)
LOAD linker stubs
LOAD c:/st/stm32cubeide_1.9.0/stm32cubeide/plugins/com.st.stm32cube.ide.mcu.externaltools.gnu-tools-for-stm32.10.3-2021.10.win32_1.0.100.202210260954/tools/bin/../lib/gcc/arm-none-eabi/10.3.1/../../../../arm-none-eabi/lib/thumb/v7e-m+fp/hard\libc.a
LOAD c:/st/stm32cubeide_1.9.0/stm32cubeide/plugins/com.st.stm32cube.ide.mcu.externaltools.gnu-tools-for-stm32.10.3-2021.10.win32_1.0.100.202210260954/tools/bin/../lib/gcc/arm-none-eabi/10.3.1/../../../../arm-none-eabi/lib/thumb/v7e-m+fp/hard\libm.a
LOAD c:/st/stm32cubeide_1.9.0/stm32cubeide/plugins/com.st.stm32cube.ide.mcu.externaltools.gnu-tools-for-stm32.10.3-2021.10.win32_1.0.100.202210260954/tools/bin/../lib/gcc/arm-none-eabi/10.3.1/thumb/v7e-m+fp/hard\libgcc.a

.debug_info     0x0000000000000000    0x13294
 .debug_info    0x0000000000000000      0x6fd ./Core/Src/Block.o
 .debug_info    0x00000000000006fd      0x4a0 ./Core/Src/Map.o
 .debug_info    0x0000000000000b9d      0x671 ./Core/Src/Mob.o
 .debug_info    0x000000000000120e      0x57d ./Core/Src/Player.o
 .debug_info    0x000000000000178b      0x614 ./Core/Src/Spike.o
 .debug_info    0x0000000000001d9f      0x4c3 ./Core/Src/gpio.o
 .debug_info    0x0000000000002262      0xd1c ./Core/Src/i2c.o
 .debug_info    0x0000000000002f7e      0xf49 ./Core/Src/main.o
 .debug_info    0x0000000000003ec7     0x10c1 ./Core/Src/ssd1306.o
 .debug_info    0x0000000000004f88      0x324 ./Core/Src/stm32g4xx_hal_msp.o
 .debug_info    0x00000000000052ac      0x122 ./Core/Src/stm32g4xx_it.o
 .debug_info    0x00000000000053ce      0x59f ./Core/Src/system_stm32g4xx.o
 .debug_info    0x000000000000596d      0xda9 ./Core/Src/usart.o
 .debug_info    0x0000000000006716       0x22 ./Core/Startup/startup_stm32g431kbtx.o
 .debug_info    0x0000000000006738      0xae3 ./Drivers/STM32G4xx_HAL_Driver/Src/stm32g4xx_hal.o
 .debug_info    0x000000000000721b      0xdc4 ./Drivers/STM32G4xx_HAL_Driver/Src/stm32g4xx_hal_cortex.o
 .debug_info    0x0000000000007fdf      0x82f ./Drivers/STM32G4xx_HAL_Driver/Src/stm32g4xx_hal_gpio.o
 .debug_info    0x000000000000880e     0x22ea ./Drivers/STM32G4xx_HAL_Driver/Src/stm32g4xx_hal_i2c.o
 .debug_info    0x000000000000aaf8      0xb61 ./Drivers/STM32G4xx_HAL_Driver/Src/stm32g4xx_hal_i2c_ex.o
 .debug_info    0x000000000000b659      0x983 ./Drivers/STM32G4xx_HAL_Driver/Src/stm32g4xx_hal_pwr_ex.o
 .debug_info    0x000000000000bfdc      0xc53 ./Drivers/STM32G4xx_HAL_Driver/Src/stm32g4xx_hal_rcc.o
 .debug_info    0x000000000000cc2f      0xcfe ./Drivers/STM32G4xx_HAL_Driver/Src/stm32g4xx_hal_rcc_ex.o
 .debug_info    0x000000000000d92d     0x4936 ./Drivers/STM32G4xx_HAL_Driver/Src/stm32g4xx_hal_uart.o
 .debug_info    0x0000000000012263     0x1031 ./Drivers/STM32G4xx_HAL_Driver/Src/stm32g4xx_hal_uart_ex.o

.debug_abbrev   0x0000000000000000     0x3326
 .debug_abbrev  0x0000000000000000      0x287 ./Core/Src/Block.o
 .debug_abbrev  0x0000000000000287      0x22f ./Core/Src/Map.o
 .debug_abbrev  0x00000000000004b6      0x285 ./Core/Src/Mob.o
 .debug_abbrev  0x000000000000073b      0x243 ./Core/Src/Player.o
 .debug_abbrev  0x000000000000097e      0x287 ./Core/Src/Spike.o
 .debug_abbrev  0x0000000000000c05      0x146 ./Core/Src/gpio.o
 .debug_abbrev  0x0000000000000d4b      0x202 ./Core/Src/i2c.o
 .debug_abbrev  0x0000000000000f4d      0x425 ./Core/Src/main.o
 .debug_abbrev  0x0000000000001372      0x35a ./Core/Src/ssd1306.o
 .debug_abbrev  0x00000000000016cc       0xc2 ./Core/Src/stm32g4xx_hal_msp.o
 .debug_abbrev  0x000000000000178e       0x74 ./Core/Src/stm32g4xx_it.o
 .debug_abbrev  0x0000000000001802      0x116 ./Core/Src/system_stm32g4xx.o
 .debug_abbrev  0x0000000000001918      0x1fe ./Core/Src/usart.o
 .debug_abbrev  0x0000000000001b16       0x12 ./Core/Startup/startup_stm32g431kbtx.o
 .debug_abbrev  0x0000000000001b28      0x269 ./Drivers/STM32G4xx_HAL_Driver/Src/stm32g4xx_hal.o
 .debug_abbrev  0x0000000000001d91      0x30d ./Drivers/STM32G4xx_HAL_Driver/Src/stm32g4xx_hal_cortex.o
 .debug_abbrev  0x000000000000209e      0x1bb ./Drivers/STM32G4xx_HAL_Driver/Src/stm32g4xx_hal_gpio.o
 .debug_abbrev  0x0000000000002259      0x243 ./Drivers/STM32G4xx_HAL_Driver/Src/stm32g4xx_hal_i2c.o
 .debug_abbrev  0x000000000000249c      0x1b0 ./Drivers/STM32G4xx_HAL_Driver/Src/stm32g4xx_hal_i2c_ex.o
 .debug_abbrev  0x000000000000264c      0x229 ./Drivers/STM32G4xx_HAL_Driver/Src/stm32g4xx_hal_pwr_ex.o
 .debug_abbrev  0x0000000000002875      0x2bd ./Drivers/STM32G4xx_HAL_Driver/Src/stm32g4xx_hal_rcc.o
 .debug_abbrev  0x0000000000002b32      0x247 ./Drivers/STM32G4xx_HAL_Driver/Src/stm32g4xx_hal_rcc_ex.o
 .debug_abbrev  0x0000000000002d79      0x2f0 ./Drivers/STM32G4xx_HAL_Driver/Src/stm32g4xx_hal_uart.o
 .debug_abbrev  0x0000000000003069      0x2bd ./Drivers/STM32G4xx_HAL_Driver/Src/stm32g4xx_hal_uart_ex.o

.debug_aranges  0x0000000000000000      0xef0
 .debug_aranges
                0x0000000000000000       0x58 ./Core/Src/Block.o
 .debug_aranges
                0x0000000000000058       0x38 ./Core/Src/Map.o
 .debug_aranges
                0x0000000000000090       0x50 ./Core/Src/Mob.o
 .debug_aranges
                0x00000000000000e0       0x48 ./Core/Src/Player.o
 .debug_aranges
                0x0000000000000128       0x50 ./Core/Src/Spike.o
 .debug_aranges
                0x0000000000000178       0x20 ./Core/Src/gpio.o
 .debug_aranges
                0x0000000000000198       0x30 ./Core/Src/i2c.o
 .debug_aranges
                0x00000000000001c8       0x78 ./Core/Src/main.o
 .debug_aranges
                0x0000000000000240       0xc8 ./Core/Src/ssd1306.o
 .debug_aranges
                0x0000000000000308       0x20 ./Core/Src/stm32g4xx_hal_msp.o
 .debug_aranges
                0x0000000000000328       0x60 ./Core/Src/stm32g4xx_it.o
 .debug_aranges
                0x0000000000000388       0x28 ./Core/Src/system_stm32g4xx.o
 .debug_aranges
                0x00000000000003b0       0x30 ./Core/Src/usart.o
 .debug_aranges
                0x00000000000003e0       0x28 ./Core/Startup/startup_stm32g431kbtx.o
 .debug_aranges
                0x0000000000000408      0x130 ./Drivers/STM32G4xx_HAL_Driver/Src/stm32g4xx_hal.o
 .debug_aranges
                0x0000000000000538      0x118 ./Drivers/STM32G4xx_HAL_Driver/Src/stm32g4xx_hal_cortex.o
 .debug_aranges
                0x0000000000000650       0x58 ./Drivers/STM32G4xx_HAL_Driver/Src/stm32g4xx_hal_gpio.o
 .debug_aranges
                0x00000000000006a8      0x290 ./Drivers/STM32G4xx_HAL_Driver/Src/stm32g4xx_hal_i2c.o
 .debug_aranges
                0x0000000000000938       0x48 ./Drivers/STM32G4xx_HAL_Driver/Src/stm32g4xx_hal_i2c_ex.o
 .debug_aranges
                0x0000000000000980      0x140 ./Drivers/STM32G4xx_HAL_Driver/Src/stm32g4xx_hal_pwr_ex.o
 .debug_aranges
                0x0000000000000ac0       0x98 ./Drivers/STM32G4xx_HAL_Driver/Src/stm32g4xx_hal_rcc.o
 .debug_aranges
                0x0000000000000b58       0xb0 ./Drivers/STM32G4xx_HAL_Driver/Src/stm32g4xx_hal_rcc_ex.o
 .debug_aranges
                0x0000000000000c08      0x248 ./Drivers/STM32G4xx_HAL_Driver/Src/stm32g4xx_hal_uart.o
 .debug_aranges
                0x0000000000000e50       0xa0 ./Drivers/STM32G4xx_HAL_Driver/Src/stm32g4xx_hal_uart_ex.o

.debug_ranges   0x0000000000000000      0xda8
 .debug_ranges  0x0000000000000000       0x48 ./Core/Src/Block.o
 .debug_ranges  0x0000000000000048       0x28 ./Core/Src/Map.o
 .debug_ranges  0x0000000000000070       0x40 ./Core/Src/Mob.o
 .debug_ranges  0x00000000000000b0       0x38 ./Core/Src/Player.o
 .debug_ranges  0x00000000000000e8       0x40 ./Core/Src/Spike.o
 .debug_ranges  0x0000000000000128       0x10 ./Core/Src/gpio.o
 .debug_ranges  0x0000000000000138       0x20 ./Core/Src/i2c.o
 .debug_ranges  0x0000000000000158       0x68 ./Core/Src/main.o
 .debug_ranges  0x00000000000001c0       0xb8 ./Core/Src/ssd1306.o
 .debug_ranges  0x0000000000000278       0x10 ./Core/Src/stm32g4xx_hal_msp.o
 .debug_ranges  0x0000000000000288       0x50 ./Core/Src/stm32g4xx_it.o
 .debug_ranges  0x00000000000002d8       0x18 ./Core/Src/system_stm32g4xx.o
 .debug_ranges  0x00000000000002f0       0x20 ./Core/Src/usart.o
 .debug_ranges  0x0000000000000310       0x20 ./Core/Startup/startup_stm32g431kbtx.o
 .debug_ranges  0x0000000000000330      0x120 ./Drivers/STM32G4xx_HAL_Driver/Src/stm32g4xx_hal.o
 .debug_ranges  0x0000000000000450      0x108 ./Drivers/STM32G4xx_HAL_Driver/Src/stm32g4xx_hal_cortex.o
 .debug_ranges  0x0000000000000558       0x48 ./Drivers/STM32G4xx_HAL_Driver/Src/stm32g4xx_hal_gpio.o
 .debug_ranges  0x00000000000005a0      0x280 ./Drivers/STM32G4xx_HAL_Driver/Src/stm32g4xx_hal_i2c.o
 .debug_ranges  0x0000000000000820       0x38 ./Drivers/STM32G4xx_HAL_Driver/Src/stm32g4xx_hal_i2c_ex.o
 .debug_ranges  0x0000000000000858      0x130 ./Drivers/STM32G4xx_HAL_Driver/Src/stm32g4xx_hal_pwr_ex.o
 .debug_ranges  0x0000000000000988       0x88 ./Drivers/STM32G4xx_HAL_Driver/Src/stm32g4xx_hal_rcc.o
 .debug_ranges  0x0000000000000a10       0xa0 ./Drivers/STM32G4xx_HAL_Driver/Src/stm32g4xx_hal_rcc_ex.o
 .debug_ranges  0x0000000000000ab0      0x268 ./Drivers/STM32G4xx_HAL_Driver/Src/stm32g4xx_hal_uart.o
 .debug_ranges  0x0000000000000d18       0x90 ./Drivers/STM32G4xx_HAL_Driver/Src/stm32g4xx_hal_uart_ex.o

.debug_macro    0x0000000000000000    0x21015
 .debug_macro   0x0000000000000000      0x271 ./Core/Src/Block.o
 .debug_macro   0x0000000000000271      0xb50 ./Core/Src/Block.o
 .debug_macro   0x0000000000000dc1      0x17b ./Core/Src/Block.o
 .debug_macro   0x0000000000000f3c       0x22 ./Core/Src/Block.o
 .debug_macro   0x0000000000000f5e       0x4c ./Core/Src/Block.o
 .debug_macro   0x0000000000000faa       0x1e ./Core/Src/Block.o
 .debug_macro   0x0000000000000fc8       0x94 ./Core/Src/Block.o
 .debug_macro   0x000000000000105c       0x3c ./Core/Src/Block.o
 .debug_macro   0x0000000000001098       0x34 ./Core/Src/Block.o
 .debug_macro   0x00000000000010cc       0x3a ./Core/Src/Block.o
 .debug_macro   0x0000000000001106      0x15b ./Core/Src/Block.o
 .debug_macro   0x0000000000001261       0x28 ./Core/Src/Block.o
 .debug_macro   0x0000000000001289       0x28 ./Core/Src/Block.o
 .debug_macro   0x00000000000012b1       0x1c ./Core/Src/Block.o
 .debug_macro   0x00000000000012cd       0x57 ./Core/Src/Block.o
 .debug_macro   0x0000000000001324      0x103 ./Core/Src/Block.o
 .debug_macro   0x0000000000001427       0x6a ./Core/Src/Block.o
 .debug_macro   0x0000000000001491      0x1df ./Core/Src/Block.o
 .debug_macro   0x0000000000001670       0x1c ./Core/Src/Block.o
 .debug_macro   0x000000000000168c       0x22 ./Core/Src/Block.o
 .debug_macro   0x00000000000016ae       0xfb ./Core/Src/Block.o
 .debug_macro   0x00000000000017a9     0x1011 ./Core/Src/Block.o
 .debug_macro   0x00000000000027ba      0x11f ./Core/Src/Block.o
 .debug_macro   0x00000000000028d9    0x11396 ./Core/Src/Block.o
 .debug_macro   0x0000000000013c6f       0x6d ./Core/Src/Block.o
 .debug_macro   0x0000000000013cdc     0x3554 ./Core/Src/Block.o
 .debug_macro   0x0000000000017230       0x5c ./Core/Src/Block.o
 .debug_macro   0x000000000001728c     0x141d ./Core/Src/Block.o
 .debug_macro   0x00000000000186a9      0x535 ./Core/Src/Block.o
 .debug_macro   0x0000000000018bde      0x1b6 ./Core/Src/Block.o
 .debug_macro   0x0000000000018d94      0x288 ./Core/Src/Block.o
 .debug_macro   0x000000000001901c      0x41d ./Core/Src/Block.o
 .debug_macro   0x0000000000019439      0x18b ./Core/Src/Block.o
 .debug_macro   0x00000000000195c4       0x43 ./Core/Src/Block.o
 .debug_macro   0x0000000000019607      0x23d ./Core/Src/Block.o
 .debug_macro   0x0000000000019844      0x211 ./Core/Src/Block.o
 .debug_macro   0x0000000000019a55      0x401 ./Core/Src/Block.o
 .debug_macro   0x0000000000019e56      0x107 ./Core/Src/Block.o
 .debug_macro   0x0000000000019f5d      0x22c ./Core/Src/Block.o
 .debug_macro   0x000000000001a189       0x61 ./Core/Src/Block.o
 .debug_macro   0x000000000001a1ea       0xa5 ./Core/Src/Block.o
 .debug_macro   0x000000000001a28f      0x122 ./Core/Src/Block.o
 .debug_macro   0x000000000001a3b1      0x3d1 ./Core/Src/Block.o
 .debug_macro   0x000000000001a782      0x67e ./Core/Src/Block.o
 .debug_macro   0x000000000001ae00       0xa6 ./Core/Src/Block.o
 .debug_macro   0x000000000001aea6      0x306 ./Core/Src/Block.o
 .debug_macro   0x000000000001b1ac       0x10 ./Core/Src/Block.o
 .debug_macro   0x000000000001b1bc       0x40 ./Core/Src/Block.o
 .debug_macro   0x000000000001b1fc      0x257 ./Core/Src/Map.o
 .debug_macro   0x000000000001b453      0x265 ./Core/Src/Mob.o
 .debug_macro   0x000000000001b6b8      0x257 ./Core/Src/Player.o
 .debug_macro   0x000000000001b90f      0x265 ./Core/Src/Spike.o
 .debug_macro   0x000000000001bb74      0x1ec ./Core/Src/gpio.o
 .debug_macro   0x000000000001bd60      0xa78 ./Core/Src/gpio.o
 .debug_macro   0x000000000001c7d8       0x2e ./Core/Src/gpio.o
 .debug_macro   0x000000000001c806       0x8e ./Core/Src/gpio.o
 .debug_macro   0x000000000001c894       0x51 ./Core/Src/gpio.o
 .debug_macro   0x000000000001c8e5     0x1011 ./Core/Src/gpio.o
 .debug_macro   0x000000000001d8f6      0x174 ./Core/Src/gpio.o
 .debug_macro   0x000000000001da6a       0x70 ./Core/Src/gpio.o
 .debug_macro   0x000000000001dada      0x1ec ./Core/Src/i2c.o
 .debug_macro   0x000000000001dcc6      0x425 ./Core/Src/main.o
 .debug_macro   0x000000000001e0eb       0x52 ./Core/Src/main.o
 .debug_macro   0x000000000001e13d       0x16 ./Core/Src/main.o
 .debug_macro   0x000000000001e153       0x35 ./Core/Src/main.o
 .debug_macro   0x000000000001e188      0x364 ./Core/Src/main.o
 .debug_macro   0x000000000001e4ec       0x10 ./Core/Src/main.o
 .debug_macro   0x000000000001e4fc       0x16 ./Core/Src/main.o
 .debug_macro   0x000000000001e512       0x43 ./Core/Src/main.o
 .debug_macro   0x000000000001e555       0x34 ./Core/Src/main.o
 .debug_macro   0x000000000001e589       0x10 ./Core/Src/main.o
 .debug_macro   0x000000000001e599       0x58 ./Core/Src/main.o
 .debug_macro   0x000000000001e5f1       0x71 ./Core/Src/main.o
 .debug_macro   0x000000000001e662       0x16 ./Core/Src/main.o
 .debug_macro   0x000000000001e678      0x12a ./Core/Src/main.o
 .debug_macro   0x000000000001e7a2       0x10 ./Core/Src/main.o
 .debug_macro   0x000000000001e7b2       0x1c ./Core/Src/main.o
 .debug_macro   0x000000000001e7ce       0x52 ./Core/Src/main.o
 .debug_macro   0x000000000001e820       0x22 ./Core/Src/main.o
 .debug_macro   0x000000000001e842       0x10 ./Core/Src/main.o
 .debug_macro   0x000000000001e852       0x52 ./Core/Src/main.o
 .debug_macro   0x000000000001e8a4       0xd5 ./Core/Src/main.o
 .debug_macro   0x000000000001e979       0x1c ./Core/Src/main.o
 .debug_macro   0x000000000001e995       0x3d ./Core/Src/main.o
 .debug_macro   0x000000000001e9d2       0x16 ./Core/Src/main.o
 .debug_macro   0x000000000001e9e8      0x137 ./Core/Src/main.o
 .debug_macro   0x000000000001eb1f       0x16 ./Core/Src/main.o
 .debug_macro   0x000000000001eb35       0x20 ./Core/Src/main.o
 .debug_macro   0x000000000001eb55      0x30e ./Core/Src/ssd1306.o
 .debug_macro   0x000000000001ee63       0x34 ./Core/Src/ssd1306.o
 .debug_macro   0x000000000001ee97       0x43 ./Core/Src/ssd1306.o
 .debug_macro   0x000000000001eeda       0x1c ./Core/Src/ssd1306.o
 .debug_macro   0x000000000001eef6      0x341 ./Core/Src/ssd1306.o
 .debug_macro   0x000000000001f237      0x19b ./Core/Src/ssd1306.o
 .debug_macro   0x000000000001f3d2       0x16 ./Core/Src/ssd1306.o
 .debug_macro   0x000000000001f3e8       0x35 ./Core/Src/ssd1306.o
 .debug_macro   0x000000000001f41d       0x16 ./Core/Src/ssd1306.o
 .debug_macro   0x000000000001f433       0x29 ./Core/Src/ssd1306.o
 .debug_macro   0x000000000001f45c      0x1e2 ./Core/Src/stm32g4xx_hal_msp.o
 .debug_macro   0x000000000001f63e      0x1ec ./Core/Src/stm32g4xx_it.o
 .debug_macro   0x000000000001f82a      0x1d3 ./Core/Src/system_stm32g4xx.o
 .debug_macro   0x000000000001f9fd      0x1ec ./Core/Src/usart.o
 .debug_macro   0x000000000001fbe9      0x221 ./Drivers/STM32G4xx_HAL_Driver/Src/stm32g4xx_hal.o
 .debug_macro   0x000000000001fe0a      0x1d3 ./Drivers/STM32G4xx_HAL_Driver/Src/stm32g4xx_hal_cortex.o
 .debug_macro   0x000000000001ffdd      0x1da ./Drivers/STM32G4xx_HAL_Driver/Src/stm32g4xx_hal_gpio.o
 .debug_macro   0x00000000000201b7      0x29f ./Drivers/STM32G4xx_HAL_Driver/Src/stm32g4xx_hal_i2c.o
 .debug_macro   0x0000000000020456      0x1d3 ./Drivers/STM32G4xx_HAL_Driver/Src/stm32g4xx_hal_i2c_ex.o
 .debug_macro   0x0000000000020629      0x1fd ./Drivers/STM32G4xx_HAL_Driver/Src/stm32g4xx_hal_pwr_ex.o
 .debug_macro   0x0000000000020826      0x215 ./Drivers/STM32G4xx_HAL_Driver/Src/stm32g4xx_hal_rcc.o
 .debug_macro   0x0000000000020a3b      0x1fd ./Drivers/STM32G4xx_HAL_Driver/Src/stm32g4xx_hal_rcc_ex.o
 .debug_macro   0x0000000000020c38      0x1fe ./Drivers/STM32G4xx_HAL_Driver/Src/stm32g4xx_hal_uart.o
 .debug_macro   0x0000000000020e36      0x1df ./Drivers/STM32G4xx_HAL_Driver/Src/stm32g4xx_hal_uart_ex.o

.debug_line     0x0000000000000000    0x1498c
 .debug_line    0x0000000000000000      0xab8 ./Core/Src/Block.o
 .debug_line    0x0000000000000ab8      0x864 ./Core/Src/Map.o
 .debug_line    0x000000000000131c      0x9d4 ./Core/Src/Mob.o
 .debug_line    0x0000000000001cf0      0x8da ./Core/Src/Player.o
 .debug_line    0x00000000000025ca      0xa0c ./Core/Src/Spike.o
 .debug_line    0x0000000000002fd6      0x6fc ./Core/Src/gpio.o
 .debug_line    0x00000000000036d2      0x77c ./Core/Src/i2c.o
 .debug_line    0x0000000000003e4e      0xc93 ./Core/Src/main.o
 .debug_line    0x0000000000004ae1      0xe1f ./Core/Src/ssd1306.o
 .debug_line    0x0000000000005900      0x6da ./Core/Src/stm32g4xx_hal_msp.o
 .debug_line    0x0000000000005fda      0x79d ./Core/Src/stm32g4xx_it.o
 .debug_line    0x0000000000006777      0x744 ./Core/Src/system_stm32g4xx.o
 .debug_line    0x0000000000006ebb      0x779 ./Core/Src/usart.o
 .debug_line    0x0000000000007634       0x89 ./Core/Startup/startup_stm32g431kbtx.o
 .debug_line    0x00000000000076bd      0xabb ./Drivers/STM32G4xx_HAL_Driver/Src/stm32g4xx_hal.o
 .debug_line    0x0000000000008178      0xc6e ./Drivers/STM32G4xx_HAL_Driver/Src/stm32g4xx_hal_cortex.o
 .debug_line    0x0000000000008de6      0xafe ./Drivers/STM32G4xx_HAL_Driver/Src/stm32g4xx_hal_gpio.o
 .debug_line    0x00000000000098e4     0x3362 ./Drivers/STM32G4xx_HAL_Driver/Src/stm32g4xx_hal_i2c.o
 .debug_line    0x000000000000cc46      0x8f8 ./Drivers/STM32G4xx_HAL_Driver/Src/stm32g4xx_hal_i2c_ex.o
 .debug_line    0x000000000000d53e      0xc72 ./Drivers/STM32G4xx_HAL_Driver/Src/stm32g4xx_hal_pwr_ex.o
 .debug_line    0x000000000000e1b0      0xed1 ./Drivers/STM32G4xx_HAL_Driver/Src/stm32g4xx_hal_rcc.o
 .debug_line    0x000000000000f081     0x1094 ./Drivers/STM32G4xx_HAL_Driver/Src/stm32g4xx_hal_rcc_ex.o
 .debug_line    0x0000000000010115     0x3b11 ./Drivers/STM32G4xx_HAL_Driver/Src/stm32g4xx_hal_uart.o
 .debug_line    0x0000000000013c26      0xd66 ./Drivers/STM32G4xx_HAL_Driver/Src/stm32g4xx_hal_uart_ex.o

.debug_str      0x0000000000000000    0xbb600
 .debug_str     0x0000000000000000    0xb1df6 ./Core/Src/Block.o
                                      0xb2107 (size before relaxing)
 .debug_str     0x00000000000b1df6       0xa9 ./Core/Src/Map.o
                                      0xb1fb3 (size before relaxing)
 .debug_str     0x00000000000b1e9f      0x113 ./Core/Src/Mob.o
                                      0xb2090 (size before relaxing)
 .debug_str     0x00000000000b1fb2      0x109 ./Core/Src/Player.o
                                      0xb2063 (size before relaxing)
 .debug_str     0x00000000000b20bb      0x115 ./Core/Src/Spike.o
                                      0xb209a (size before relaxing)
 .debug_str     0x00000000000b21d0      0x5ad ./Core/Src/gpio.o
                                      0xb17a5 (size before relaxing)
 .debug_str     0x00000000000b277d      0x734 ./Core/Src/i2c.o
                                      0xb1f49 (size before relaxing)
 .debug_str     0x00000000000b2eb1     0x3ef9 ./Core/Src/main.o
                                      0xb63f1 (size before relaxing)
 .debug_str     0x00000000000b6daa      0xd03 ./Core/Src/ssd1306.o
                                      0xb56d2 (size before relaxing)
 .debug_str     0x00000000000b7aad       0x2c ./Core/Src/stm32g4xx_hal_msp.o
                                      0xb16da (size before relaxing)
 .debug_str     0x00000000000b7ad9       0xc9 ./Core/Src/stm32g4xx_it.o
                                      0xb160a (size before relaxing)
 .debug_str     0x00000000000b7ba2       0xdb ./Core/Src/system_stm32g4xx.o
                                      0xb1600 (size before relaxing)
 .debug_str     0x00000000000b7c7d      0x2c3 ./Core/Src/usart.o
                                      0xb1f1d (size before relaxing)
 .debug_str     0x00000000000b7f40       0x36 ./Core/Startup/startup_stm32g431kbtx.o
                                         0x84 (size before relaxing)
 .debug_str     0x00000000000b7f76      0xa1b ./Drivers/STM32G4xx_HAL_Driver/Src/stm32g4xx_hal.o
                                      0xb2118 (size before relaxing)
 .debug_str     0x00000000000b8991      0x331 ./Drivers/STM32G4xx_HAL_Driver/Src/stm32g4xx_hal_cortex.o
                                      0xb1dc3 (size before relaxing)
 .debug_str     0x00000000000b8cc2      0x109 ./Drivers/STM32G4xx_HAL_Driver/Src/stm32g4xx_hal_gpio.o
                                      0xb178b (size before relaxing)
 .debug_str     0x00000000000b8dcb      0xdad ./Drivers/STM32G4xx_HAL_Driver/Src/stm32g4xx_hal_i2c.o
                                      0xb28ce (size before relaxing)
 .debug_str     0x00000000000b9b78       0xb8 ./Drivers/STM32G4xx_HAL_Driver/Src/stm32g4xx_hal_i2c_ex.o
                                      0xb1c33 (size before relaxing)
 .debug_str     0x00000000000b9c30      0x4c6 ./Drivers/STM32G4xx_HAL_Driver/Src/stm32g4xx_hal_pwr_ex.o
                                      0xb1aee (size before relaxing)
 .debug_str     0x00000000000ba0f6      0x4d5 ./Drivers/STM32G4xx_HAL_Driver/Src/stm32g4xx_hal_rcc.o
                                      0xb1cf9 (size before relaxing)
 .debug_str     0x00000000000ba5cb      0x402 ./Drivers/STM32G4xx_HAL_Driver/Src/stm32g4xx_hal_rcc_ex.o
                                      0xb1cfa (size before relaxing)
 .debug_str     0x00000000000ba9cd      0x9e2 ./Drivers/STM32G4xx_HAL_Driver/Src/stm32g4xx_hal_uart.o
                                      0xb2593 (size before relaxing)
 .debug_str     0x00000000000bb3af      0x251 ./Drivers/STM32G4xx_HAL_Driver/Src/stm32g4xx_hal_uart_ex.o
                                      0xb1d77 (size before relaxing)

.comment        0x0000000000000000       0x50
 .comment       0x0000000000000000       0x50 ./Core/Src/Block.o
                                         0x51 (size before relaxing)
 .comment       0x0000000000000050       0x51 ./Core/Src/Map.o
 .comment       0x0000000000000050       0x51 ./Core/Src/Mob.o
 .comment       0x0000000000000050       0x51 ./Core/Src/Player.o
 .comment       0x0000000000000050       0x51 ./Core/Src/Spike.o
 .comment       0x0000000000000050       0x51 ./Core/Src/gpio.o
 .comment       0x0000000000000050       0x51 ./Core/Src/i2c.o
 .comment       0x0000000000000050       0x51 ./Core/Src/main.o
 .comment       0x0000000000000050       0x51 ./Core/Src/ssd1306.o
 .comment       0x0000000000000050       0x51 ./Core/Src/stm32g4xx_hal_msp.o
 .comment       0x0000000000000050       0x51 ./Core/Src/stm32g4xx_it.o
 .comment       0x0000000000000050       0x51 ./Core/Src/system_stm32g4xx.o
 .comment       0x0000000000000050       0x51 ./Core/Src/usart.o
 .comment       0x0000000000000050       0x51 ./Drivers/STM32G4xx_HAL_Driver/Src/stm32g4xx_hal.o
 .comment       0x0000000000000050       0x51 ./Drivers/STM32G4xx_HAL_Driver/Src/stm32g4xx_hal_cortex.o
 .comment       0x0000000000000050       0x51 ./Drivers/STM32G4xx_HAL_Driver/Src/stm32g4xx_hal_gpio.o
 .comment       0x0000000000000050       0x51 ./Drivers/STM32G4xx_HAL_Driver/Src/stm32g4xx_hal_i2c.o
 .comment       0x0000000000000050       0x51 ./Drivers/STM32G4xx_HAL_Driver/Src/stm32g4xx_hal_i2c_ex.o
 .comment       0x0000000000000050       0x51 ./Drivers/STM32G4xx_HAL_Driver/Src/stm32g4xx_hal_pwr_ex.o
 .comment       0x0000000000000050       0x51 ./Drivers/STM32G4xx_HAL_Driver/Src/stm32g4xx_hal_rcc.o
 .comment       0x0000000000000050       0x51 ./Drivers/STM32G4xx_HAL_Driver/Src/stm32g4xx_hal_rcc_ex.o
 .comment       0x0000000000000050       0x51 ./Drivers/STM32G4xx_HAL_Driver/Src/stm32g4xx_hal_uart.o
 .comment       0x0000000000000050       0x51 ./Drivers/STM32G4xx_HAL_Driver/Src/stm32g4xx_hal_uart_ex.o

.debug_frame    0x0000000000000000     0x3dcc
 .debug_frame   0x0000000000000000      0x144 ./Core/Src/Block.o
 .debug_frame   0x0000000000000144       0xac ./Core/Src/Map.o
 .debug_frame   0x00000000000001f0      0x11c ./Core/Src/Mob.o
 .debug_frame   0x000000000000030c       0xf8 ./Core/Src/Player.o
 .debug_frame   0x0000000000000404      0x120 ./Core/Src/Spike.o
 .debug_frame   0x0000000000000524       0x34 ./Core/Src/gpio.o
 .debug_frame   0x0000000000000558       0x74 ./Core/Src/i2c.o
 .debug_frame   0x00000000000005cc      0x1b4 ./Core/Src/main.o
 .debug_frame   0x0000000000000780      0x344 ./Core/Src/ssd1306.o
 .debug_frame   0x0000000000000ac4       0x38 ./Core/Src/stm32g4xx_hal_msp.o
 .debug_frame   0x0000000000000afc      0x104 ./Core/Src/stm32g4xx_it.o
 .debug_frame   0x0000000000000c00       0x58 ./Core/Src/system_stm32g4xx.o
 .debug_frame   0x0000000000000c58       0x74 ./Core/Src/usart.o
 .debug_frame   0x0000000000000ccc      0x4a0 ./Drivers/STM32G4xx_HAL_Driver/Src/stm32g4xx_hal.o
 .debug_frame   0x000000000000116c      0x498 ./Drivers/STM32G4xx_HAL_Driver/Src/stm32g4xx_hal_cortex.o
 .debug_frame   0x0000000000001604      0x14c ./Drivers/STM32G4xx_HAL_Driver/Src/stm32g4xx_hal_gpio.o
 .debug_frame   0x0000000000001750      0xbe8 ./Drivers/STM32G4xx_HAL_Driver/Src/stm32g4xx_hal_i2c.o
 .debug_frame   0x0000000000002338      0x100 ./Drivers/STM32G4xx_HAL_Driver/Src/stm32g4xx_hal_i2c_ex.o
 .debug_frame   0x0000000000002438      0x4fc ./Drivers/STM32G4xx_HAL_Driver/Src/stm32g4xx_hal_pwr_ex.o
 .debug_frame   0x0000000000002934      0x23c ./Drivers/STM32G4xx_HAL_Driver/Src/stm32g4xx_hal_rcc.o
 .debug_frame   0x0000000000002b70      0x2ac ./Drivers/STM32G4xx_HAL_Driver/Src/stm32g4xx_hal_rcc_ex.o
 .debug_frame   0x0000000000002e1c      0xa94 ./Drivers/STM32G4xx_HAL_Driver/Src/stm32g4xx_hal_uart.o
 .debug_frame   0x00000000000038b0      0x29c ./Drivers/STM32G4xx_HAL_Driver/Src/stm32g4xx_hal_uart_ex.o
 .debug_frame   0x0000000000003b4c       0x20 c:/st/stm32cubeide_1.9.0/stm32cubeide/plugins/com.st.stm32cube.ide.mcu.externaltools.gnu-tools-for-stm32.10.3-2021.10.win32_1.0.100.202210260954/tools/bin/../lib/gcc/arm-none-eabi/10.3.1/../../../../arm-none-eabi/lib/thumb/v7e-m+fp/hard\libstdc++_nano.a(del_ops.o)
 .debug_frame   0x0000000000003b6c       0x20 c:/st/stm32cubeide_1.9.0/stm32cubeide/plugins/com.st.stm32cube.ide.mcu.externaltools.gnu-tools-for-stm32.10.3-2021.10.win32_1.0.100.202210260954/tools/bin/../lib/gcc/arm-none-eabi/10.3.1/../../../../arm-none-eabi/lib/thumb/v7e-m+fp/hard\libstdc++_nano.a(del_op.o)
 .debug_frame   0x0000000000003b8c       0x2c c:/st/stm32cubeide_1.9.0/stm32cubeide/plugins/com.st.stm32cube.ide.mcu.externaltools.gnu-tools-for-stm32.10.3-2021.10.win32_1.0.100.202210260954/tools/bin/../lib/gcc/arm-none-eabi/10.3.1/../../../../arm-none-eabi/lib/thumb/v7e-m+fp/hard\libc_nano.a(lib_a-init.o)
 .debug_frame   0x0000000000003bb8       0x30 c:/st/stm32cubeide_1.9.0/stm32cubeide/plugins/com.st.stm32cube.ide.mcu.externaltools.gnu-tools-for-stm32.10.3-2021.10.win32_1.0.100.202210260954/tools/bin/../lib/gcc/arm-none-eabi/10.3.1/../../../../arm-none-eabi/lib/thumb/v7e-m+fp/hard\libc_nano.a(lib_a-malloc.o)
 .debug_frame   0x0000000000003be8       0x20 c:/st/stm32cubeide_1.9.0/stm32cubeide/plugins/com.st.stm32cube.ide.mcu.externaltools.gnu-tools-for-stm32.10.3-2021.10.win32_1.0.100.202210260954/tools/bin/../lib/gcc/arm-none-eabi/10.3.1/../../../../arm-none-eabi/lib/thumb/v7e-m+fp/hard\libc_nano.a(lib_a-memset.o)
 .debug_frame   0x0000000000003c08       0x38 c:/st/stm32cubeide_1.9.0/stm32cubeide/plugins/com.st.stm32cube.ide.mcu.externaltools.gnu-tools-for-stm32.10.3-2021.10.win32_1.0.100.202210260954/tools/bin/../lib/gcc/arm-none-eabi/10.3.1/../../../../arm-none-eabi/lib/thumb/v7e-m+fp/hard\libc_nano.a(lib_a-nano-freer.o)
 .debug_frame   0x0000000000003c40       0x4c c:/st/stm32cubeide_1.9.0/stm32cubeide/plugins/com.st.stm32cube.ide.mcu.externaltools.gnu-tools-for-stm32.10.3-2021.10.win32_1.0.100.202210260954/tools/bin/../lib/gcc/arm-none-eabi/10.3.1/../../../../arm-none-eabi/lib/thumb/v7e-m+fp/hard\libc_nano.a(lib_a-nano-mallocr.o)
 .debug_frame   0x0000000000003c8c       0x30 c:/st/stm32cubeide_1.9.0/stm32cubeide/plugins/com.st.stm32cube.ide.mcu.externaltools.gnu-tools-for-stm32.10.3-2021.10.win32_1.0.100.202210260954/tools/bin/../lib/gcc/arm-none-eabi/10.3.1/../../../../arm-none-eabi/lib/thumb/v7e-m+fp/hard\libc_nano.a(lib_a-mlock.o)
 .debug_frame   0x0000000000003cbc       0xb0 c:/st/stm32cubeide_1.9.0/stm32cubeide/plugins/com.st.stm32cube.ide.mcu.externaltools.gnu-tools-for-stm32.10.3-2021.10.win32_1.0.100.202210260954/tools/bin/../lib/gcc/arm-none-eabi/10.3.1/../../../../arm-none-eabi/lib/thumb/v7e-m+fp/hard\libc_nano.a(lib_a-lock.o)
 .debug_frame   0x0000000000003d6c       0x2c c:/st/stm32cubeide_1.9.0/stm32cubeide/plugins/com.st.stm32cube.ide.mcu.externaltools.gnu-tools-for-stm32.10.3-2021.10.win32_1.0.100.202210260954/tools/bin/../lib/gcc/arm-none-eabi/10.3.1/thumb/v7e-m+fp/hard\libgcc.a(_aeabi_uldivmod.o)
 .debug_frame   0x0000000000003d98       0x34 c:/st/stm32cubeide_1.9.0/stm32cubeide/plugins/com.st.stm32cube.ide.mcu.externaltools.gnu-tools-for-stm32.10.3-2021.10.win32_1.0.100.202210260954/tools/bin/../lib/gcc/arm-none-eabi/10.3.1/thumb/v7e-m+fp/hard\libgcc.a(_udivmoddi4.o)
