Archive member included to satisfy reference by file (symbol)

c:/st/stm32cubeide_1.9.0/stm32cubeide/plugins/com.st.stm32cube.ide.mcu.externaltools.gnu-tools-for-stm32.10.3-2021.10.win32_1.0.100.202210260954/tools/bin/../lib/gcc/arm-none-eabi/10.3.1/../../../../arm-none-eabi/lib/thumb/v7e-m+fp/hard\libstdc++_nano.a(del_ops.o)
                              ./Core/Src/Block.o (operator delete(void*, unsigned int))
c:/st/stm32cubeide_1.9.0/stm32cubeide/plugins/com.st.stm32cube.ide.mcu.externaltools.gnu-tools-for-stm32.10.3-2021.10.win32_1.0.100.202210260954/tools/bin/../lib/gcc/arm-none-eabi/10.3.1/../../../../arm-none-eabi/lib/thumb/v7e-m+fp/hard\libstdc++_nano.a(del_op.o)
                              c:/st/stm32cubeide_1.9.0/stm32cubeide/plugins/com.st.stm32cube.ide.mcu.externaltools.gnu-tools-for-stm32.10.3-2021.10.win32_1.0.100.202210260954/tools/bin/../lib/gcc/arm-none-eabi/10.3.1/../../../../arm-none-eabi/lib/thumb/v7e-m+fp/hard\libstdc++_nano.a(del_ops.o) (operator delete(void*))
c:/st/stm32cubeide_1.9.0/stm32cubeide/plugins/com.st.stm32cube.ide.mcu.externaltools.gnu-tools-for-stm32.10.3-2021.10.win32_1.0.100.202210260954/tools/bin/../lib/gcc/arm-none-eabi/10.3.1/../../../../arm-none-eabi/lib/thumb/v7e-m+fp/hard\libm.a(lib_a-s_cos.o)
                              ./Core/Src/ssd1306.o (cos)
c:/st/stm32cubeide_1.9.0/stm32cubeide/plugins/com.st.stm32cube.ide.mcu.externaltools.gnu-tools-for-stm32.10.3-2021.10.win32_1.0.100.202210260954/tools/bin/../lib/gcc/arm-none-eabi/10.3.1/../../../../arm-none-eabi/lib/thumb/v7e-m+fp/hard\libm.a(lib_a-s_sin.o)
                              ./Core/Src/ssd1306.o (sin)
c:/st/stm32cubeide_1.9.0/stm32cubeide/plugins/com.st.stm32cube.ide.mcu.externaltools.gnu-tools-for-stm32.10.3-2021.10.win32_1.0.100.202210260954/tools/bin/../lib/gcc/arm-none-eabi/10.3.1/../../../../arm-none-eabi/lib/thumb/v7e-m+fp/hard\libm.a(lib_a-e_rem_pio2.o)
                              c:/st/stm32cubeide_1.9.0/stm32cubeide/plugins/com.st.stm32cube.ide.mcu.externaltools.gnu-tools-for-stm32.10.3-2021.10.win32_1.0.100.202210260954/tools/bin/../lib/gcc/arm-none-eabi/10.3.1/../../../../arm-none-eabi/lib/thumb/v7e-m+fp/hard\libm.a(lib_a-s_cos.o) (__ieee754_rem_pio2)
c:/st/stm32cubeide_1.9.0/stm32cubeide/plugins/com.st.stm32cube.ide.mcu.externaltools.gnu-tools-for-stm32.10.3-2021.10.win32_1.0.100.202210260954/tools/bin/../lib/gcc/arm-none-eabi/10.3.1/../../../../arm-none-eabi/lib/thumb/v7e-m+fp/hard\libm.a(lib_a-k_cos.o)
                              c:/st/stm32cubeide_1.9.0/stm32cubeide/plugins/com.st.stm32cube.ide.mcu.externaltools.gnu-tools-for-stm32.10.3-2021.10.win32_1.0.100.202210260954/tools/bin/../lib/gcc/arm-none-eabi/10.3.1/../../../../arm-none-eabi/lib/thumb/v7e-m+fp/hard\libm.a(lib_a-s_cos.o) (__kernel_cos)
c:/st/stm32cubeide_1.9.0/stm32cubeide/plugins/com.st.stm32cube.ide.mcu.externaltools.gnu-tools-for-stm32.10.3-2021.10.win32_1.0.100.202210260954/tools/bin/../lib/gcc/arm-none-eabi/10.3.1/../../../../arm-none-eabi/lib/thumb/v7e-m+fp/hard\libm.a(lib_a-k_rem_pio2.o)
                              c:/st/stm32cubeide_1.9.0/stm32cubeide/plugins/com.st.stm32cube.ide.mcu.externaltools.gnu-tools-for-stm32.10.3-2021.10.win32_1.0.100.202210260954/tools/bin/../lib/gcc/arm-none-eabi/10.3.1/../../../../arm-none-eabi/lib/thumb/v7e-m+fp/hard\libm.a(lib_a-e_rem_pio2.o) (__kernel_rem_pio2)
c:/st/stm32cubeide_1.9.0/stm32cubeide/plugins/com.st.stm32cube.ide.mcu.externaltools.gnu-tools-for-stm32.10.3-2021.10.win32_1.0.100.202210260954/tools/bin/../lib/gcc/arm-none-eabi/10.3.1/../../../../arm-none-eabi/lib/thumb/v7e-m+fp/hard\libm.a(lib_a-k_sin.o)
                              c:/st/stm32cubeide_1.9.0/stm32cubeide/plugins/com.st.stm32cube.ide.mcu.externaltools.gnu-tools-for-stm32.10.3-2021.10.win32_1.0.100.202210260954/tools/bin/../lib/gcc/arm-none-eabi/10.3.1/../../../../arm-none-eabi/lib/thumb/v7e-m+fp/hard\libm.a(lib_a-s_cos.o) (__kernel_sin)
c:/st/stm32cubeide_1.9.0/stm32cubeide/plugins/com.st.stm32cube.ide.mcu.externaltools.gnu-tools-for-stm32.10.3-2021.10.win32_1.0.100.202210260954/tools/bin/../lib/gcc/arm-none-eabi/10.3.1/../../../../arm-none-eabi/lib/thumb/v7e-m+fp/hard\libm.a(lib_a-s_fabs.o)
                              c:/st/stm32cubeide_1.9.0/stm32cubeide/plugins/com.st.stm32cube.ide.mcu.externaltools.gnu-tools-for-stm32.10.3-2021.10.win32_1.0.100.202210260954/tools/bin/../lib/gcc/arm-none-eabi/10.3.1/../../../../arm-none-eabi/lib/thumb/v7e-m+fp/hard\libm.a(lib_a-e_rem_pio2.o) (fabs)
c:/st/stm32cubeide_1.9.0/stm32cubeide/plugins/com.st.stm32cube.ide.mcu.externaltools.gnu-tools-for-stm32.10.3-2021.10.win32_1.0.100.202210260954/tools/bin/../lib/gcc/arm-none-eabi/10.3.1/../../../../arm-none-eabi/lib/thumb/v7e-m+fp/hard\libm.a(lib_a-s_floor.o)
[...]
Memory Configuration

Name             Origin             Length             Attributes
RAM              0x0000000020000000 0x0000000000008000 xrw
FLASH            0x0000000008000000 0x0000000000020000 xr
*default*        0x0000000000000000 0xffffffffffffffff

Linker script and memory map

LOAD c:/st/stm32cubeide_1.9.0/stm32cubeide/plugins/com.st.stm32cube.ide.mcu.externaltools.gnu-tools-for-stm32.10.3-2021.10.win32_1.0.100.202210260954/tools/bin/../lib/gcc/arm-none-eabi/10.3.1/thumb/v7e-m+fp/hard/crti.o
LOAD c:/st/stm32cubeide_1.9.0/stm32cubeide/plugins/com.st.stm32cube.ide.mcu.externaltools.gnu-tools-for-stm32.10.3-2021.10.win32_1.0.100.202210260954/tools/bin/../lib/gcc/arm-none-eabi/10.3.1/thumb/v7e-m+fp/hard/crtbegin.o
LOAD c:/st/stm32cubeide_1.9.0/stm32cubeide/plugins/com.st.stm32cube.ide.mcu.externaltools.gnu-tools-for-stm32.10.3-2021.10.win32_1.0.100.202210260954/tools/bin/../lib/gcc/arm-none-eabi/10.3.1/../../../../arm-none-eabi/lib/thumb/v7e-m+fp/hard/crt0.o
LOAD ./Core/Src/Block.o
LOAD ./Core/Src/Coin.o
LOAD ./Core/Src/Map.o
LOAD ./Core/Src/Mob.o
LOAD ./Core/Src/Player.o
LOAD ./Core/Src/Spike.o
LOAD ./Core/Src/gpio.o
LOAD ./Core/Src/i2c.o
LOAD ./Core/Src/main.o
LOAD ./Core/Src/ssd1306.o
LOAD ./Core/Src/ssd1306_fonts.o
LOAD ./Core/Src/ssd1306_tests.o
LOAD ./Core/Src/stm32g4xx_hal_msp.o
LOAD ./Core/Src/stm32g4xx_it.o
LOAD ./Core/Src/syscalls.o
LOAD ./Core/Src/sysmem.o
LOAD ./Core/Src/system_stm32g4xx.o
LOAD ./Core/Src/usart.o
LOAD ./Core/Startup/startup_stm32g431kbtx.o
LOAD ./Drivers/STM32G4xx_HAL_Driver/Src/stm32g4xx_hal.o
LOAD ./Drivers/STM32G4xx_HAL_Driver/Src/stm32g4xx_hal_cortex.o
LOAD ./Drivers/STM32G4xx_HAL_Driver/Src/stm32g4xx_hal_dma.o
LOAD ./Drivers/STM32G4xx_HAL_Driver/Src/stm32g4xx_hal_dma_ex.o
LOAD ./Drivers/STM32G4xx_HAL_Driver/Src/stm32g4xx_hal_exti.o
LOAD ./Drivers/STM32G4xx_HAL_Driver/Src/stm32g4xx_hal_flash.o
LOAD ./Drivers/STM32G4xx_HAL_Driver/Src/stm32g4xx_hal_flash_ex.o
LOAD ./Drivers/STM32G4xx_HAL_Driver/Src/stm32g4xx_hal_flash_ramfunc.o
LOAD ./Drivers/STM32G4xx_HAL_Driver/Src/stm32g4xx_hal_gpio.o
LOAD ./Drivers/STM32G4xx_HAL_Driver/Src/stm32g4xx_hal_i2c.o
LOAD ./Drivers/STM32G4xx_HAL_Driver/Src/stm32g4xx_hal_i2c_ex.o
LOAD ./Drivers/STM32G4xx_HAL_Driver/Src/stm32g4xx_hal_pwr.o
LOAD ./Drivers/STM32G4xx_HAL_Driver/Src/stm32g4xx_hal_pwr_ex.o
LOAD ./Drivers/STM32G4xx_HAL_Driver/Src/stm32g4xx_hal_rcc.o
LOAD ./Drivers/STM32G4xx_HAL_Driver/Src/stm32g4xx_hal_rcc_ex.o
LOAD ./Drivers/STM32G4xx_HAL_Driver/Src/stm32g4xx_hal_tim.o
LOAD ./Drivers/STM32G4xx_HAL_Driver/Src/stm32g4xx_hal_tim_ex.o
LOAD ./Drivers/STM32G4xx_HAL_Driver/Src/stm32g4xx_hal_uart.o
LOAD ./Drivers/STM32G4xx_HAL_Driver/Src/stm32g4xx_hal_uart_ex.o
START GROUP
LOAD c:/st/stm32cubeide_1.9.0/stm32cubeide/plugins/com.st.stm32cube.ide.mcu.externaltools.gnu-tools-for-stm32.10.3-2021.10.win32_1.0.100.202210260954/tools/bin/../lib/gcc/arm-none-eabi/10.3.1/../../../../arm-none-eabi/lib/thumb/v7e-m+fp/hard\libstdc++_nano.a
LOAD c:/st/stm32cubeide_1.9.0/stm32cubeide/plugins/com.st.stm32cube.ide.mcu.externaltools.gnu-tools-for-stm32.10.3-2021.10.win32_1.0.100.202210260954/tools/bin/../lib/gcc/arm-none-eabi/10.3.1/../../../../arm-none-eabi/lib/thumb/v7e-m+fp/hard\libsupc++_nano.a
END GROUP
LOAD c:/st/stm32cubeide_1.9.0/stm32cubeide/plugins/com.st.stm32cube.ide.mcu.externaltools.gnu-tools-for-stm32.10.3-2021.10.win32_1.0.100.202210260954/tools/bin/../lib/gcc/arm-none-eabi/10.3.1/../../../../arm-none-eabi/lib/thumb/v7e-m+fp/hard\libstdc++_nano.a
LOAD c:/st/stm32cubeide_1.9.0/stm32cubeide/plugins/com.st.stm32cube.ide.mcu.externaltools.gnu-tools-for-stm32.10.3-2021.10.win32_1.0.100.202210260954/tools/bin/../lib/gcc/arm-none-eabi/10.3.1/../../../../arm-none-eabi/lib/thumb/v7e-m+fp/hard\libm.a
LOAD c:/st/stm32cubeide_1.9.0/stm32cubeide/plugins/com.st.stm32cube.ide.mcu.externaltools.gnu-tools-for-stm32.10.3-2021.10.win32_1.0.100.202210260954/tools/bin/../lib/gcc/arm-none-eabi/10.3.1/../../../../arm-none-eabi/lib/thumb/v7e-m+fp/hard\libc_nano.a
START GROUP
LOAD c:/st/stm32cubeide_1.9.0/stm32cubeide/plugins/com.st.stm32cube.ide.mcu.externaltools.gnu-tools-for-stm32.10.3-2021.10.win32_1.0.100.202210260954/tools/bin/../lib/gcc/arm-none-eabi/10.3.1/thumb/v7e-m+fp/hard\libgcc.a
LOAD c:/st/stm32cubeide_1.9.0/stm32cubeide/plugins/com.st.stm32cube.ide.mcu.externaltools.gnu-tools-for-stm32.10.3-2021.10.win32_1.0.100.202210260954/tools/bin/../lib/gcc/arm-none-eabi/10.3.1/../../../../arm-none-eabi/lib/thumb/v7e-m+fp/hard\libc_nano.a
END GROUP
START GROUP
LOAD c:/st/stm32cubeide_1.9.0/stm32cubeide/plugins/com.st.stm32cube.ide.mcu.externaltools.gnu-tools-for-stm32.10.3-2021.10.win32_1.0.100.202210260954/tools/bin/../lib/gcc/arm-none-eabi/10.3.1/thumb/v7e-m+fp/hard\libgcc.a
LOAD c:/st/stm32cubeide_1.9.0/stm32cubeide/plugins/com.st.stm32cube.ide.mcu.externaltools.gnu-tools-for-stm32.10.3-2021.10.win32_1.0.100.202210260954/tools/bin/../lib/gcc/arm-none-eabi/10.3.1/../../../../arm-none-eabi/lib/thumb/v7e-m+fp/hard\libc_nano.a
END GROUP
LOAD c:/st/stm32cubeide_1.9.0/stm32cubeide/plugins/com.st.stm32cube.ide.mcu.externaltools.gnu-tools-for-stm32.10.3-2021.10.win32_1.0.100.202210260954/tools/bin/../lib/gcc/arm-none-eabi/10.3.1/thumb/v7e-m+fp/hard/crtend.o
LOAD c:/st/stm32cubeide_1.9.0/stm32cubeide/plugins/com.st.stm32cube.ide.mcu.externaltools.gnu-tools-for-stm32.10.3-2021.10.win32_1.0.100.202210260954/tools/bin/../lib/gcc/arm-none-eabi/10.3.1/thumb/v7e-m+fp/hard/crtn.o
                0x0000000020008000                _estack = (ORIGIN (RAM) + LENGTH (RAM))
                0x0000000000000200                _Min_Heap_Size = 0x200
                0x0000000000000400                _Min_Stack_Size = 0x400

.isr_vector     0x0000000008000000      0x1d8
                0x0000000008000000                . = ALIGN (0x4)
 *(.isr_vector)
 .isr_vector    0x0000000008000000      0x1d8 ./Core/Startup/startup_stm32g431kbtx.o
                0x0000000008000000                g_pfnVectors
                0x00000000080001d8                . = ALIGN (0x4)

.text           0x00000000080001d8     0x4cfc
                0x00000000080001d8                . = ALIGN (0x4)
 *(.text)
 .text          0x00000000080001d8       0x40 c:/st/stm32cubeide_1.9.0/stm32cubeide/plugins/com.st.stm32cube.ide.mcu.externaltools.gnu-tools-for-stm32.10.3-2021.10.win32_1.0.100.202210260954/tools/bin/../lib/gcc/arm-none-eabi/10.3.1/thumb/v7e-m+fp/hard/crtbegin.o
 .text          0x0000000008000218       0x30 c:/st/stm32cubeide_1.9.0/stm32cubeide/plugins/com.st.stm32cube.ide.mcu.externaltools.gnu-tools-for-stm32.10.3-2021.10.win32_1.0.100.202210260954/tools/bin/../lib/gcc/arm-none-eabi/10.3.1/thumb/v7e-m+fp/hard\libgcc.a(_aeabi_uldivmod.o)
                0x0000000008000218                __aeabi_uldivmod
 .text          0x0000000008000248      0x2d0 c:/st/stm32cubeide_1.9.0/stm32cubeide/plugins/com.st.stm32cube.ide.mcu.externaltools.gnu-tools-for-stm32.10.3-2021.10.win32_1.0.100.202210260954/tools/bin/../lib/gcc/arm-none-eabi/10.3.1/thumb/v7e-m+fp/hard\libgcc.a(_udivmoddi4.o)
                0x0000000008000248                __udivmoddi4
 .text          0x0000000008000518        0x4 c:/st/stm32cubeide_1.9.0/stm32cubeide/plugins/com.st.stm32cube.ide.mcu.externaltools.gnu-tools-for-stm32.10.3-2021.10.win32_1.0.100.202210260954/tools/bin/../lib/gcc/arm-none-eabi/10.3.1/thumb/v7e-m+fp/hard\libgcc.a(_dvmd_tls.o)
                0x0000000008000518                __aeabi_idiv0
                0x0000000008000518                __aeabi_ldiv0
 *(.text*)
 .text._ZN5BlockC2EiiiiPKhii
                0x000000000800051c       0x50 ./Core/Src/Block.o
                0x000000000800051c                Block::Block(int, int, int, int, unsigned char const*, int, int)
                0x000000000800051c                Block::Block(int, int, int, int, unsigned char const*, int, int)
 .text._ZN5Block11generateHITEv
                0x000000000800056c       0x40 ./Core/Src/Block.o
                0x000000000800056c                Block::generateHIT()
 .text._ZN5Block13Display_BlockEv
                0x00000000080005ac       0x38 ./Core/Src/Block.o
                0x00000000080005ac                Block::Display_Block()
 .text._ZN5Block5CheckERiR6Player
                0x00000000080005e4      0x112 ./Core/Src/Block.o
                0x00000000080005e4                Block::Check(int&, Player&)
 .text._ZN5Block10Move_BlockEiiRiR6Player
                0x00000000080006f6       0xc6 ./Core/Src/Block.o
                0x00000000080006f6                Block::Move_Block(int, int, int&, Player&)
 .text._ZN5Block15Change_positionEii
                0x00000000080007bc       0x24 ./Core/Src/Block.o
                0x00000000080007bc                Block::Change_position(int, int)
 .text._ZN5BlockD2Ev
                0x00000000080007e0       0x20 ./Core/Src/Block.o
                0x00000000080007e0                Block::~Block()
                0x00000000080007e0                Block::~Block()
 .text._ZN5BlockD0Ev
                0x0000000008000800       0x20 ./Core/Src/Block.o
                0x0000000008000800                Block::~Block()
 .text._ZN4CoinC2EiiiiPKhi
                0x0000000008000820       0x4c ./Core/Src/Coin.o
                0x0000000008000820                Coin::Coin(int, int, int, int, unsigned char const*, int)
                0x0000000008000820                Coin::Coin(int, int, int, int, unsigned char const*, int)
 .text._ZN4Coin5CheckER6PlayerRi
                0x000000000800086c      0x12c ./Core/Src/Coin.o
                0x000000000800086c                Coin::Check(Player&, int&)
 .text._ZN4Coin11generateHITEv
                0x0000000008000998       0x40 ./Core/Src/Coin.o
                0x0000000008000998                Coin::generateHIT()
 .text._ZN4Coin12Display_CoinEv
                0x00000000080009d8       0x40 ./Core/Src/Coin.o
                0x00000000080009d8                Coin::Display_Coin()
 .text._ZN4Coin15Change_positionEii
                0x0000000008000a18       0x24 ./Core/Src/Coin.o
                0x0000000008000a18                Coin::Change_position(int, int)
 .text._ZN4CoinD2Ev
                0x0000000008000a3c       0x20 ./Core/Src/Coin.o
                0x0000000008000a3c                Coin::~Coin()
                0x0000000008000a3c                Coin::~Coin()
 .text._ZN4CoinD0Ev
                0x0000000008000a5c       0x20 ./Core/Src/Coin.o
                0x0000000008000a5c                Coin::~Coin()
 .text._ZN3MapC2EPKhiiii
                0x0000000008000a7c       0x44 ./Core/Src/Map.o
                0x0000000008000a7c                Map::Map(unsigned char const*, int, int, int, int)
                0x0000000008000a7c                Map::Map(unsigned char const*, int, int, int, int)
 .text._ZN3Map11Display_mapEv
                0x0000000008000ac0       0x38 ./Core/Src/Map.o
                0x0000000008000ac0                Map::Display_map()
 .text._ZN3MapD2Ev
                0x0000000008000af8       0x20 ./Core/Src/Map.o
                0x0000000008000af8                Map::~Map()
                0x0000000008000af8                Map::~Map()
 .text._ZN3MapD0Ev
                0x0000000008000b18       0x20 ./Core/Src/Map.o
                0x0000000008000b18                Map::~Map()
 .text._ZN3MobC2EiiiiiPKhii
                0x0000000008000b38       0x58 ./Core/Src/Mob.o
                0x0000000008000b38                Mob::Mob(int, int, int, int, int, unsigned char const*, int, int)
                0x0000000008000b38                Mob::Mob(int, int, int, int, int, unsigned char const*, int, int)
 .text._ZN3Mob11generateHITEv
                0x0000000008000b90       0x40 ./Core/Src/Mob.o
                0x0000000008000b90                Mob::generateHIT()
 .text._ZN3Mob5checkER6Player
                0x0000000008000bd0       0xb4 ./Core/Src/Mob.o
                0x0000000008000bd0                Mob::check(Player&)
 .text._ZN3Mob8Move_mobEii
                0x0000000008000c84       0x72 ./Core/Src/Mob.o
                0x0000000008000c84                Mob::Move_mob(int, int)
 .text._ZN3Mob11Display_mobEv
                0x0000000008000cf6       0x40 ./Core/Src/Mob.o
                0x0000000008000cf6                Mob::Display_mob()
 .text._ZN3Mob15Change_positionEii
                0x0000000008000d36       0x24 ./Core/Src/Mob.o
                0x0000000008000d36                Mob::Change_position(int, int)
 *fill*         0x0000000008000d5a        0x2 
 .text._ZN3MobD2Ev
                0x0000000008000d5c       0x20 ./Core/Src/Mob.o
                0x0000000008000d5c                Mob::~Mob()
                0x0000000008000d5c                Mob::~Mob()
 .text._ZN3MobD0Ev
                0x0000000008000d7c       0x20 ./Core/Src/Mob.o
                0x0000000008000d7c                Mob::~Mob()
 .text._ZN6PlayerC2EiiiiiPKh
                0x0000000008000d9c       0x4c ./Core/Src/Player.o
                0x0000000008000d9c                Player::Player(int, int, int, int, int, unsigned char const*)
                0x0000000008000d9c                Player::Player(int, int, int, int, int, unsigned char const*)
 .text._ZN6Player14Display_PlayerEv
                0x0000000008000de8       0x38 ./Core/Src/Player.o
                0x0000000008000de8                Player::Display_Player()
 .text._ZN6Player21Display_Player_heartsEv
                0x0000000008000e20       0xa4 ./Core/Src/Player.o
                0x0000000008000e20                Player::Display_Player_hearts()
 .text._ZN6Player11generateHITEv
                0x0000000008000ec4       0x40 ./Core/Src/Player.o
                0x0000000008000ec4                Player::generateHIT()
 .text._ZN6Player15Change_positionEii
                0x0000000008000f04       0x24 ./Core/Src/Player.o
                0x0000000008000f04                Player::Change_position(int, int)
 .text._ZN6PlayerD2Ev
                0x0000000008000f28       0x20 ./Core/Src/Player.o
                0x0000000008000f28                Player::~Player()
                0x0000000008000f28                Player::~Player()
 .text._ZN6PlayerD0Ev
                0x0000000008000f48       0x20 ./Core/Src/Player.o
                0x0000000008000f48                Player::~Player()
 .text._ZN5SpikeC2EiiiiPKh
                0x0000000008000f68       0x44 ./Core/Src/Spike.o
                0x0000000008000f68                Spike::Spike(int, int, int, int, unsigned char const*)
                0x0000000008000f68                Spike::Spike(int, int, int, int, unsigned char const*)
 .text._ZN5Spike11generateHITEv
                0x0000000008000fac       0x40 ./Core/Src/Spike.o
                0x0000000008000fac                Spike::generateHIT()
 .text._ZN5Spike5CheckERiR6Player
                0x0000000008000fec       0xf8 ./Core/Src/Spike.o
                0x0000000008000fec                Spike::Check(int&, Player&)
 .text._ZN5Spike13Display_SpikeEv
                0x00000000080010e4       0x38 ./Core/Src/Spike.o
                0x00000000080010e4                Spike::Display_Spike()
 .text._ZN5Spike15Change_positionEii
                0x000000000800111c       0x24 ./Core/Src/Spike.o
                0x000000000800111c                Spike::Change_position(int, int)
 .text._ZN5SpikeD2Ev
                0x0000000008001140       0x20 ./Core/Src/Spike.o
                0x0000000008001140                Spike::~Spike()
                0x0000000008001140                Spike::~Spike()
 .text._ZN5SpikeD0Ev
                0x0000000008001160       0x20 ./Core/Src/Spike.o
                0x0000000008001160                Spike::~Spike()
 .text.MX_GPIO_Init
                0x0000000008001180       0xb4 ./Core/Src/gpio.o
                0x0000000008001180                MX_GPIO_Init
 .text.MX_I2C1_Init
                0x0000000008001234       0x80 ./Core/Src/i2c.o
                0x0000000008001234                MX_I2C1_Init
 .text.HAL_I2C_MspInit
                0x00000000080012b4       0xec ./Core/Src/i2c.o
                0x00000000080012b4                HAL_I2C_MspInit
 .text._Z10change_mapRiS_S_S_S_S_
                0x00000000080013a0      0x24c ./Core/Src/main.o
                0x00000000080013a0                change_map(int&, int&, int&, int&, int&, int&)
 .text._Z4JumpR6PlayerRiS1_
                0x00000000080015ec       0x64 ./Core/Src/main.o
                0x00000000080015ec                Jump(Player&, int&, int&)
 .text._Z11GravitationR6PlayeriRi
                0x0000000008001650       0x50 ./Core/Src/main.o
                0x0000000008001650                Gravitation(Player&, int, int&)
 .text._Z13Check_buttonsR6Playeri
                0x00000000080016a0       0x9c ./Core/Src/main.o
                0x00000000080016a0                Check_buttons(Player&, int)
 .text._Z19Display_Over_Screenv
                0x000000000800173c       0x38 ./Core/Src/main.o
                0x000000000800173c                Display_Over_Screen()
 .text._Z4Game6PlayerRiS0_
                0x0000000008001774      0x190 ./Core/Src/main.o
                0x0000000008001774                Game(Player, int&, int&)
 .text._ZN6PlayerC2ERKS_
                0x0000000008001904       0x7c ./Core/Src/main.o
                0x0000000008001904                Player::Player(Player const&)
                0x0000000008001904                Player::Player(Player const&)
 .text.main     0x0000000008001980      0x144 ./Core/Src/main.o
                0x0000000008001980                main
 .text._Z18SystemClock_Configv
                0x0000000008001ac4       0xaa ./Core/Src/main.o
                0x0000000008001ac4                SystemClock_Config()
 .text.Error_Handler
                0x0000000008001b6e        0xa ./Core/Src/main.o
                0x0000000008001b6e                Error_Handler
 .text._Z41__static_initialization_and_destruction_0ii
                0x0000000008001b78      0x160 ./Core/Src/main.o
 .text._GLOBAL__sub_I_map1
                0x0000000008001cd8       0x10 ./Core/Src/main.o
 .text._GLOBAL__sub_D_map1
                0x0000000008001ce8       0x10 ./Core/Src/main.o
 .text.ssd1306_Reset
                0x0000000008001cf8        0xe ./Core/Src/ssd1306.o
                0x0000000008001cf8                ssd1306_Reset
 *fill*         0x0000000008001d06        0x2 
 .text.ssd1306_WriteCommand
                0x0000000008001d08       0x30 ./Core/Src/ssd1306.o
                0x0000000008001d08                ssd1306_WriteCommand
 .text.ssd1306_WriteData
                0x0000000008001d38       0x34 ./Core/Src/ssd1306.o
                0x0000000008001d38                ssd1306_WriteData
 .text.ssd1306_Init
                0x0000000008001d6c       0xd4 ./Core/Src/ssd1306.o
                0x0000000008001d6c                ssd1306_Init
 .text.ssd1306_Fill
                0x0000000008001e40       0x48 ./Core/Src/ssd1306.o
                0x0000000008001e40                ssd1306_Fill
 .text.ssd1306_UpdateScreen
                0x0000000008001e88       0x50 ./Core/Src/ssd1306.o
                0x0000000008001e88                ssd1306_UpdateScreen
 .text.ssd1306_DrawPixel
                0x0000000008001ed8       0xa8 ./Core/Src/ssd1306.o
                0x0000000008001ed8                ssd1306_DrawPixel
 .text.ssd1306_DrawBitmap
                0x0000000008001f80       0xb6 ./Core/Src/ssd1306.o
                0x0000000008001f80                ssd1306_DrawBitmap
 .text.ssd1306_SetContrast
                0x0000000008002036       0x26 ./Core/Src/ssd1306.o
                0x0000000008002036                ssd1306_SetContrast
 .text.ssd1306_SetDisplayOn
                0x000000000800205c       0x3c ./Core/Src/ssd1306.o
                0x000000000800205c                ssd1306_SetDisplayOn
 .text.HAL_MspInit
                0x0000000008002098       0x48 ./Core/Src/stm32g4xx_hal_msp.o
                0x0000000008002098                HAL_MspInit
 .text.NMI_Handler
                0x00000000080020e0        0x6 ./Core/Src/stm32g4xx_it.o
                0x00000000080020e0                NMI_Handler
 .text.HardFault_Handler
                0x00000000080020e6        0x6 ./Core/Src/stm32g4xx_it.o
                0x00000000080020e6                HardFault_Handler
 .text.MemManage_Handler
                0x00000000080020ec        0x6 ./Core/Src/stm32g4xx_it.o
                0x00000000080020ec                MemManage_Handler
 .text.BusFault_Handler
                0x00000000080020f2        0x6 ./Core/Src/stm32g4xx_it.o
                0x00000000080020f2                BusFault_Handler
 .text.UsageFault_Handler
                0x00000000080020f8        0x6 ./Core/Src/stm32g4xx_it.o
                0x00000000080020f8                UsageFault_Handler
 .text.SVC_Handler
                0x00000000080020fe        0xe ./Core/Src/stm32g4xx_it.o
                0x00000000080020fe                SVC_Handler
 .text.DebugMon_Handler
                0x000000000800210c        0xe ./Core/Src/stm32g4xx_it.o
                0x000000000800210c                DebugMon_Handler
 .text.PendSV_Handler
                0x000000000800211a        0xe ./Core/Src/stm32g4xx_it.o
                0x000000000800211a                PendSV_Handler
 .text.SysTick_Handler
                0x0000000008002128        0xc ./Core/Src/stm32g4xx_it.o
                0x0000000008002128                SysTick_Handler
 .text.SystemInit
                0x0000000008002134       0x24 ./Core/Src/system_stm32g4xx.o
                0x0000000008002134                SystemInit
 .text.MX_USART2_UART_Init
                0x0000000008002158       0x98 ./Core/Src/usart.o
                0x0000000008002158                MX_USART2_UART_Init
 .text.HAL_UART_MspInit
                0x00000000080021f0       0xb0 ./Core/Src/usart.o
                0x00000000080021f0                HAL_UART_MspInit
 .text.Reset_Handler
                0x00000000080022a0       0x50 ./Core/Startup/startup_stm32g431kbtx.o
                0x00000000080022a0                Reset_Handler
 .text.Default_Handler
                0x00000000080022f0        0x2 ./Core/Startup/startup_stm32g431kbtx.o
                0x00000000080022f0                RTC_Alarm_IRQHandler
                0x00000000080022f0                EXTI2_IRQHandler
                0x00000000080022f0                TIM8_TRG_COM_IRQHandler
                0x00000000080022f0                TIM8_CC_IRQHandler
                0x00000000080022f0                TIM1_CC_IRQHandler
                0x00000000080022f0                USB_HP_IRQHandler
                0x00000000080022f0                CORDIC_IRQHandler
                0x00000000080022f0                EXTI3_IRQHandler
                0x00000000080022f0                I2C3_ER_IRQHandler
                0x00000000080022f0                EXTI0_IRQHandler
                0x00000000080022f0                I2C2_EV_IRQHandler
                0x00000000080022f0                FPU_IRQHandler
                0x00000000080022f0                FDCAN1_IT1_IRQHandler
                0x00000000080022f0                TIM1_UP_TIM16_IRQHandler
                0x00000000080022f0                ADC1_2_IRQHandler
                0x00000000080022f0                SPI1_IRQHandler
                0x00000000080022f0                TIM6_DAC_IRQHandler
                0x00000000080022f0                TIM8_UP_IRQHandler
                0x00000000080022f0                DMA2_Channel2_IRQHandler
                0x00000000080022f0                DMA1_Channel4_IRQHandler
                0x00000000080022f0                USART3_IRQHandler
                0x00000000080022f0                TIM4_IRQHandler
                0x00000000080022f0                DMA2_Channel1_IRQHandler
                0x00000000080022f0                I2C1_EV_IRQHandler
                0x00000000080022f0                DMA1_Channel6_IRQHandler
                0x00000000080022f0                UART4_IRQHandler
                0x00000000080022f0                DMA2_Channel4_IRQHandler
                0x00000000080022f0                TIM3_IRQHandler
                0x00000000080022f0                RCC_IRQHandler
                0x00000000080022f0                DMA1_Channel1_IRQHandler
                0x00000000080022f0                Default_Handler
                0x00000000080022f0                RTC_TAMP_LSECSS_IRQHandler
                0x00000000080022f0                FMAC_IRQHandler
                0x00000000080022f0                EXTI15_10_IRQHandler
                0x00000000080022f0                TIM7_IRQHandler
                0x00000000080022f0                UCPD1_IRQHandler
                0x00000000080022f0                I2C3_EV_IRQHandler
                0x00000000080022f0                EXTI9_5_IRQHandler
                0x00000000080022f0                RTC_WKUP_IRQHandler
                0x00000000080022f0                PVD_PVM_IRQHandler
                0x00000000080022f0                SPI2_IRQHandler
                0x00000000080022f0                DMA2_Channel5_IRQHandler
                0x00000000080022f0                CRS_IRQHandler
                0x00000000080022f0                DMA1_Channel5_IRQHandler
                0x00000000080022f0                USB_LP_IRQHandler
                0x00000000080022f0                EXTI4_IRQHandler
                0x00000000080022f0                RNG_IRQHandler
                0x00000000080022f0                TIM1_TRG_COM_TIM17_IRQHandler
                0x00000000080022f0                DMA1_Channel3_IRQHandler
                0x00000000080022f0                WWDG_IRQHandler
                0x00000000080022f0                LPUART1_IRQHandler
                0x00000000080022f0                DMA2_Channel6_IRQHandler
                0x00000000080022f0                FDCAN1_IT0_IRQHandler
                0x00000000080022f0                TIM2_IRQHandler
                0x00000000080022f0                COMP1_2_3_IRQHandler
                0x00000000080022f0                EXTI1_IRQHandler
                0x00000000080022f0                USART2_IRQHandler
                0x00000000080022f0                I2C2_ER_IRQHandler
                0x00000000080022f0                DMA1_Channel2_IRQHandler
                0x00000000080022f0                TIM8_BRK_IRQHandler
                0x00000000080022f0                FLASH_IRQHandler
                0x00000000080022f0                USART1_IRQHandler
                0x00000000080022f0                SPI3_IRQHandler
                0x00000000080022f0                I2C1_ER_IRQHandler
                0x00000000080022f0                LPTIM1_IRQHandler
                0x00000000080022f0                DMAMUX_OVR_IRQHandler
                0x00000000080022f0                USBWakeUp_IRQHandler
                0x00000000080022f0                SAI1_IRQHandler
                0x00000000080022f0                DMA2_Channel3_IRQHandler
                0x00000000080022f0                COMP4_IRQHandler
                0x00000000080022f0                TIM1_BRK_TIM15_IRQHandler
 .text.HAL_Init
                0x00000000080022f2       0x30 ./Drivers/STM32G4xx_HAL_Driver/Src/stm32g4xx_hal.o
                0x00000000080022f2                HAL_Init
 *fill*         0x0000000008002322        0x2 
 .text.HAL_InitTick
                0x0000000008002324       0x74 ./Drivers/STM32G4xx_HAL_Driver/Src/stm32g4xx_hal.o
                0x0000000008002324                HAL_InitTick
 .text.HAL_IncTick
                0x0000000008002398       0x24 ./Drivers/STM32G4xx_HAL_Driver/Src/stm32g4xx_hal.o
                0x0000000008002398                HAL_IncTick
 .text.HAL_GetTick
                0x00000000080023bc       0x18 ./Drivers/STM32G4xx_HAL_Driver/Src/stm32g4xx_hal.o
                0x00000000080023bc                HAL_GetTick
 .text.HAL_Delay
                0x00000000080023d4       0x44 ./Drivers/STM32G4xx_HAL_Driver/Src/stm32g4xx_hal.o
                0x00000000080023d4                HAL_Delay
 .text.__NVIC_SetPriorityGrouping
                0x0000000008002418       0x48 ./Drivers/STM32G4xx_HAL_Driver/Src/stm32g4xx_hal_cortex.o
 .text.__NVIC_GetPriorityGrouping
                0x0000000008002460       0x1c ./Drivers/STM32G4xx_HAL_Driver/Src/stm32g4xx_hal_cortex.o
 .text.__NVIC_SetPriority
                0x000000000800247c       0x54 ./Drivers/STM32G4xx_HAL_Driver/Src/stm32g4xx_hal_cortex.o
 .text.NVIC_EncodePriority
                0x00000000080024d0       0x66 ./Drivers/STM32G4xx_HAL_Driver/Src/stm32g4xx_hal_cortex.o
 *fill*         0x0000000008002536        0x2 
 .text.SysTick_Config
                0x0000000008002538       0x44 ./Drivers/STM32G4xx_HAL_Driver/Src/stm32g4xx_hal_cortex.o
 .text.HAL_NVIC_SetPriorityGrouping
                0x000000000800257c       0x16 ./Drivers/STM32G4xx_HAL_Driver/Src/stm32g4xx_hal_cortex.o
                0x000000000800257c                HAL_NVIC_SetPriorityGrouping
 .text.HAL_NVIC_SetPriority
                0x0000000008002592       0x34 ./Drivers/STM32G4xx_HAL_Driver/Src/stm32g4xx_hal_cortex.o
                0x0000000008002592                HAL_NVIC_SetPriority
 .text.HAL_SYSTICK_Config
                0x00000000080025c6       0x18 ./Drivers/STM32G4xx_HAL_Driver/Src/stm32g4xx_hal_cortex.o
                0x00000000080025c6                HAL_SYSTICK_Config
 *fill*         0x00000000080025de        0x2 
 .text.HAL_GPIO_Init
                0x00000000080025e0      0x304 ./Drivers/STM32G4xx_HAL_Driver/Src/stm32g4xx_hal_gpio.o
                0x00000000080025e0                HAL_GPIO_Init
 .text.HAL_GPIO_ReadPin
                0x00000000080028e4       0x30 ./Drivers/STM32G4xx_HAL_Driver/Src/stm32g4xx_hal_gpio.o
                0x00000000080028e4                HAL_GPIO_ReadPin
 .text.HAL_GPIO_WritePin
                0x0000000008002914       0x30 ./Drivers/STM32G4xx_HAL_Driver/Src/stm32g4xx_hal_gpio.o
                0x0000000008002914                HAL_GPIO_WritePin
 .text.HAL_I2C_Init
                0x0000000008002944      0x11e ./Drivers/STM32G4xx_HAL_Driver/Src/stm32g4xx_hal_i2c.o
                0x0000000008002944                HAL_I2C_Init
 *fill*         0x0000000008002a62        0x2 
 .text.HAL_I2C_Mem_Write
                0x0000000008002a64      0x228 ./Drivers/STM32G4xx_HAL_Driver/Src/stm32g4xx_hal_i2c.o
                0x0000000008002a64                HAL_I2C_Mem_Write
 .text.I2C_RequestMemoryWrite
                0x0000000008002c8c       0xa8 ./Drivers/STM32G4xx_HAL_Driver/Src/stm32g4xx_hal_i2c.o
 .text.I2C_Flush_TXDR
                0x0000000008002d34       0x48 ./Drivers/STM32G4xx_HAL_Driver/Src/stm32g4xx_hal_i2c.o
 .text.I2C_WaitOnFlagUntilTimeout
                0x0000000008002d7c       0x80 ./Drivers/STM32G4xx_HAL_Driver/Src/stm32g4xx_hal_i2c.o
 .text.I2C_WaitOnTXISFlagUntilTimeout
                0x0000000008002dfc       0x80 ./Drivers/STM32G4xx_HAL_Driver/Src/stm32g4xx_hal_i2c.o
 .text.I2C_WaitOnSTOPFlagUntilTimeout
                0x0000000008002e7c       0x78 ./Drivers/STM32G4xx_HAL_Driver/Src/stm32g4xx_hal_i2c.o
 .text.I2C_IsErrorOccurred
                0x0000000008002ef4      0x1d8 ./Drivers/STM32G4xx_HAL_Driver/Src/stm32g4xx_hal_i2c.o
 .text.I2C_TransferConfig
                0x00000000080030cc       0x64 ./Drivers/STM32G4xx_HAL_Driver/Src/stm32g4xx_hal_i2c.o
 .text.HAL_I2CEx_ConfigAnalogFilter
                0x0000000008003130       0x96 ./Drivers/STM32G4xx_HAL_Driver/Src/stm32g4xx_hal_i2c_ex.o
                0x0000000008003130                HAL_I2CEx_ConfigAnalogFilter
 .text.HAL_I2CEx_ConfigDigitalFilter
                0x00000000080031c6       0x98 ./Drivers/STM32G4xx_HAL_Driver/Src/stm32g4xx_hal_i2c_ex.o
                0x00000000080031c6                HAL_I2CEx_ConfigDigitalFilter
 *fill*         0x000000000800325e        0x2 
 .text.HAL_PWREx_ControlVoltageScaling
                0x0000000008003260      0x148 ./Drivers/STM32G4xx_HAL_Driver/Src/stm32g4xx_hal_pwr_ex.o
                0x0000000008003260                HAL_PWREx_ControlVoltageScaling
 .text.HAL_RCC_OscConfig
                0x00000000080033a8      0x630 ./Drivers/STM32G4xx_HAL_Driver/Src/stm32g4xx_hal_rcc.o
                0x00000000080033a8                HAL_RCC_OscConfig
 .text.HAL_RCC_ClockConfig
                0x00000000080039d8      0x278 ./Drivers/STM32G4xx_HAL_Driver/Src/stm32g4xx_hal_rcc.o
                0x00000000080039d8                HAL_RCC_ClockConfig
 .text.HAL_RCC_GetSysClockFreq
                0x0000000008003c50       0xc4 ./Drivers/STM32G4xx_HAL_Driver/Src/stm32g4xx_hal_rcc.o
                0x0000000008003c50                HAL_RCC_GetSysClockFreq
 .text.HAL_RCC_GetHCLKFreq
                0x0000000008003d14       0x18 ./Drivers/STM32G4xx_HAL_Driver/Src/stm32g4xx_hal_rcc.o
                0x0000000008003d14                HAL_RCC_GetHCLKFreq
 .text.HAL_RCC_GetPCLK1Freq
                0x0000000008003d2c       0x2c ./Drivers/STM32G4xx_HAL_Driver/Src/stm32g4xx_hal_rcc.o
                0x0000000008003d2c                HAL_RCC_GetPCLK1Freq
 .text.HAL_RCC_GetPCLK2Freq
                0x0000000008003d58       0x2c ./Drivers/STM32G4xx_HAL_Driver/Src/stm32g4xx_hal_rcc.o
                0x0000000008003d58                HAL_RCC_GetPCLK2Freq
 .text.RCC_GetSysClockFreqFromPLLSource
                0x0000000008003d84       0x8c ./Drivers/STM32G4xx_HAL_Driver/Src/stm32g4xx_hal_rcc.o
 .text.HAL_RCCEx_PeriphCLKConfig
                0x0000000008003e10      0x3e0 ./Drivers/STM32G4xx_HAL_Driver/Src/stm32g4xx_hal_rcc_ex.o
                0x0000000008003e10                HAL_RCCEx_PeriphCLKConfig
 .text.HAL_UART_Init
                0x00000000080041f0       0xa0 ./Drivers/STM32G4xx_HAL_Driver/Src/stm32g4xx_hal_uart.o
                0x00000000080041f0                HAL_UART_Init
 .text.UART_SetConfig
                0x0000000008004290      0x598 ./Drivers/STM32G4xx_HAL_Driver/Src/stm32g4xx_hal_uart.o
                0x0000000008004290                UART_SetConfig
 .text.UART_AdvFeatureConfig
                0x0000000008004828      0x144 ./Drivers/STM32G4xx_HAL_Driver/Src/stm32g4xx_hal_uart.o
                0x0000000008004828                UART_AdvFeatureConfig
 .text.UART_CheckIdleState
                0x000000000800496c       0x96 ./Drivers/STM32G4xx_HAL_Driver/Src/stm32g4xx_hal_uart.o
                0x000000000800496c                UART_CheckIdleState
 .text.UART_WaitOnFlagUntilTimeout
                0x0000000008004a02      0x190 ./Drivers/STM32G4xx_HAL_Driver/Src/stm32g4xx_hal_uart.o
                0x0000000008004a02                UART_WaitOnFlagUntilTimeout
 .text.HAL_UARTEx_DisableFifoMode
                0x0000000008004b92       0x72 ./Drivers/STM32G4xx_HAL_Driver/Src/stm32g4xx_hal_uart_ex.o
                0x0000000008004b92                HAL_UARTEx_DisableFifoMode
 .text.HAL_UARTEx_SetTxFifoThreshold
                0x0000000008004c04       0x7c ./Drivers/STM32G4xx_HAL_Driver/Src/stm32g4xx_hal_uart_ex.o
                0x0000000008004c04                HAL_UARTEx_SetTxFifoThreshold
 .text.HAL_UARTEx_SetRxFifoThreshold
                0x0000000008004c80       0x7c ./Drivers/STM32G4xx_HAL_Driver/Src/stm32g4xx_hal_uart_ex.o
                0x0000000008004c80                HAL_UARTEx_SetRxFifoThreshold
 .text.UARTEx_SetNbDataToProcess
                0x0000000008004cfc       0x9c ./Drivers/STM32G4xx_HAL_Driver/Src/stm32g4xx_hal_uart_ex.o
 .text._ZdlPvj  0x0000000008004d98        0x4 c:/st/stm32cubeide_1.9.0/stm32cubeide/plugins/com.st.stm32cube.ide.mcu.externaltools.gnu-tools-for-stm32.10.3-2021.10.win32_1.0.100.202210260954/tools/bin/../lib/gcc/arm-none-eabi/10.3.1/../../../../arm-none-eabi/lib/thumb/v7e-m+fp/hard\libstdc++_nano.a(del_ops.o)
                0x0000000008004d98                operator delete(void*, unsigned int)
 .text._ZdlPv   0x0000000008004d9c        0x4 c:/st/stm32cubeide_1.9.0/stm32cubeide/plugins/com.st.stm32cube.ide.mcu.externaltools.gnu-tools-for-stm32.10.3-2021.10.win32_1.0.100.202210260954/tools/bin/../lib/gcc/arm-none-eabi/10.3.1/../../../../arm-none-eabi/lib/thumb/v7e-m+fp/hard\libstdc++_nano.a(del_op.o)
                0x0000000008004d9c                operator delete(void*)
 .text.__libc_init_array
                0x0000000008004da0       0x48 c:/st/stm32cubeide_1.9.0/stm32cubeide/plugins/com.st.stm32cube.ide.mcu.externaltools.gnu-tools-for-stm32.10.3-2021.10.win32_1.0.100.202210260954/tools/bin/../lib/gcc/arm-none-eabi/10.3.1/../../../../arm-none-eabi/lib/thumb/v7e-m+fp/hard\libc_nano.a(lib_a-init.o)
                0x0000000008004da0                __libc_init_array
 .text.free     0x0000000008004de8       0x10 c:/st/stm32cubeide_1.9.0/stm32cubeide/plugins/com.st.stm32cube.ide.mcu.externaltools.gnu-tools-for-stm32.10.3-2021.10.win32_1.0.100.202210260954/tools/bin/../lib/gcc/arm-none-eabi/10.3.1/../../../../arm-none-eabi/lib/thumb/v7e-m+fp/hard\libc_nano.a(lib_a-malloc.o)
                0x0000000008004de8                free
 .text.memset   0x0000000008004df8       0x10 c:/st/stm32cubeide_1.9.0/stm32cubeide/plugins/com.st.stm32cube.ide.mcu.externaltools.gnu-tools-for-stm32.10.3-2021.10.win32_1.0.100.202210260954/tools/bin/../lib/gcc/arm-none-eabi/10.3.1/../../../../arm-none-eabi/lib/thumb/v7e-m+fp/hard\libc_nano.a(lib_a-memset.o)
                0x0000000008004df8                memset
 .text._free_r  0x0000000008004e08       0x98 c:/st/stm32cubeide_1.9.0/stm32cubeide/plugins/com.st.stm32cube.ide.mcu.externaltools.gnu-tools-for-stm32.10.3-2021.10.win32_1.0.100.202210260954/tools/bin/../lib/gcc/arm-none-eabi/10.3.1/../../../../arm-none-eabi/lib/thumb/v7e-m+fp/hard\libc_nano.a(lib_a-nano-freer.o)
                0x0000000008004e08                _free_r
 .text.__malloc_lock
                0x0000000008004ea0        0xc c:/st/stm32cubeide_1.9.0/stm32cubeide/plugins/com.st.stm32cube.ide.mcu.externaltools.gnu-tools-for-stm32.10.3-2021.10.win32_1.0.100.202210260954/tools/bin/../lib/gcc/arm-none-eabi/10.3.1/../../../../arm-none-eabi/lib/thumb/v7e-m+fp/hard\libc_nano.a(lib_a-mlock.o)
                0x0000000008004ea0                __malloc_lock
 .text.__malloc_unlock
                0x0000000008004eac        0xc c:/st/stm32cubeide_1.9.0/stm32cubeide/plugins/com.st.stm32cube.ide.mcu.externaltools.gnu-tools-for-stm32.10.3-2021.10.win32_1.0.100.202210260954/tools/bin/../lib/gcc/arm-none-eabi/10.3.1/../../../../arm-none-eabi/lib/thumb/v7e-m+fp/hard\libc_nano.a(lib_a-mlock.o)
                0x0000000008004eac                __malloc_unlock
 .text.__retarget_lock_acquire_recursive
                0x0000000008004eb8        0x2 c:/st/stm32cubeide_1.9.0/stm32cubeide/plugins/com.st.stm32cube.ide.mcu.externaltools.gnu-tools-for-stm32.10.3-2021.10.win32_1.0.100.202210260954/tools/bin/../lib/gcc/arm-none-eabi/10.3.1/../../../../arm-none-eabi/lib/thumb/v7e-m+fp/hard\libc_nano.a(lib_a-lock.o)
                0x0000000008004eb8                __retarget_lock_acquire_recursive
 .text.__retarget_lock_release_recursive
                0x0000000008004eba        0x2 c:/st/stm32cubeide_1.9.0/stm32cubeide/plugins/com.st.stm32cube.ide.mcu.externaltools.gnu-tools-for-stm32.10.3-2021.10.win32_1.0.100.202210260954/tools/bin/../lib/gcc/arm-none-eabi/10.3.1/../../../../arm-none-eabi/lib/thumb/v7e-m+fp/hard\libc_nano.a(lib_a-lock.o)
                0x0000000008004eba                __retarget_lock_release_recursive
 *(.glue_7)
 .glue_7        0x0000000008004ebc        0x0 linker stubs
 *(.glue_7t)
 .glue_7t       0x0000000008004ebc        0x0 linker stubs
 *(.eh_frame)
 .eh_frame      0x0000000008004ebc        0x0 c:/st/stm32cubeide_1.9.0/stm32cubeide/plugins/com.st.stm32cube.ide.mcu.externaltools.gnu-tools-for-stm32.10.3-2021.10.win32_1.0.100.202210260954/tools/bin/../lib/gcc/arm-none-eabi/10.3.1/thumb/v7e-m+fp/hard/crtbegin.o
 *(.init)
 .init          0x0000000008004ebc        0x4 c:/st/stm32cubeide_1.9.0/stm32cubeide/plugins/com.st.stm32cube.ide.mcu.externaltools.gnu-tools-for-stm32.10.3-2021.10.win32_1.0.100.202210260954/tools/bin/../lib/gcc/arm-none-eabi/10.3.1/thumb/v7e-m+fp/hard/crti.o
                0x0000000008004ebc                _init
 .init          0x0000000008004ec0        0x8 c:/st/stm32cubeide_1.9.0/stm32cubeide/plugins/com.st.stm32cube.ide.mcu.externaltools.gnu-tools-for-stm32.10.3-2021.10.win32_1.0.100.202210260954/tools/bin/../lib/gcc/arm-none-eabi/10.3.1/thumb/v7e-m+fp/hard/crtn.o
 *(.fini)
 .fini          0x0000000008004ec8        0x4 c:/st/stm32cubeide_1.9.0/stm32cubeide/plugins/com.st.stm32cube.ide.mcu.externaltools.gnu-tools-for-stm32.10.3-2021.10.win32_1.0.100.202210260954/tools/bin/../lib/gcc/arm-none-eabi/10.3.1/thumb/v7e-m+fp/hard/crti.o
                0x0000000008004ec8                _fini
 .fini          0x0000000008004ecc        0x8 c:/st/stm32cubeide_1.9.0/stm32cubeide/plugins/com.st.stm32cube.ide.mcu.externaltools.gnu-tools-for-stm32.10.3-2021.10.win32_1.0.100.202210260954/tools/bin/../lib/gcc/arm-none-eabi/10.3.1/thumb/v7e-m+fp/hard/crtn.o
                0x0000000008004ed4                . = ALIGN (0x4)
                0x0000000008004ed4                _etext = .

.vfp11_veneer   0x0000000008004ed4        0x0
 .vfp11_veneer  0x0000000008004ed4        0x0 linker stubs

.v4_bx          0x0000000008004ed4        0x0
 .v4_bx         0x0000000008004ed4        0x0 linker stubs

.iplt           0x0000000008004ed4        0x0
 .iplt          0x0000000008004ed4        0x0 c:/st/stm32cubeide_1.9.0/stm32cubeide/plugins/com.st.stm32cube.ide.mcu.externaltools.gnu-tools-for-stm32.10.3-2021.10.win32_1.0.100.202210260954/tools/bin/../lib/gcc/arm-none-eabi/10.3.1/thumb/v7e-m+fp/hard/crtbegin.o

.rodata         0x0000000008004ed4      0x8dc
                0x0000000008004ed4                . = ALIGN (0x4)
 *(.rodata)
 *(.rodata*)
 .rodata._ZTV5Block
                0x0000000008004ed4       0x10 ./Core/Src/Block.o
                0x0000000008004ed4                vtable for Block
 .rodata._ZTV4Coin
                0x0000000008004ee4       0x10 ./Core/Src/Coin.o
                0x0000000008004ee4                vtable for Coin
 .rodata._ZTV3Map
                0x0000000008004ef4       0x10 ./Core/Src/Map.o
                0x0000000008004ef4                vtable for Map
 .rodata._ZTV3Mob
                0x0000000008004f04       0x10 ./Core/Src/Mob.o
                0x0000000008004f04                vtable for Mob
 .rodata._ZL12Bitmap_heart
                0x0000000008004f14        0x5 ./Core/Src/Player.o
 *fill*         0x0000000008004f19        0x3 
 .rodata._ZTV6Player
                0x0000000008004f1c       0x10 ./Core/Src/Player.o
                0x0000000008004f1c                vtable for Player
 .rodata._ZTV5Spike
                0x0000000008004f2c       0x10 ./Core/Src/Spike.o
                0x0000000008004f2c                vtable for Spike
 .rodata._ZL16Bitmap_game_over
                0x0000000008004f3c      0x400 ./Core/Src/main.o
 .rodata._ZL10Bitmap_map
                0x000000000800533c      0x400 ./Core/Src/main.o
 .rodata._ZL11Bitmap_boxi
                0x000000000800573c        0x8 ./Core/Src/main.o
 .rodata._ZL12Bitmap_block
                0x0000000008005744       0x14 ./Core/Src/main.o
 .rodata._ZL10Bitmap_mob
                0x0000000008005758        0x8 ./Core/Src/main.o
 .rodata._ZL12Bitmap_spike
                0x0000000008005760        0x5 ./Core/Src/main.o
 *fill*         0x0000000008005765        0x3 
 .rodata._ZL11Bitmap_coin
                0x0000000008005768        0x6 ./Core/Src/main.o
 *fill*         0x000000000800576e        0x2 
 .rodata.AHBPrescTable
                0x0000000008005770       0x10 ./Core/Src/system_stm32g4xx.o
                0x0000000008005770                AHBPrescTable
 .rodata.APBPrescTable
                0x0000000008005780        0x8 ./Core/Src/system_stm32g4xx.o
                0x0000000008005780                APBPrescTable
 .rodata.UARTPrescTable
                0x0000000008005788       0x18 ./Drivers/STM32G4xx_HAL_Driver/Src/stm32g4xx_hal_uart.o
                0x0000000008005788                UARTPrescTable
 .rodata.numerator.1
                0x00000000080057a0        0x8 ./Drivers/STM32G4xx_HAL_Driver/Src/stm32g4xx_hal_uart_ex.o
 .rodata.denominator.0
                0x00000000080057a8        0x8 ./Drivers/STM32G4xx_HAL_Driver/Src/stm32g4xx_hal_uart_ex.o
                0x00000000080057b0                . = ALIGN (0x4)

.ARM.extab      0x00000000080057b0        0x0
                0x00000000080057b0                . = ALIGN (0x4)
 *(.ARM.extab* .gnu.linkonce.armextab.*)
                0x00000000080057b0                . = ALIGN (0x4)

.ARM            0x00000000080057b0        0x8
                0x00000000080057b0                . = ALIGN (0x4)
                0x00000000080057b0                __exidx_start = .
 *(.ARM.exidx*)
 .ARM.exidx     0x00000000080057b0        0x8 c:/st/stm32cubeide_1.9.0/stm32cubeide/plugins/com.st.stm32cube.ide.mcu.externaltools.gnu-tools-for-stm32.10.3-2021.10.win32_1.0.100.202210260954/tools/bin/../lib/gcc/arm-none-eabi/10.3.1/thumb/v7e-m+fp/hard\libgcc.a(_udivmoddi4.o)
                0x00000000080057b8                __exidx_end = .
                0x00000000080057b8                . = ALIGN (0x4)

.rel.dyn        0x00000000080057b8        0x0
 .rel.iplt      0x00000000080057b8        0x0 c:/st/stm32cubeide_1.9.0/stm32cubeide/plugins/com.st.stm32cube.ide.mcu.externaltools.gnu-tools-for-stm32.10.3-2021.10.win32_1.0.100.202210260954/tools/bin/../lib/gcc/arm-none-eabi/10.3.1/thumb/v7e-m+fp/hard/crtbegin.o

.preinit_array  0x00000000080057b8        0x0
                0x00000000080057b8                . = ALIGN (0x4)
                0x00000000080057b8                PROVIDE (__preinit_array_start = .)
 *(.preinit_array*)
                0x00000000080057b8                PROVIDE (__preinit_array_end = .)
                0x00000000080057b8                . = ALIGN (0x4)

.init_array     0x00000000080057b8        0x8
                0x00000000080057b8                . = ALIGN (0x4)
                0x00000000080057b8                PROVIDE (__init_array_start = .)
 *(SORT_BY_NAME(.init_array.*))
 *(.init_array*)
 .init_array    0x00000000080057b8        0x4 c:/st/stm32cubeide_1.9.0/stm32cubeide/plugins/com.st.stm32cube.ide.mcu.externaltools.gnu-tools-for-stm32.10.3-2021.10.win32_1.0.100.202210260954/tools/bin/../lib/gcc/arm-none-eabi/10.3.1/thumb/v7e-m+fp/hard/crtbegin.o
 .init_array    0x00000000080057bc        0x4 ./Core/Src/main.o
                0x00000000080057c0                PROVIDE (__init_array_end = .)
                0x00000000080057c0                . = ALIGN (0x4)

.fini_array     0x00000000080057c0        0x8
                0x00000000080057c0                . = ALIGN (0x4)
                [!provide]                        PROVIDE (__fini_array_start = .)
 *(SORT_BY_NAME(.fini_array.*))
 *(.fini_array*)
 .fini_array    0x00000000080057c0        0x4 c:/st/stm32cubeide_1.9.0/stm32cubeide/plugins/com.st.stm32cube.ide.mcu.externaltools.gnu-tools-for-stm32.10.3-2021.10.win32_1.0.100.202210260954/tools/bin/../lib/gcc/arm-none-eabi/10.3.1/thumb/v7e-m+fp/hard/crtbegin.o
 .fini_array    0x00000000080057c4        0x4 ./Core/Src/main.o
                [!provide]                        PROVIDE (__fini_array_end = .)
                0x00000000080057c8                . = ALIGN (0x4)
                0x00000000080057c8                _sidata = LOADADDR (.data)

.data           0x0000000020000000       0x88 load address 0x00000000080057c8
                0x0000000020000000                . = ALIGN (0x4)
                0x0000000020000000                _sdata = .
 *(.data)
 *(.data*)
 .data.current_map
                0x0000000020000000        0x4 ./Core/Src/main.o
                0x0000000020000000                current_map
 .data.ground_level
                0x0000000020000004        0x4 ./Core/Src/main.o
                0x0000000020000004                ground_level
 .data.Mob_1_A  0x0000000020000008        0x4 ./Core/Src/main.o
                0x0000000020000008                Mob_1_A
 .data.Mob_1_B  0x000000002000000c        0x4 ./Core/Src/main.o
                0x000000002000000c                Mob_1_B
 .data.Block_1_A
                0x0000000020000010        0x4 ./Core/Src/main.o
                0x0000000020000010                Block_1_A
 .data.Block_1_B
                0x0000000020000014        0x4 ./Core/Src/main.o
                0x0000000020000014                Block_1_B
 .data.SystemCoreClock
                0x0000000020000018        0x4 ./Core/Src/system_stm32g4xx.o
                0x0000000020000018                SystemCoreClock
 .data.uwTickPrio
                0x000000002000001c        0x4 ./Drivers/STM32G4xx_HAL_Driver/Src/stm32g4xx_hal.o
                0x000000002000001c                uwTickPrio
 .data.uwTickFreq
                0x0000000020000020        0x4 ./Drivers/STM32G4xx_HAL_Driver/Src/stm32g4xx_hal.o
                0x0000000020000020                uwTickFreq
 .data._impure_ptr
                0x0000000020000024        0x4 c:/st/stm32cubeide_1.9.0/stm32cubeide/plugins/com.st.stm32cube.ide.mcu.externaltools.gnu-tools-for-stm32.10.3-2021.10.win32_1.0.100.202210260954/tools/bin/../lib/gcc/arm-none-eabi/10.3.1/../../../../arm-none-eabi/lib/thumb/v7e-m+fp/hard\libc_nano.a(lib_a-impure.o)
                0x0000000020000024                _impure_ptr
 .data.impure_data
                0x0000000020000028       0x60 c:/st/stm32cubeide_1.9.0/stm32cubeide/plugins/com.st.stm32cube.ide.mcu.externaltools.gnu-tools-for-stm32.10.3-2021.10.win32_1.0.100.202210260954/tools/bin/../lib/gcc/arm-none-eabi/10.3.1/../../../../arm-none-eabi/lib/thumb/v7e-m+fp/hard\libc_nano.a(lib_a-impure.o)
 *(.RamFunc)
 *(.RamFunc*)
                0x0000000020000088                . = ALIGN (0x4)
                0x0000000020000088                _edata = .

.igot.plt       0x0000000020000088        0x0 load address 0x0000000008005850
 .igot.plt      0x0000000020000088        0x0 c:/st/stm32cubeide_1.9.0/stm32cubeide/plugins/com.st.stm32cube.ide.mcu.externaltools.gnu-tools-for-stm32.10.3-2021.10.win32_1.0.100.202210260954/tools/bin/../lib/gcc/arm-none-eabi/10.3.1/thumb/v7e-m+fp/hard/crtbegin.o
                0x0000000020000088                . = ALIGN (0x4)

.bss            0x0000000020000088      0x8b8 load address 0x0000000008005850
                0x0000000020000088                _sbss = .
                0x0000000020000088                __bss_start__ = _sbss
 *(.bss)
 .bss           0x0000000020000088       0x1c c:/st/stm32cubeide_1.9.0/stm32cubeide/plugins/com.st.stm32cube.ide.mcu.externaltools.gnu-tools-for-stm32.10.3-2021.10.win32_1.0.100.202210260954/tools/bin/../lib/gcc/arm-none-eabi/10.3.1/thumb/v7e-m+fp/hard/crtbegin.o
 *(.bss*)
 .bss.hi2c1     0x00000000200000a4       0x4c ./Core/Src/i2c.o
                0x00000000200000a4                hi2c1
 .bss.map1      0x00000000200000f0       0x18 ./Core/Src/main.o
                0x00000000200000f0                map1
 .bss.boxi      0x0000000020000108       0x30 ./Core/Src/main.o
                0x0000000020000108                boxi
 .bss.B         0x0000000020000138      0x208 ./Core/Src/main.o
                0x0000000020000138                B
 .bss.m1        0x0000000020000340       0x34 ./Core/Src/main.o
                0x0000000020000340                m1
 .bss.S         0x0000000020000374       0xf0 ./Core/Src/main.o
                0x0000000020000374                S
 .bss.c1        0x0000000020000464       0x2c ./Core/Src/main.o
                0x0000000020000464                c1
 .bss.is_map_changed
                0x0000000020000490        0x4 ./Core/Src/main.o
                0x0000000020000490                is_map_changed
 .bss.Jump_height
                0x0000000020000494        0x4 ./Core/Src/main.o
                0x0000000020000494                Jump_height
 .bss.barrier   0x0000000020000498        0x4 ./Core/Src/main.o
                0x0000000020000498                barrier
 .bss.SSD1306_Buffer
                0x000000002000049c      0x400 ./Core/Src/ssd1306.o
 .bss.SSD1306   0x000000002000089c        0x6 ./Core/Src/ssd1306.o
 *fill*         0x00000000200008a2        0x2 
 .bss.huart2    0x00000000200008a4       0x90 ./Core/Src/usart.o
                0x00000000200008a4                huart2
 .bss.uwTick    0x0000000020000934        0x4 ./Drivers/STM32G4xx_HAL_Driver/Src/stm32g4xx_hal.o
                0x0000000020000934                uwTick
 .bss.__malloc_free_list
                0x0000000020000938        0x4 c:/st/stm32cubeide_1.9.0/stm32cubeide/plugins/com.st.stm32cube.ide.mcu.externaltools.gnu-tools-for-stm32.10.3-2021.10.win32_1.0.100.202210260954/tools/bin/../lib/gcc/arm-none-eabi/10.3.1/../../../../arm-none-eabi/lib/thumb/v7e-m+fp/hard\libc_nano.a(lib_a-nano-mallocr.o)
                0x0000000020000938                __malloc_free_list
 .bss.__lock___malloc_recursive_mutex
                0x000000002000093c        0x1 c:/st/stm32cubeide_1.9.0/stm32cubeide/plugins/com.st.stm32cube.ide.mcu.externaltools.gnu-tools-for-stm32.10.3-2021.10.win32_1.0.100.202210260954/tools/bin/../lib/gcc/arm-none-eabi/10.3.1/../../../../arm-none-eabi/lib/thumb/v7e-m+fp/hard\libc_nano.a(lib_a-lock.o)
                0x000000002000093c                __lock___malloc_recursive_mutex
 *(COMMON)
                0x0000000020000940                . = ALIGN (0x4)
 *fill*         0x000000002000093d        0x3 
                0x0000000020000940                _ebss = .
                0x0000000020000940                __bss_end__ = _ebss

._user_heap_stack
                0x0000000020000940      0x600 load address 0x0000000008005850
                0x0000000020000940                . = ALIGN (0x8)
                [!provide]                        PROVIDE (end = .)
                0x0000000020000940                PROVIDE (_end = .)
                0x0000000020000b40                . = (. + _Min_Heap_Size)
 *fill*         0x0000000020000940      0x200 
                0x0000000020000f40                . = (. + _Min_Stack_Size)
 *fill*         0x0000000020000b40      0x400 
                0x0000000020000f40                . = ALIGN (0x8)

/DISCARD/
 libc.a(*)
 libm.a(*)
 libgcc.a(*)

.ARM.attributes
                0x0000000000000000       0x30
 *(.ARM.attributes)
 .ARM.attributes
                0x0000000000000000       0x1e c:/st/stm32cubeide_1.9.0/stm32cubeide/plugins/com.st.stm32cube.ide.mcu.externaltools.gnu-tools-for-stm32.10.3-2021.10.win32_1.0.100.202210260954/tools/bin/../lib/gcc/arm-none-eabi/10.3.1/thumb/v7e-m+fp/hard/crti.o
 .ARM.attributes
                0x000000000000001e       0x34 c:/st/stm32cubeide_1.9.0/stm32cubeide/plugins/com.st.stm32cube.ide.mcu.externaltools.gnu-tools-for-stm32.10.3-2021.10.win32_1.0.100.202210260954/tools/bin/../lib/gcc/arm-none-eabi/10.3.1/thumb/v7e-m+fp/hard/crtbegin.o
 .ARM.attributes
                0x0000000000000052       0x34 ./Core/Src/Block.o
 .ARM.attributes
                0x0000000000000086       0x34 ./Core/Src/Coin.o
 .ARM.attributes
                0x00000000000000ba       0x34 ./Core/Src/Map.o
 .ARM.attributes
                0x00000000000000ee       0x34 ./Core/Src/Mob.o
 .ARM.attributes
                0x0000000000000122       0x34 ./Core/Src/Player.o
 .ARM.attributes
                0x0000000000000156       0x34 ./Core/Src/Spike.o
 .ARM.attributes
                0x000000000000018a       0x34 ./Core/Src/gpio.o
 .ARM.attributes
                0x00000000000001be       0x34 ./Core/Src/i2c.o
 .ARM.attributes
                0x00000000000001f2       0x34 ./Core/Src/main.o
 .ARM.attributes
                0x0000000000000226       0x34 ./Core/Src/ssd1306.o
 .ARM.attributes
                0x000000000000025a       0x34 ./Core/Src/stm32g4xx_hal_msp.o
 .ARM.attributes
                0x000000000000028e       0x34 ./Core/Src/stm32g4xx_it.o
 .ARM.attributes
                0x00000000000002c2       0x34 ./Core/Src/system_stm32g4xx.o
 .ARM.attributes
                0x00000000000002f6       0x34 ./Core/Src/usart.o
 .ARM.attributes
                0x000000000000032a       0x21 ./Core/Startup/startup_stm32g431kbtx.o
 .ARM.attributes
                0x000000000000034b       0x34 ./Drivers/STM32G4xx_HAL_Driver/Src/stm32g4xx_hal.o
 .ARM.attributes
                0x000000000000037f       0x34 ./Drivers/STM32G4xx_HAL_Driver/Src/stm32g4xx_hal_cortex.o
 .ARM.attributes
                0x00000000000003b3       0x34 ./Drivers/STM32G4xx_HAL_Driver/Src/stm32g4xx_hal_gpio.o
 .ARM.attributes
                0x00000000000003e7       0x34 ./Drivers/STM32G4xx_HAL_Driver/Src/stm32g4xx_hal_i2c.o
 .ARM.attributes
                0x000000000000041b       0x34 ./Drivers/STM32G4xx_HAL_Driver/Src/stm32g4xx_hal_i2c_ex.o
 .ARM.attributes
                0x000000000000044f       0x34 ./Drivers/STM32G4xx_HAL_Driver/Src/stm32g4xx_hal_pwr_ex.o
 .ARM.attributes
                0x0000000000000483       0x34 ./Drivers/STM32G4xx_HAL_Driver/Src/stm32g4xx_hal_rcc.o
 .ARM.attributes
                0x00000000000004b7       0x34 ./Drivers/STM32G4xx_HAL_Driver/Src/stm32g4xx_hal_rcc_ex.o
 .ARM.attributes
                0x00000000000004eb       0x34 ./Drivers/STM32G4xx_HAL_Driver/Src/stm32g4xx_hal_uart.o
 .ARM.attributes
                0x000000000000051f       0x34 ./Drivers/STM32G4xx_HAL_Driver/Src/stm32g4xx_hal_uart_ex.o
 .ARM.attributes
                0x0000000000000553       0x34 c:/st/stm32cubeide_1.9.0/stm32cubeide/plugins/com.st.stm32cube.ide.mcu.externaltools.gnu-tools-for-stm32.10.3-2021.10.win32_1.0.100.202210260954/tools/bin/../lib/gcc/arm-none-eabi/10.3.1/../../../../arm-none-eabi/lib/thumb/v7e-m+fp/hard\libstdc++_nano.a(del_ops.o)
 .ARM.attributes
                0x0000000000000587       0x34 c:/st/stm32cubeide_1.9.0/stm32cubeide/plugins/com.st.stm32cube.ide.mcu.externaltools.gnu-tools-for-stm32.10.3-2021.10.win32_1.0.100.202210260954/tools/bin/../lib/gcc/arm-none-eabi/10.3.1/../../../../arm-none-eabi/lib/thumb/v7e-m+fp/hard\libstdc++_nano.a(del_op.o)
 .ARM.attributes
                0x00000000000005bb       0x34 c:/st/stm32cubeide_1.9.0/stm32cubeide/plugins/com.st.stm32cube.ide.mcu.externaltools.gnu-tools-for-stm32.10.3-2021.10.win32_1.0.100.202210260954/tools/bin/../lib/gcc/arm-none-eabi/10.3.1/../../../../arm-none-eabi/lib/thumb/v7e-m+fp/hard\libc_nano.a(lib_a-impure.o)
 .ARM.attributes
                0x00000000000005ef       0x34 c:/st/stm32cubeide_1.9.0/stm32cubeide/plugins/com.st.stm32cube.ide.mcu.externaltools.gnu-tools-for-stm32.10.3-2021.10.win32_1.0.100.202210260954/tools/bin/../lib/gcc/arm-none-eabi/10.3.1/../../../../arm-none-eabi/lib/thumb/v7e-m+fp/hard\libc_nano.a(lib_a-init.o)
 .ARM.attributes
                0x0000000000000623       0x34 c:/st/stm32cubeide_1.9.0/stm32cubeide/plugins/com.st.stm32cube.ide.mcu.externaltools.gnu-tools-for-stm32.10.3-2021.10.win32_1.0.100.202210260954/tools/bin/../lib/gcc/arm-none-eabi/10.3.1/../../../../arm-none-eabi/lib/thumb/v7e-m+fp/hard\libc_nano.a(lib_a-malloc.o)
 .ARM.attributes
                0x0000000000000657       0x34 c:/st/stm32cubeide_1.9.0/stm32cubeide/plugins/com.st.stm32cube.ide.mcu.externaltools.gnu-tools-for-stm32.10.3-2021.10.win32_1.0.100.202210260954/tools/bin/../lib/gcc/arm-none-eabi/10.3.1/../../../../arm-none-eabi/lib/thumb/v7e-m+fp/hard\libc_nano.a(lib_a-memset.o)
 .ARM.attributes
                0x000000000000068b       0x34 c:/st/stm32cubeide_1.9.0/stm32cubeide/plugins/com.st.stm32cube.ide.mcu.externaltools.gnu-tools-for-stm32.10.3-2021.10.win32_1.0.100.202210260954/tools/bin/../lib/gcc/arm-none-eabi/10.3.1/../../../../arm-none-eabi/lib/thumb/v7e-m+fp/hard\libc_nano.a(lib_a-nano-freer.o)
 .ARM.attributes
                0x00000000000006bf       0x34 c:/st/stm32cubeide_1.9.0/stm32cubeide/plugins/com.st.stm32cube.ide.mcu.externaltools.gnu-tools-for-stm32.10.3-2021.10.win32_1.0.100.202210260954/tools/bin/../lib/gcc/arm-none-eabi/10.3.1/../../../../arm-none-eabi/lib/thumb/v7e-m+fp/hard\libc_nano.a(lib_a-nano-mallocr.o)
 .ARM.attributes
                0x00000000000006f3       0x34 c:/st/stm32cubeide_1.9.0/stm32cubeide/plugins/com.st.stm32cube.ide.mcu.externaltools.gnu-tools-for-stm32.10.3-2021.10.win32_1.0.100.202210260954/tools/bin/../lib/gcc/arm-none-eabi/10.3.1/../../../../arm-none-eabi/lib/thumb/v7e-m+fp/hard\libc_nano.a(lib_a-mlock.o)
 .ARM.attributes
                0x0000000000000727       0x34 c:/st/stm32cubeide_1.9.0/stm32cubeide/plugins/com.st.stm32cube.ide.mcu.externaltools.gnu-tools-for-stm32.10.3-2021.10.win32_1.0.100.202210260954/tools/bin/../lib/gcc/arm-none-eabi/10.3.1/../../../../arm-none-eabi/lib/thumb/v7e-m+fp/hard\libc_nano.a(lib_a-lock.o)
 .ARM.attributes
                0x000000000000075b       0x1e c:/st/stm32cubeide_1.9.0/stm32cubeide/plugins/com.st.stm32cube.ide.mcu.externaltools.gnu-tools-for-stm32.10.3-2021.10.win32_1.0.100.202210260954/tools/bin/../lib/gcc/arm-none-eabi/10.3.1/thumb/v7e-m+fp/hard\libgcc.a(_aeabi_uldivmod.o)
 .ARM.attributes
                0x0000000000000779       0x34 c:/st/stm32cubeide_1.9.0/stm32cubeide/plugins/com.st.stm32cube.ide.mcu.externaltools.gnu-tools-for-stm32.10.3-2021.10.win32_1.0.100.202210260954/tools/bin/../lib/gcc/arm-none-eabi/10.3.1/thumb/v7e-m+fp/hard\libgcc.a(_udivmoddi4.o)
 .ARM.attributes
                0x00000000000007ad       0x1e c:/st/stm32cubeide_1.9.0/stm32cubeide/plugins/com.st.stm32cube.ide.mcu.externaltools.gnu-tools-for-stm32.10.3-2021.10.win32_1.0.100.202210260954/tools/bin/../lib/gcc/arm-none-eabi/10.3.1/thumb/v7e-m+fp/hard\libgcc.a(_dvmd_tls.o)
 .ARM.attributes
                0x00000000000007cb       0x1e c:/st/stm32cubeide_1.9.0/stm32cubeide/plugins/com.st.stm32cube.ide.mcu.externaltools.gnu-tools-for-stm32.10.3-2021.10.win32_1.0.100.202210260954/tools/bin/../lib/gcc/arm-none-eabi/10.3.1/thumb/v7e-m+fp/hard/crtn.o
OUTPUT(GAME.elf elf32-littlearm)
LOAD linker stubs
LOAD c:/st/stm32cubeide_1.9.0/stm32cubeide/plugins/com.st.stm32cube.ide.mcu.externaltools.gnu-tools-for-stm32.10.3-2021.10.win32_1.0.100.202210260954/tools/bin/../lib/gcc/arm-none-eabi/10.3.1/../../../../arm-none-eabi/lib/thumb/v7e-m+fp/hard\libc.a
LOAD c:/st/stm32cubeide_1.9.0/stm32cubeide/plugins/com.st.stm32cube.ide.mcu.externaltools.gnu-tools-for-stm32.10.3-2021.10.win32_1.0.100.202210260954/tools/bin/../lib/gcc/arm-none-eabi/10.3.1/../../../../arm-none-eabi/lib/thumb/v7e-m+fp/hard\libm.a
LOAD c:/st/stm32cubeide_1.9.0/stm32cubeide/plugins/com.st.stm32cube.ide.mcu.externaltools.gnu-tools-for-stm32.10.3-2021.10.win32_1.0.100.202210260954/tools/bin/../lib/gcc/arm-none-eabi/10.3.1/thumb/v7e-m+fp/hard\libgcc.a

.debug_info     0x0000000000000000    0x13d45
 .debug_info    0x0000000000000000      0x724 ./Core/Src/Block.o
 .debug_info    0x0000000000000724      0x662 ./Core/Src/Coin.o
 .debug_info    0x0000000000000d86      0x4c7 ./Core/Src/Map.o
 .debug_info    0x000000000000124d      0x6fb ./Core/Src/Mob.o
 .debug_info    0x0000000000001948      0x615 ./Core/Src/Player.o
 .debug_info    0x0000000000001f5d      0x63b ./Core/Src/Spike.o
 .debug_info    0x0000000000002598      0x4c3 ./Core/Src/gpio.o
 .debug_info    0x0000000000002a5b      0xd1c ./Core/Src/i2c.o
 .debug_info    0x0000000000003777     0x1201 ./Core/Src/main.o
 .debug_info    0x0000000000004978     0x10c1 ./Core/Src/ssd1306.o
 .debug_info    0x0000000000005a39      0x324 ./Core/Src/stm32g4xx_hal_msp.o
 .debug_info    0x0000000000005d5d      0x122 ./Core/Src/stm32g4xx_it.o
 .debug_info    0x0000000000005e7f      0x59f ./Core/Src/system_stm32g4xx.o
 .debug_info    0x000000000000641e      0xda9 ./Core/Src/usart.o
 .debug_info    0x00000000000071c7       0x22 ./Core/Startup/startup_stm32g431kbtx.o
 .debug_info    0x00000000000071e9      0xae3 ./Drivers/STM32G4xx_HAL_Driver/Src/stm32g4xx_hal.o
 .debug_info    0x0000000000007ccc      0xdc4 ./Drivers/STM32G4xx_HAL_Driver/Src/stm32g4xx_hal_cortex.o
 .debug_info    0x0000000000008a90      0x82f ./Drivers/STM32G4xx_HAL_Driver/Src/stm32g4xx_hal_gpio.o
 .debug_info    0x00000000000092bf     0x22ea ./Drivers/STM32G4xx_HAL_Driver/Src/stm32g4xx_hal_i2c.o
 .debug_info    0x000000000000b5a9      0xb61 ./Drivers/STM32G4xx_HAL_Driver/Src/stm32g4xx_hal_i2c_ex.o
 .debug_info    0x000000000000c10a      0x983 ./Drivers/STM32G4xx_HAL_Driver/Src/stm32g4xx_hal_pwr_ex.o
 .debug_info    0x000000000000ca8d      0xc53 ./Drivers/STM32G4xx_HAL_Driver/Src/stm32g4xx_hal_rcc.o
 .debug_info    0x000000000000d6e0      0xcfe ./Drivers/STM32G4xx_HAL_Driver/Src/stm32g4xx_hal_rcc_ex.o
 .debug_info    0x000000000000e3de     0x4936 ./Drivers/STM32G4xx_HAL_Driver/Src/stm32g4xx_hal_uart.o
 .debug_info    0x0000000000012d14     0x1031 ./Drivers/STM32G4xx_HAL_Driver/Src/stm32g4xx_hal_uart_ex.o

.debug_abbrev   0x0000000000000000     0x35e0
 .debug_abbrev  0x0000000000000000      0x287 ./Core/Src/Block.o
 .debug_abbrev  0x0000000000000287      0x287 ./Core/Src/Coin.o
 .debug_abbrev  0x000000000000050e      0x22f ./Core/Src/Map.o
 .debug_abbrev  0x000000000000073d      0x296 ./Core/Src/Mob.o
 .debug_abbrev  0x00000000000009d3      0x254 ./Core/Src/Player.o
 .debug_abbrev  0x0000000000000c27      0x287 ./Core/Src/Spike.o
 .debug_abbrev  0x0000000000000eae      0x146 ./Core/Src/gpio.o
 .debug_abbrev  0x0000000000000ff4      0x202 ./Core/Src/i2c.o
 .debug_abbrev  0x00000000000011f6      0x436 ./Core/Src/main.o
 .debug_abbrev  0x000000000000162c      0x35a ./Core/Src/ssd1306.o
 .debug_abbrev  0x0000000000001986       0xc2 ./Core/Src/stm32g4xx_hal_msp.o
 .debug_abbrev  0x0000000000001a48       0x74 ./Core/Src/stm32g4xx_it.o
 .debug_abbrev  0x0000000000001abc      0x116 ./Core/Src/system_stm32g4xx.o
 .debug_abbrev  0x0000000000001bd2      0x1fe ./Core/Src/usart.o
 .debug_abbrev  0x0000000000001dd0       0x12 ./Core/Startup/startup_stm32g431kbtx.o
 .debug_abbrev  0x0000000000001de2      0x269 ./Drivers/STM32G4xx_HAL_Driver/Src/stm32g4xx_hal.o
 .debug_abbrev  0x000000000000204b      0x30d ./Drivers/STM32G4xx_HAL_Driver/Src/stm32g4xx_hal_cortex.o
 .debug_abbrev  0x0000000000002358      0x1bb ./Drivers/STM32G4xx_HAL_Driver/Src/stm32g4xx_hal_gpio.o
 .debug_abbrev  0x0000000000002513      0x243 ./Drivers/STM32G4xx_HAL_Driver/Src/stm32g4xx_hal_i2c.o
 .debug_abbrev  0x0000000000002756      0x1b0 ./Drivers/STM32G4xx_HAL_Driver/Src/stm32g4xx_hal_i2c_ex.o
 .debug_abbrev  0x0000000000002906      0x229 ./Drivers/STM32G4xx_HAL_Driver/Src/stm32g4xx_hal_pwr_ex.o
 .debug_abbrev  0x0000000000002b2f      0x2bd ./Drivers/STM32G4xx_HAL_Driver/Src/stm32g4xx_hal_rcc.o
 .debug_abbrev  0x0000000000002dec      0x247 ./Drivers/STM32G4xx_HAL_Driver/Src/stm32g4xx_hal_rcc_ex.o
 .debug_abbrev  0x0000000000003033      0x2f0 ./Drivers/STM32G4xx_HAL_Driver/Src/stm32g4xx_hal_uart.o
 .debug_abbrev  0x0000000000003323      0x2bd ./Drivers/STM32G4xx_HAL_Driver/Src/stm32g4xx_hal_uart_ex.o

.debug_aranges  0x0000000000000000      0xf58
 .debug_aranges
                0x0000000000000000       0x58 ./Core/Src/Block.o
 .debug_aranges
                0x0000000000000058       0x50 ./Core/Src/Coin.o
 .debug_aranges
                0x00000000000000a8       0x38 ./Core/Src/Map.o
 .debug_aranges
                0x00000000000000e0       0x58 ./Core/Src/Mob.o
 .debug_aranges
                0x0000000000000138       0x50 ./Core/Src/Player.o
 .debug_aranges
                0x0000000000000188       0x50 ./Core/Src/Spike.o
 .debug_aranges
                0x00000000000001d8       0x20 ./Core/Src/gpio.o
 .debug_aranges
                0x00000000000001f8       0x30 ./Core/Src/i2c.o
 .debug_aranges
                0x0000000000000228       0x80 ./Core/Src/main.o
 .debug_aranges
                0x00000000000002a8       0xc8 ./Core/Src/ssd1306.o
 .debug_aranges
                0x0000000000000370       0x20 ./Core/Src/stm32g4xx_hal_msp.o
 .debug_aranges
                0x0000000000000390       0x60 ./Core/Src/stm32g4xx_it.o
 .debug_aranges
                0x00000000000003f0       0x28 ./Core/Src/system_stm32g4xx.o
 .debug_aranges
                0x0000000000000418       0x30 ./Core/Src/usart.o
 .debug_aranges
                0x0000000000000448       0x28 ./Core/Startup/startup_stm32g431kbtx.o
 .debug_aranges
                0x0000000000000470      0x130 ./Drivers/STM32G4xx_HAL_Driver/Src/stm32g4xx_hal.o
 .debug_aranges
                0x00000000000005a0      0x118 ./Drivers/STM32G4xx_HAL_Driver/Src/stm32g4xx_hal_cortex.o
 .debug_aranges
                0x00000000000006b8       0x58 ./Drivers/STM32G4xx_HAL_Driver/Src/stm32g4xx_hal_gpio.o
 .debug_aranges
                0x0000000000000710      0x290 ./Drivers/STM32G4xx_HAL_Driver/Src/stm32g4xx_hal_i2c.o
 .debug_aranges
                0x00000000000009a0       0x48 ./Drivers/STM32G4xx_HAL_Driver/Src/stm32g4xx_hal_i2c_ex.o
 .debug_aranges
                0x00000000000009e8      0x140 ./Drivers/STM32G4xx_HAL_Driver/Src/stm32g4xx_hal_pwr_ex.o
 .debug_aranges
                0x0000000000000b28       0x98 ./Drivers/STM32G4xx_HAL_Driver/Src/stm32g4xx_hal_rcc.o
 .debug_aranges
                0x0000000000000bc0       0xb0 ./Drivers/STM32G4xx_HAL_Driver/Src/stm32g4xx_hal_rcc_ex.o
 .debug_aranges
                0x0000000000000c70      0x248 ./Drivers/STM32G4xx_HAL_Driver/Src/stm32g4xx_hal_uart.o
 .debug_aranges
                0x0000000000000eb8       0xa0 ./Drivers/STM32G4xx_HAL_Driver/Src/stm32g4xx_hal_uart_ex.o

.debug_ranges   0x0000000000000000      0xe00
 .debug_ranges  0x0000000000000000       0x48 ./Core/Src/Block.o
 .debug_ranges  0x0000000000000048       0x40 ./Core/Src/Coin.o
 .debug_ranges  0x0000000000000088       0x28 ./Core/Src/Map.o
 .debug_ranges  0x00000000000000b0       0x48 ./Core/Src/Mob.o
 .debug_ranges  0x00000000000000f8       0x40 ./Core/Src/Player.o
 .debug_ranges  0x0000000000000138       0x40 ./Core/Src/Spike.o
 .debug_ranges  0x0000000000000178       0x10 ./Core/Src/gpio.o
 .debug_ranges  0x0000000000000188       0x20 ./Core/Src/i2c.o
 .debug_ranges  0x00000000000001a8       0x70 ./Core/Src/main.o
 .debug_ranges  0x0000000000000218       0xb8 ./Core/Src/ssd1306.o
 .debug_ranges  0x00000000000002d0       0x10 ./Core/Src/stm32g4xx_hal_msp.o
 .debug_ranges  0x00000000000002e0       0x50 ./Core/Src/stm32g4xx_it.o
 .debug_ranges  0x0000000000000330       0x18 ./Core/Src/system_stm32g4xx.o
 .debug_ranges  0x0000000000000348       0x20 ./Core/Src/usart.o
 .debug_ranges  0x0000000000000368       0x20 ./Core/Startup/startup_stm32g431kbtx.o
 .debug_ranges  0x0000000000000388      0x120 ./Drivers/STM32G4xx_HAL_Driver/Src/stm32g4xx_hal.o
 .debug_ranges  0x00000000000004a8      0x108 ./Drivers/STM32G4xx_HAL_Driver/Src/stm32g4xx_hal_cortex.o
 .debug_ranges  0x00000000000005b0       0x48 ./Drivers/STM32G4xx_HAL_Driver/Src/stm32g4xx_hal_gpio.o
 .debug_ranges  0x00000000000005f8      0x280 ./Drivers/STM32G4xx_HAL_Driver/Src/stm32g4xx_hal_i2c.o
 .debug_ranges  0x0000000000000878       0x38 ./Drivers/STM32G4xx_HAL_Driver/Src/stm32g4xx_hal_i2c_ex.o
 .debug_ranges  0x00000000000008b0      0x130 ./Drivers/STM32G4xx_HAL_Driver/Src/stm32g4xx_hal_pwr_ex.o
 .debug_ranges  0x00000000000009e0       0x88 ./Drivers/STM32G4xx_HAL_Driver/Src/stm32g4xx_hal_rcc.o
 .debug_ranges  0x0000000000000a68       0xa0 ./Drivers/STM32G4xx_HAL_Driver/Src/stm32g4xx_hal_rcc_ex.o
 .debug_ranges  0x0000000000000b08      0x268 ./Drivers/STM32G4xx_HAL_Driver/Src/stm32g4xx_hal_uart.o
 .debug_ranges  0x0000000000000d70       0x90 ./Drivers/STM32G4xx_HAL_Driver/Src/stm32g4xx_hal_uart_ex.o

.debug_macro    0x0000000000000000    0x212c4
 .debug_macro   0x0000000000000000      0x271 ./Core/Src/Block.o
 .debug_macro   0x0000000000000271      0xb50 ./Core/Src/Block.o
 .debug_macro   0x0000000000000dc1      0x17b ./Core/Src/Block.o
 .debug_macro   0x0000000000000f3c       0x22 ./Core/Src/Block.o
 .debug_macro   0x0000000000000f5e       0x4c ./Core/Src/Block.o
 .debug_macro   0x0000000000000faa       0x1e ./Core/Src/Block.o
 .debug_macro   0x0000000000000fc8       0x94 ./Core/Src/Block.o
 .debug_macro   0x000000000000105c       0x3c ./Core/Src/Block.o
 .debug_macro   0x0000000000001098       0x34 ./Core/Src/Block.o
 .debug_macro   0x00000000000010cc       0x3a ./Core/Src/Block.o
 .debug_macro   0x0000000000001106      0x15b ./Core/Src/Block.o
 .debug_macro   0x0000000000001261       0x28 ./Core/Src/Block.o
 .debug_macro   0x0000000000001289       0x28 ./Core/Src/Block.o
 .debug_macro   0x00000000000012b1       0x1c ./Core/Src/Block.o
 .debug_macro   0x00000000000012cd       0x57 ./Core/Src/Block.o
 .debug_macro   0x0000000000001324      0x103 ./Core/Src/Block.o
 .debug_macro   0x0000000000001427       0x6a ./Core/Src/Block.o
 .debug_macro   0x0000000000001491      0x1df ./Core/Src/Block.o
 .debug_macro   0x0000000000001670       0x1c ./Core/Src/Block.o
 .debug_macro   0x000000000000168c       0x22 ./Core/Src/Block.o
 .debug_macro   0x00000000000016ae       0xfb ./Core/Src/Block.o
 .debug_macro   0x00000000000017a9     0x1011 ./Core/Src/Block.o
 .debug_macro   0x00000000000027ba      0x11f ./Core/Src/Block.o
 .debug_macro   0x00000000000028d9    0x11396 ./Core/Src/Block.o
 .debug_macro   0x0000000000013c6f       0x6d ./Core/Src/Block.o
 .debug_macro   0x0000000000013cdc     0x3554 ./Core/Src/Block.o
 .debug_macro   0x0000000000017230       0x5c ./Core/Src/Block.o
 .debug_macro   0x000000000001728c     0x141d ./Core/Src/Block.o
 .debug_macro   0x00000000000186a9      0x535 ./Core/Src/Block.o
 .debug_macro   0x0000000000018bde      0x1b6 ./Core/Src/Block.o
 .debug_macro   0x0000000000018d94      0x288 ./Core/Src/Block.o
 .debug_macro   0x000000000001901c      0x41d ./Core/Src/Block.o
 .debug_macro   0x0000000000019439      0x18b ./Core/Src/Block.o
 .debug_macro   0x00000000000195c4       0x43 ./Core/Src/Block.o
 .debug_macro   0x0000000000019607      0x23d ./Core/Src/Block.o
 .debug_macro   0x0000000000019844      0x211 ./Core/Src/Block.o
 .debug_macro   0x0000000000019a55      0x401 ./Core/Src/Block.o
 .debug_macro   0x0000000000019e56      0x107 ./Core/Src/Block.o
 .debug_macro   0x0000000000019f5d      0x22c ./Core/Src/Block.o
 .debug_macro   0x000000000001a189       0x61 ./Core/Src/Block.o
 .debug_macro   0x000000000001a1ea       0xa5 ./Core/Src/Block.o
 .debug_macro   0x000000000001a28f      0x122 ./Core/Src/Block.o
 .debug_macro   0x000000000001a3b1      0x3d1 ./Core/Src/Block.o
 .debug_macro   0x000000000001a782      0x67e ./Core/Src/Block.o
 .debug_macro   0x000000000001ae00       0xa6 ./Core/Src/Block.o
 .debug_macro   0x000000000001aea6      0x306 ./Core/Src/Block.o
 .debug_macro   0x000000000001b1ac       0x10 ./Core/Src/Block.o
 .debug_macro   0x000000000001b1bc       0x40 ./Core/Src/Block.o
 .debug_macro   0x000000000001b1fc      0x27f ./Core/Src/Coin.o
 .debug_macro   0x000000000001b47b      0x257 ./Core/Src/Map.o
 .debug_macro   0x000000000001b6d2      0x265 ./Core/Src/Mob.o
 .debug_macro   0x000000000001b937      0x257 ./Core/Src/Player.o
 .debug_macro   0x000000000001bb8e      0x265 ./Core/Src/Spike.o
 .debug_macro   0x000000000001bdf3      0x1ec ./Core/Src/gpio.o
 .debug_macro   0x000000000001bfdf      0xa78 ./Core/Src/gpio.o
 .debug_macro   0x000000000001ca57       0x2e ./Core/Src/gpio.o
 .debug_macro   0x000000000001ca85       0x8e ./Core/Src/gpio.o
 .debug_macro   0x000000000001cb13       0x51 ./Core/Src/gpio.o
 .debug_macro   0x000000000001cb64     0x1011 ./Core/Src/gpio.o
 .debug_macro   0x000000000001db75      0x174 ./Core/Src/gpio.o
 .debug_macro   0x000000000001dce9       0x70 ./Core/Src/gpio.o
 .debug_macro   0x000000000001dd59      0x1ec ./Core/Src/i2c.o
 .debug_macro   0x000000000001df45      0x455 ./Core/Src/main.o
 .debug_macro   0x000000000001e39a       0x52 ./Core/Src/main.o
 .debug_macro   0x000000000001e3ec       0x16 ./Core/Src/main.o
 .debug_macro   0x000000000001e402       0x35 ./Core/Src/main.o
 .debug_macro   0x000000000001e437      0x364 ./Core/Src/main.o
 .debug_macro   0x000000000001e79b       0x10 ./Core/Src/main.o
 .debug_macro   0x000000000001e7ab       0x16 ./Core/Src/main.o
 .debug_macro   0x000000000001e7c1       0x43 ./Core/Src/main.o
 .debug_macro   0x000000000001e804       0x34 ./Core/Src/main.o
 .debug_macro   0x000000000001e838       0x10 ./Core/Src/main.o
 .debug_macro   0x000000000001e848       0x58 ./Core/Src/main.o
 .debug_macro   0x000000000001e8a0       0x71 ./Core/Src/main.o
 .debug_macro   0x000000000001e911       0x16 ./Core/Src/main.o
 .debug_macro   0x000000000001e927      0x12a ./Core/Src/main.o
 .debug_macro   0x000000000001ea51       0x10 ./Core/Src/main.o
 .debug_macro   0x000000000001ea61       0x1c ./Core/Src/main.o
 .debug_macro   0x000000000001ea7d       0x52 ./Core/Src/main.o
 .debug_macro   0x000000000001eacf       0x22 ./Core/Src/main.o
 .debug_macro   0x000000000001eaf1       0x10 ./Core/Src/main.o
 .debug_macro   0x000000000001eb01       0x52 ./Core/Src/main.o
 .debug_macro   0x000000000001eb53       0xd5 ./Core/Src/main.o
 .debug_macro   0x000000000001ec28       0x1c ./Core/Src/main.o
 .debug_macro   0x000000000001ec44       0x3d ./Core/Src/main.o
 .debug_macro   0x000000000001ec81       0x16 ./Core/Src/main.o
 .debug_macro   0x000000000001ec97      0x137 ./Core/Src/main.o
 .debug_macro   0x000000000001edce       0x16 ./Core/Src/main.o
 .debug_macro   0x000000000001ede4       0x20 ./Core/Src/main.o
 .debug_macro   0x000000000001ee04      0x30e ./Core/Src/ssd1306.o
 .debug_macro   0x000000000001f112       0x34 ./Core/Src/ssd1306.o
 .debug_macro   0x000000000001f146       0x43 ./Core/Src/ssd1306.o
 .debug_macro   0x000000000001f189       0x1c ./Core/Src/ssd1306.o
 .debug_macro   0x000000000001f1a5      0x341 ./Core/Src/ssd1306.o
 .debug_macro   0x000000000001f4e6      0x19b ./Core/Src/ssd1306.o
 .debug_macro   0x000000000001f681       0x16 ./Core/Src/ssd1306.o
 .debug_macro   0x000000000001f697       0x35 ./Core/Src/ssd1306.o
 .debug_macro   0x000000000001f6cc       0x16 ./Core/Src/ssd1306.o
 .debug_macro   0x000000000001f6e2       0x29 ./Core/Src/ssd1306.o
 .debug_macro   0x000000000001f70b      0x1e2 ./Core/Src/stm32g4xx_hal_msp.o
 .debug_macro   0x000000000001f8ed      0x1ec ./Core/Src/stm32g4xx_it.o
 .debug_macro   0x000000000001fad9      0x1d3 ./Core/Src/system_stm32g4xx.o
 .debug_macro   0x000000000001fcac      0x1ec ./Core/Src/usart.o
 .debug_macro   0x000000000001fe98      0x221 ./Drivers/STM32G4xx_HAL_Driver/Src/stm32g4xx_hal.o
 .debug_macro   0x00000000000200b9      0x1d3 ./Drivers/STM32G4xx_HAL_Driver/Src/stm32g4xx_hal_cortex.o
 .debug_macro   0x000000000002028c      0x1da ./Drivers/STM32G4xx_HAL_Driver/Src/stm32g4xx_hal_gpio.o
 .debug_macro   0x0000000000020466      0x29f ./Drivers/STM32G4xx_HAL_Driver/Src/stm32g4xx_hal_i2c.o
 .debug_macro   0x0000000000020705      0x1d3 ./Drivers/STM32G4xx_HAL_Driver/Src/stm32g4xx_hal_i2c_ex.o
 .debug_macro   0x00000000000208d8      0x1fd ./Drivers/STM32G4xx_HAL_Driver/Src/stm32g4xx_hal_pwr_ex.o
 .debug_macro   0x0000000000020ad5      0x215 ./Drivers/STM32G4xx_HAL_Driver/Src/stm32g4xx_hal_rcc.o
 .debug_macro   0x0000000000020cea      0x1fd ./Drivers/STM32G4xx_HAL_Driver/Src/stm32g4xx_hal_rcc_ex.o
 .debug_macro   0x0000000000020ee7      0x1fe ./Drivers/STM32G4xx_HAL_Driver/Src/stm32g4xx_hal_uart.o
 .debug_macro   0x00000000000210e5      0x1df ./Drivers/STM32G4xx_HAL_Driver/Src/stm32g4xx_hal_uart_ex.o

.debug_line     0x0000000000000000    0x154b2
 .debug_line    0x0000000000000000      0xab8 ./Core/Src/Block.o
 .debug_line    0x0000000000000ab8      0xa3d ./Core/Src/Coin.o
 .debug_line    0x00000000000014f5      0x864 ./Core/Src/Map.o
 .debug_line    0x0000000000001d59      0x9ed ./Core/Src/Mob.o
 .debug_line    0x0000000000002746      0x8f2 ./Core/Src/Player.o
 .debug_line    0x0000000000003038      0xa0c ./Core/Src/Spike.o
 .debug_line    0x0000000000003a44      0x6fc ./Core/Src/gpio.o
 .debug_line    0x0000000000004140      0x77c ./Core/Src/i2c.o
 .debug_line    0x00000000000048bc      0xd4b ./Core/Src/main.o
 .debug_line    0x0000000000005607      0xe1f ./Core/Src/ssd1306.o
 .debug_line    0x0000000000006426      0x6da ./Core/Src/stm32g4xx_hal_msp.o
 .debug_line    0x0000000000006b00      0x79d ./Core/Src/stm32g4xx_it.o
 .debug_line    0x000000000000729d      0x744 ./Core/Src/system_stm32g4xx.o
 .debug_line    0x00000000000079e1      0x779 ./Core/Src/usart.o
 .debug_line    0x000000000000815a       0x89 ./Core/Startup/startup_stm32g431kbtx.o
 .debug_line    0x00000000000081e3      0xabb ./Drivers/STM32G4xx_HAL_Driver/Src/stm32g4xx_hal.o
 .debug_line    0x0000000000008c9e      0xc6e ./Drivers/STM32G4xx_HAL_Driver/Src/stm32g4xx_hal_cortex.o
 .debug_line    0x000000000000990c      0xafe ./Drivers/STM32G4xx_HAL_Driver/Src/stm32g4xx_hal_gpio.o
 .debug_line    0x000000000000a40a     0x3362 ./Drivers/STM32G4xx_HAL_Driver/Src/stm32g4xx_hal_i2c.o
 .debug_line    0x000000000000d76c      0x8f8 ./Drivers/STM32G4xx_HAL_Driver/Src/stm32g4xx_hal_i2c_ex.o
 .debug_line    0x000000000000e064      0xc72 ./Drivers/STM32G4xx_HAL_Driver/Src/stm32g4xx_hal_pwr_ex.o
 .debug_line    0x000000000000ecd6      0xed1 ./Drivers/STM32G4xx_HAL_Driver/Src/stm32g4xx_hal_rcc.o
 .debug_line    0x000000000000fba7     0x1094 ./Drivers/STM32G4xx_HAL_Driver/Src/stm32g4xx_hal_rcc_ex.o
 .debug_line    0x0000000000010c3b     0x3b11 ./Drivers/STM32G4xx_HAL_Driver/Src/stm32g4xx_hal_uart.o
 .debug_line    0x000000000001474c      0xd66 ./Drivers/STM32G4xx_HAL_Driver/Src/stm32g4xx_hal_uart_ex.o

.debug_str      0x0000000000000000    0xbb807
 .debug_str     0x0000000000000000    0xb1e02 ./Core/Src/Block.o
                                      0xb2113 (size before relaxing)
 .debug_str     0x00000000000b1e02      0x115 ./Core/Src/Coin.o
                                      0xb20ba (size before relaxing)
 .debug_str     0x00000000000b1f17       0xa9 ./Core/Src/Map.o
                                      0xb1fbf (size before relaxing)
 .debug_str     0x00000000000b1fc0      0x12f ./Core/Src/Mob.o
                                      0xb20c8 (size before relaxing)
 .debug_str     0x00000000000b20ef      0x135 ./Core/Src/Player.o
                                      0xb20ab (size before relaxing)
 .debug_str     0x00000000000b2224      0x115 ./Core/Src/Spike.o
                                      0xb20a6 (size before relaxing)
 .debug_str     0x00000000000b2339      0x5ad ./Core/Src/gpio.o
                                      0xb17a5 (size before relaxing)
 .debug_str     0x00000000000b28e6      0x734 ./Core/Src/i2c.o
                                      0xb1f49 (size before relaxing)
 .debug_str     0x00000000000b301a     0x3f97 ./Core/Src/main.o
                                      0xb656c (size before relaxing)
 .debug_str     0x00000000000b6fb1      0xd03 ./Core/Src/ssd1306.o
                                      0xb56d2 (size before relaxing)
 .debug_str     0x00000000000b7cb4       0x2c ./Core/Src/stm32g4xx_hal_msp.o
                                      0xb16da (size before relaxing)
 .debug_str     0x00000000000b7ce0       0xc9 ./Core/Src/stm32g4xx_it.o
                                      0xb160a (size before relaxing)
 .debug_str     0x00000000000b7da9       0xdb ./Core/Src/system_stm32g4xx.o
                                      0xb1600 (size before relaxing)
 .debug_str     0x00000000000b7e84      0x2c3 ./Core/Src/usart.o
                                      0xb1f1d (size before relaxing)
 .debug_str     0x00000000000b8147       0x36 ./Core/Startup/startup_stm32g431kbtx.o
                                         0x84 (size before relaxing)
 .debug_str     0x00000000000b817d      0xa1b ./Drivers/STM32G4xx_HAL_Driver/Src/stm32g4xx_hal.o
                                      0xb2118 (size before relaxing)
 .debug_str     0x00000000000b8b98      0x331 ./Drivers/STM32G4xx_HAL_Driver/Src/stm32g4xx_hal_cortex.o
                                      0xb1dc3 (size before relaxing)
 .debug_str     0x00000000000b8ec9      0x109 ./Drivers/STM32G4xx_HAL_Driver/Src/stm32g4xx_hal_gpio.o
                                      0xb178b (size before relaxing)
 .debug_str     0x00000000000b8fd2      0xdad ./Drivers/STM32G4xx_HAL_Driver/Src/stm32g4xx_hal_i2c.o
                                      0xb28ce (size before relaxing)
 .debug_str     0x00000000000b9d7f       0xb8 ./Drivers/STM32G4xx_HAL_Driver/Src/stm32g4xx_hal_i2c_ex.o
                                      0xb1c33 (size before relaxing)
 .debug_str     0x00000000000b9e37      0x4c6 ./Drivers/STM32G4xx_HAL_Driver/Src/stm32g4xx_hal_pwr_ex.o
                                      0xb1aee (size before relaxing)
 .debug_str     0x00000000000ba2fd      0x4d5 ./Drivers/STM32G4xx_HAL_Driver/Src/stm32g4xx_hal_rcc.o
                                      0xb1cf9 (size before relaxing)
 .debug_str     0x00000000000ba7d2      0x402 ./Drivers/STM32G4xx_HAL_Driver/Src/stm32g4xx_hal_rcc_ex.o
                                      0xb1cfa (size before relaxing)
 .debug_str     0x00000000000babd4      0x9e2 ./Drivers/STM32G4xx_HAL_Driver/Src/stm32g4xx_hal_uart.o
                                      0xb2593 (size before relaxing)
 .debug_str     0x00000000000bb5b6      0x251 ./Drivers/STM32G4xx_HAL_Driver/Src/stm32g4xx_hal_uart_ex.o
                                      0xb1d77 (size before relaxing)

.comment        0x0000000000000000       0x50
 .comment       0x0000000000000000       0x50 ./Core/Src/Block.o
                                         0x51 (size before relaxing)
 .comment       0x0000000000000050       0x51 ./Core/Src/Coin.o
 .comment       0x0000000000000050       0x51 ./Core/Src/Map.o
 .comment       0x0000000000000050       0x51 ./Core/Src/Mob.o
 .comment       0x0000000000000050       0x51 ./Core/Src/Player.o
 .comment       0x0000000000000050       0x51 ./Core/Src/Spike.o
 .comment       0x0000000000000050       0x51 ./Core/Src/gpio.o
 .comment       0x0000000000000050       0x51 ./Core/Src/i2c.o
 .comment       0x0000000000000050       0x51 ./Core/Src/main.o
 .comment       0x0000000000000050       0x51 ./Core/Src/ssd1306.o
 .comment       0x0000000000000050       0x51 ./Core/Src/stm32g4xx_hal_msp.o
 .comment       0x0000000000000050       0x51 ./Core/Src/stm32g4xx_it.o
 .comment       0x0000000000000050       0x51 ./Core/Src/system_stm32g4xx.o
 .comment       0x0000000000000050       0x51 ./Core/Src/usart.o
 .comment       0x0000000000000050       0x51 ./Drivers/STM32G4xx_HAL_Driver/Src/stm32g4xx_hal.o
 .comment       0x0000000000000050       0x51 ./Drivers/STM32G4xx_HAL_Driver/Src/stm32g4xx_hal_cortex.o
 .comment       0x0000000000000050       0x51 ./Drivers/STM32G4xx_HAL_Driver/Src/stm32g4xx_hal_gpio.o
 .comment       0x0000000000000050       0x51 ./Drivers/STM32G4xx_HAL_Driver/Src/stm32g4xx_hal_i2c.o
 .comment       0x0000000000000050       0x51 ./Drivers/STM32G4xx_HAL_Driver/Src/stm32g4xx_hal_i2c_ex.o
 .comment       0x0000000000000050       0x51 ./Drivers/STM32G4xx_HAL_Driver/Src/stm32g4xx_hal_pwr_ex.o
 .comment       0x0000000000000050       0x51 ./Drivers/STM32G4xx_HAL_Driver/Src/stm32g4xx_hal_rcc.o
 .comment       0x0000000000000050       0x51 ./Drivers/STM32G4xx_HAL_Driver/Src/stm32g4xx_hal_rcc_ex.o
 .comment       0x0000000000000050       0x51 ./Drivers/STM32G4xx_HAL_Driver/Src/stm32g4xx_hal_uart.o
 .comment       0x0000000000000050       0x51 ./Drivers/STM32G4xx_HAL_Driver/Src/stm32g4xx_hal_uart_ex.o

.debug_frame    0x0000000000000000     0x3f60
 .debug_frame   0x0000000000000000      0x144 ./Core/Src/Block.o
 .debug_frame   0x0000000000000144      0x120 ./Core/Src/Coin.o
 .debug_frame   0x0000000000000264       0xac ./Core/Src/Map.o
 .debug_frame   0x0000000000000310      0x144 ./Core/Src/Mob.o
 .debug_frame   0x0000000000000454      0x120 ./Core/Src/Player.o
 .debug_frame   0x0000000000000574      0x120 ./Core/Src/Spike.o
 .debug_frame   0x0000000000000694       0x34 ./Core/Src/gpio.o
 .debug_frame   0x00000000000006c8       0x74 ./Core/Src/i2c.o
 .debug_frame   0x000000000000073c      0x1d8 ./Core/Src/main.o
 .debug_frame   0x0000000000000914      0x344 ./Core/Src/ssd1306.o
 .debug_frame   0x0000000000000c58       0x38 ./Core/Src/stm32g4xx_hal_msp.o
 .debug_frame   0x0000000000000c90      0x104 ./Core/Src/stm32g4xx_it.o
 .debug_frame   0x0000000000000d94       0x58 ./Core/Src/system_stm32g4xx.o
 .debug_frame   0x0000000000000dec       0x74 ./Core/Src/usart.o
 .debug_frame   0x0000000000000e60      0x4a0 ./Drivers/STM32G4xx_HAL_Driver/Src/stm32g4xx_hal.o
 .debug_frame   0x0000000000001300      0x498 ./Drivers/STM32G4xx_HAL_Driver/Src/stm32g4xx_hal_cortex.o
 .debug_frame   0x0000000000001798      0x14c ./Drivers/STM32G4xx_HAL_Driver/Src/stm32g4xx_hal_gpio.o
 .debug_frame   0x00000000000018e4      0xbe8 ./Drivers/STM32G4xx_HAL_Driver/Src/stm32g4xx_hal_i2c.o
 .debug_frame   0x00000000000024cc      0x100 ./Drivers/STM32G4xx_HAL_Driver/Src/stm32g4xx_hal_i2c_ex.o
 .debug_frame   0x00000000000025cc      0x4fc ./Drivers/STM32G4xx_HAL_Driver/Src/stm32g4xx_hal_pwr_ex.o
 .debug_frame   0x0000000000002ac8      0x23c ./Drivers/STM32G4xx_HAL_Driver/Src/stm32g4xx_hal_rcc.o
 .debug_frame   0x0000000000002d04      0x2ac ./Drivers/STM32G4xx_HAL_Driver/Src/stm32g4xx_hal_rcc_ex.o
 .debug_frame   0x0000000000002fb0      0xa94 ./Drivers/STM32G4xx_HAL_Driver/Src/stm32g4xx_hal_uart.o
 .debug_frame   0x0000000000003a44      0x29c ./Drivers/STM32G4xx_HAL_Driver/Src/stm32g4xx_hal_uart_ex.o
 .debug_frame   0x0000000000003ce0       0x20 c:/st/stm32cubeide_1.9.0/stm32cubeide/plugins/com.st.stm32cube.ide.mcu.externaltools.gnu-tools-for-stm32.10.3-2021.10.win32_1.0.100.202210260954/tools/bin/../lib/gcc/arm-none-eabi/10.3.1/../../../../arm-none-eabi/lib/thumb/v7e-m+fp/hard\libstdc++_nano.a(del_ops.o)
 .debug_frame   0x0000000000003d00       0x20 c:/st/stm32cubeide_1.9.0/stm32cubeide/plugins/com.st.stm32cube.ide.mcu.externaltools.gnu-tools-for-stm32.10.3-2021.10.win32_1.0.100.202210260954/tools/bin/../lib/gcc/arm-none-eabi/10.3.1/../../../../arm-none-eabi/lib/thumb/v7e-m+fp/hard\libstdc++_nano.a(del_op.o)
 .debug_frame   0x0000000000003d20       0x2c c:/st/stm32cubeide_1.9.0/stm32cubeide/plugins/com.st.stm32cube.ide.mcu.externaltools.gnu-tools-for-stm32.10.3-2021.10.win32_1.0.100.202210260954/tools/bin/../lib/gcc/arm-none-eabi/10.3.1/../../../../arm-none-eabi/lib/thumb/v7e-m+fp/hard\libc_nano.a(lib_a-init.o)
 .debug_frame   0x0000000000003d4c       0x30 c:/st/stm32cubeide_1.9.0/stm32cubeide/plugins/com.st.stm32cube.ide.mcu.externaltools.gnu-tools-for-stm32.10.3-2021.10.win32_1.0.100.202210260954/tools/bin/../lib/gcc/arm-none-eabi/10.3.1/../../../../arm-none-eabi/lib/thumb/v7e-m+fp/hard\libc_nano.a(lib_a-malloc.o)
 .debug_frame   0x0000000000003d7c       0x20 c:/st/stm32cubeide_1.9.0/stm32cubeide/plugins/com.st.stm32cube.ide.mcu.externaltools.gnu-tools-for-stm32.10.3-2021.10.win32_1.0.100.202210260954/tools/bin/../lib/gcc/arm-none-eabi/10.3.1/../../../../arm-none-eabi/lib/thumb/v7e-m+fp/hard\libc_nano.a(lib_a-memset.o)
 .debug_frame   0x0000000000003d9c       0x38 c:/st/stm32cubeide_1.9.0/stm32cubeide/plugins/com.st.stm32cube.ide.mcu.externaltools.gnu-tools-for-stm32.10.3-2021.10.win32_1.0.100.202210260954/tools/bin/../lib/gcc/arm-none-eabi/10.3.1/../../../../arm-none-eabi/lib/thumb/v7e-m+fp/hard\libc_nano.a(lib_a-nano-freer.o)
 .debug_frame   0x0000000000003dd4       0x4c c:/st/stm32cubeide_1.9.0/stm32cubeide/plugins/com.st.stm32cube.ide.mcu.externaltools.gnu-tools-for-stm32.10.3-2021.10.win32_1.0.100.202210260954/tools/bin/../lib/gcc/arm-none-eabi/10.3.1/../../../../arm-none-eabi/lib/thumb/v7e-m+fp/hard\libc_nano.a(lib_a-nano-mallocr.o)
 .debug_frame   0x0000000000003e20       0x30 c:/st/stm32cubeide_1.9.0/stm32cubeide/plugins/com.st.stm32cube.ide.mcu.externaltools.gnu-tools-for-stm32.10.3-2021.10.win32_1.0.100.202210260954/tools/bin/../lib/gcc/arm-none-eabi/10.3.1/../../../../arm-none-eabi/lib/thumb/v7e-m+fp/hard\libc_nano.a(lib_a-mlock.o)
 .debug_frame   0x0000000000003e50       0xb0 c:/st/stm32cubeide_1.9.0/stm32cubeide/plugins/com.st.stm32cube.ide.mcu.externaltools.gnu-tools-for-stm32.10.3-2021.10.win32_1.0.100.202210260954/tools/bin/../lib/gcc/arm-none-eabi/10.3.1/../../../../arm-none-eabi/lib/thumb/v7e-m+fp/hard\libc_nano.a(lib_a-lock.o)
 .debug_frame   0x0000000000003f00       0x2c c:/st/stm32cubeide_1.9.0/stm32cubeide/plugins/com.st.stm32cube.ide.mcu.externaltools.gnu-tools-for-stm32.10.3-2021.10.win32_1.0.100.202210260954/tools/bin/../lib/gcc/arm-none-eabi/10.3.1/thumb/v7e-m+fp/hard\libgcc.a(_aeabi_uldivmod.o)
 .debug_frame   0x0000000000003f2c       0x34 c:/st/stm32cubeide_1.9.0/stm32cubeide/plugins/com.st.stm32cube.ide.mcu.externaltools.gnu-tools-for-stm32.10.3-2021.10.win32_1.0.100.202210260954/tools/bin/../lib/gcc/arm-none-eabi/10.3.1/thumb/v7e-m+fp/hard\libgcc.a(_udivmoddi4.o)
