../Core/Src/main.cpp:93:6:void change_map(int&, int&, int&, int&, int&, int&, Coin)	24	static
../Core/Src/main.cpp:166:7:void Jump(Player&, int&, int&)	24	static
../Core/Src/main.cpp:183:7:void Gravitation(Player&, int, int&)	24	static
../Core/Src/main.cpp:199:7:void Check_buttons(Player&, int)	16	static
../Core/Src/main.cpp:217:7:void Display_Over_Screen()	16	static
../Core/Inc/Coin.h:16:7:constexpr Coin::Coin(const Coin&)	16	static
../Core/Src/main.cpp:225:7:void Game(Player, int&, int&)	104	static
../Core/Inc/Player.h:14:7:constexpr Player::Player(const Player&)	16	static
../Core/Src/main.cpp:292:5:int main()	56	static
../Core/Src/main.cpp:365:6:void SystemClock_Config()	88	static
../Core/Src/main.cpp:415:6:void Error_Handler()	4	static,ignoring_inline_asm
../Core/Src/main.cpp:424:1:void __static_initialization_and_destruction_0(int, int)	48	static
../Core/Src/main.cpp:424:1:cpp)	8	static
../Core/Src/main.cpp:424:1:cpp)	8	static
